Component: ARM Compiler 5.06 update 7 (build 960) Tool: armlink [4d3601]

==============================================================================

Section Cross References

    startup_stm32f103xe.o(RESET) refers to startup_stm32f103xe.o(STACK) for __initial_sp
    startup_stm32f103xe.o(RESET) refers to startup_stm32f103xe.o(.text) for Reset_Handler
    startup_stm32f103xe.o(RESET) refers to stm32f1xx_it.o(i.NMI_Handler) for NMI_Handler
    startup_stm32f103xe.o(RESET) refers to stm32f1xx_it.o(i.HardFault_Handler) for HardFault_Handler
    startup_stm32f103xe.o(RESET) refers to stm32f1xx_it.o(i.MemManage_Handler) for MemManage_Handler
    startup_stm32f103xe.o(RESET) refers to stm32f1xx_it.o(i.BusFault_Handler) for BusFault_Handler
    startup_stm32f103xe.o(RESET) refers to stm32f1xx_it.o(i.UsageFault_Handler) for UsageFault_Handler
    startup_stm32f103xe.o(RESET) refers to stm32f1xx_it.o(i.SVC_Handler) for SVC_Handler
    startup_stm32f103xe.o(RESET) refers to stm32f1xx_it.o(i.DebugMon_Handler) for DebugMon_Handler
    startup_stm32f103xe.o(RESET) refers to stm32f1xx_it.o(i.PendSV_Handler) for PendSV_Handler
    startup_stm32f103xe.o(RESET) refers to stm32f1xx_it.o(i.SysTick_Handler) for SysTick_Handler
    startup_stm32f103xe.o(RESET) refers to stm32f1xx_it.o(i.USART1_IRQHandler) for USART1_IRQHandler
    startup_stm32f103xe.o(RESET) refers to stm32f1xx_it.o(i.USART2_IRQHandler) for USART2_IRQHandler
    startup_stm32f103xe.o(RESET) refers to stm32f1xx_it.o(i.USART3_IRQHandler) for USART3_IRQHandler
    startup_stm32f103xe.o(RESET) refers to stm32f1xx_it.o(i.UART4_IRQHandler) for UART4_IRQHandler
    startup_stm32f103xe.o(RESET) refers to stm32f1xx_it.o(i.TIM7_IRQHandler) for TIM7_IRQHandler
    startup_stm32f103xe.o(.text) refers to system_stm32f1xx.o(i.SystemInit) for SystemInit
    startup_stm32f103xe.o(.text) refers to entry.o(.ARM.Collect$$$$00000000) for __main
    main.o(i.SystemClock_Config) refers to memseta.o(.text) for __aeabi_memclr4
    main.o(i.SystemClock_Config) refers to stm32f1xx_hal_rcc.o(i.HAL_RCC_OscConfig) for HAL_RCC_OscConfig
    main.o(i.SystemClock_Config) refers to main.o(i.Error_Handler) for Error_Handler
    main.o(i.SystemClock_Config) refers to stm32f1xx_hal_rcc.o(i.HAL_RCC_ClockConfig) for HAL_RCC_ClockConfig
    main.o(i.jiguangbi) refers to stm32f1xx_hal_gpio.o(i.HAL_GPIO_TogglePin) for HAL_GPIO_TogglePin
    main.o(i.jiguangbi) refers to stm32f1xx_hal.o(i.HAL_Delay) for HAL_Delay
    main.o(i.main) refers to stm32f1xx_hal.o(i.HAL_Init) for HAL_Init
    main.o(i.main) refers to main.o(i.SystemClock_Config) for SystemClock_Config
    main.o(i.main) refers to gpio.o(i.MX_GPIO_Init) for MX_GPIO_Init
    main.o(i.main) refers to usart.o(i.MX_USART1_UART_Init) for MX_USART1_UART_Init
    main.o(i.main) refers to tim.o(i.MX_TIM7_Init) for MX_TIM7_Init
    main.o(i.main) refers to usart.o(i.MX_USART2_UART_Init) for MX_USART2_UART_Init
    main.o(i.main) refers to usart.o(i.MX_USART3_UART_Init) for MX_USART3_UART_Init
    main.o(i.main) refers to usart.o(i.MX_UART4_Init) for MX_UART4_Init
    main.o(i.main) refers to stm32f1xx_hal_tim.o(i.HAL_TIM_Base_Start_IT) for HAL_TIM_Base_Start_IT
    main.o(i.main) refers to stm32f1xx_hal_uart.o(i.HAL_UART_Receive_IT) for HAL_UART_Receive_IT
    main.o(i.main) refers to bsp_delay.o(i.delay_init) for delay_init
    main.o(i.main) refers to printf1.o(i.__0sprintf$1) for __2sprintf
    main.o(i.main) refers to shijue.o(i.FeiKongTransmitData) for FeiKongTransmitData
    main.o(i.main) refers to shijue.o(i.LanYaTransmitData) for LanYaTransmitData
    main.o(i.main) refers to tim.o(.bss) for htim7
    main.o(i.main) refers to stm32f1xx_it.o(.data) for uart1_rxbuff
    main.o(i.main) refers to usart.o(.bss) for huart1
    main.o(i.main) refers to shijue.o(.data) for Pos_x
    main.o(i.main) refers to main.o(.bss) for str_buff1
    gpio.o(i.MX_GPIO_Init) refers to stm32f1xx_hal_gpio.o(i.HAL_GPIO_WritePin) for HAL_GPIO_WritePin
    gpio.o(i.MX_GPIO_Init) refers to stm32f1xx_hal_gpio.o(i.HAL_GPIO_Init) for HAL_GPIO_Init
    tim.o(i.HAL_TIM_Base_MspDeInit) refers to stm32f1xx_hal_cortex.o(i.HAL_NVIC_DisableIRQ) for HAL_NVIC_DisableIRQ
    tim.o(i.HAL_TIM_Base_MspInit) refers to stm32f1xx_hal_cortex.o(i.HAL_NVIC_SetPriority) for HAL_NVIC_SetPriority
    tim.o(i.HAL_TIM_Base_MspInit) refers to stm32f1xx_hal_cortex.o(i.HAL_NVIC_EnableIRQ) for HAL_NVIC_EnableIRQ
    tim.o(i.MX_TIM7_Init) refers to stm32f1xx_hal_tim.o(i.HAL_TIM_Base_Init) for HAL_TIM_Base_Init
    tim.o(i.MX_TIM7_Init) refers to main.o(i.Error_Handler) for Error_Handler
    tim.o(i.MX_TIM7_Init) refers to stm32f1xx_hal_tim_ex.o(i.HAL_TIMEx_MasterConfigSynchronization) for HAL_TIMEx_MasterConfigSynchronization
    tim.o(i.MX_TIM7_Init) refers to tim.o(.bss) for htim7
    usart.o(i.HAL_UART_MspDeInit) refers to stm32f1xx_hal_gpio.o(i.HAL_GPIO_DeInit) for HAL_GPIO_DeInit
    usart.o(i.HAL_UART_MspDeInit) refers to stm32f1xx_hal_cortex.o(i.HAL_NVIC_DisableIRQ) for HAL_NVIC_DisableIRQ
[...]
    Removing stm32f1xx_hal_tim.o(i.HAL_TIM_OnePulse_DeInit), (96 bytes).
    Removing stm32f1xx_hal_tim.o(i.HAL_TIM_OnePulse_GetState), (8 bytes).
    Removing stm32f1xx_hal_tim.o(i.HAL_TIM_OnePulse_Init), (102 bytes).
    Removing stm32f1xx_hal_tim.o(i.HAL_TIM_OnePulse_MspDeInit), (2 bytes).
    Removing stm32f1xx_hal_tim.o(i.HAL_TIM_OnePulse_MspInit), (2 bytes).
    Removing stm32f1xx_hal_tim.o(i.HAL_TIM_OnePulse_Start), (140 bytes).
    Removing stm32f1xx_hal_tim.o(i.HAL_TIM_OnePulse_Start_IT), (164 bytes).
    Removing stm32f1xx_hal_tim.o(i.HAL_TIM_OnePulse_Stop), (160 bytes).
    Removing stm32f1xx_hal_tim.o(i.HAL_TIM_OnePulse_Stop_IT), (184 bytes).
    Removing stm32f1xx_hal_tim.o(i.HAL_TIM_PWM_ConfigChannel), (260 bytes).
    Removing stm32f1xx_hal_tim.o(i.HAL_TIM_PWM_DeInit), (120 bytes).
    Removing stm32f1xx_hal_tim.o(i.HAL_TIM_PWM_GetState), (8 bytes).
    Removing stm32f1xx_hal_tim.o(i.HAL_TIM_PWM_Init), (102 bytes).
    Removing stm32f1xx_hal_tim.o(i.HAL_TIM_PWM_MspDeInit), (2 bytes).
    Removing stm32f1xx_hal_tim.o(i.HAL_TIM_PWM_MspInit), (2 bytes).
    Removing stm32f1xx_hal_tim.o(i.HAL_TIM_PWM_PulseFinishedHalfCpltCallback), (2 bytes).
    Removing stm32f1xx_hal_tim.o(i.HAL_TIM_PWM_Start), (244 bytes).
    Removing stm32f1xx_hal_tim.o(i.HAL_TIM_PWM_Start_DMA), (564 bytes).
    Removing stm32f1xx_hal_tim.o(i.HAL_TIM_PWM_Start_IT), (324 bytes).
    Removing stm32f1xx_hal_tim.o(i.HAL_TIM_PWM_Stop), (168 bytes).
    Removing stm32f1xx_hal_tim.o(i.HAL_TIM_PWM_Stop_DMA), (276 bytes).
    Removing stm32f1xx_hal_tim.o(i.HAL_TIM_PWM_Stop_IT), (252 bytes).
    Removing stm32f1xx_hal_tim.o(i.HAL_TIM_PeriodElapsedCallback), (2 bytes).
    Removing stm32f1xx_hal_tim.o(i.HAL_TIM_PeriodElapsedHalfCpltCallback), (2 bytes).
    Removing stm32f1xx_hal_tim.o(i.HAL_TIM_ReadCapturedValue), (50 bytes).
    Removing stm32f1xx_hal_tim.o(i.HAL_TIM_SlaveConfigSynchro), (108 bytes).
    Removing stm32f1xx_hal_tim.o(i.HAL_TIM_SlaveConfigSynchro_IT), (108 bytes).
    Removing stm32f1xx_hal_tim.o(i.HAL_TIM_TriggerHalfCpltCallback), (2 bytes).
    Removing stm32f1xx_hal_tim.o(i.TIM_CCxChannelCmd), (34 bytes).
    Removing stm32f1xx_hal_tim.o(i.TIM_DMACaptureCplt), (122 bytes).
    Removing stm32f1xx_hal_tim.o(i.TIM_DMACaptureHalfCplt), (64 bytes).
    Removing stm32f1xx_hal_tim.o(i.TIM_DMADelayPulseCplt), (104 bytes).
    Removing stm32f1xx_hal_tim.o(i.TIM_DMADelayPulseHalfCplt), (64 bytes).
    Removing stm32f1xx_hal_tim.o(i.TIM_DMAError), (94 bytes).
    Removing stm32f1xx_hal_tim.o(i.TIM_DMAPeriodElapsedCplt), (26 bytes).
    Removing stm32f1xx_hal_tim.o(i.TIM_DMAPeriodElapsedHalfCplt), (14 bytes).
    Removing stm32f1xx_hal_tim.o(i.TIM_DMATriggerCplt), (26 bytes).
    Removing stm32f1xx_hal_tim.o(i.TIM_DMATriggerHalfCplt), (14 bytes).
    Removing stm32f1xx_hal_tim.o(i.TIM_ETR_SetConfig), (22 bytes).
    Removing stm32f1xx_hal_tim.o(i.TIM_ITRx_SetConfig), (18 bytes).
    Removing stm32f1xx_hal_tim.o(i.TIM_OC1_SetConfig), (112 bytes).
    Removing stm32f1xx_hal_tim.o(i.TIM_OC2_SetConfig), (124 bytes).
    Removing stm32f1xx_hal_tim.o(i.TIM_OC3_SetConfig), (120 bytes).
    Removing stm32f1xx_hal_tim.o(i.TIM_OC4_SetConfig), (84 bytes).
    Removing stm32f1xx_hal_tim.o(i.TIM_SlaveTimer_SetConfig), (178 bytes).
    Removing stm32f1xx_hal_tim.o(i.TIM_TI1_ConfigInputStage), (38 bytes).
    Removing stm32f1xx_hal_tim.o(i.TIM_TI1_SetConfig), (124 bytes).
    Removing stm32f1xx_hal_tim.o(i.TIM_TI2_ConfigInputStage), (40 bytes).
    Removing stm32f1xx_hal_tim.o(i.TIM_TI2_SetConfig), (58 bytes).
    Removing stm32f1xx_hal_tim.o(i.TIM_TI3_SetConfig), (56 bytes).
    Removing stm32f1xx_hal_tim.o(i.TIM_TI4_SetConfig), (60 bytes).
    Removing stm32f1xx_hal_tim_ex.o(.rev16_text), (4 bytes).
    Removing stm32f1xx_hal_tim_ex.o(.revsh_text), (4 bytes).
    Removing stm32f1xx_hal_tim_ex.o(.rrx_text), (6 bytes).
    Removing stm32f1xx_hal_tim_ex.o(i.HAL_TIMEx_CommutHalfCpltCallback), (2 bytes).
    Removing stm32f1xx_hal_tim_ex.o(i.HAL_TIMEx_ConfigBreakDeadTime), (116 bytes).
    Removing stm32f1xx_hal_tim_ex.o(i.HAL_TIMEx_ConfigCommutEvent), (134 bytes).
    Removing stm32f1xx_hal_tim_ex.o(i.HAL_TIMEx_ConfigCommutEvent_DMA), (164 bytes).
    Removing stm32f1xx_hal_tim_ex.o(i.HAL_TIMEx_ConfigCommutEvent_IT), (134 bytes).
    Removing stm32f1xx_hal_tim_ex.o(i.HAL_TIMEx_GetChannelNState), (38 bytes).
    Removing stm32f1xx_hal_tim_ex.o(i.HAL_TIMEx_HallSensor_DeInit), (96 bytes).
    Removing stm32f1xx_hal_tim_ex.o(i.HAL_TIMEx_HallSensor_GetState), (8 bytes).
    Removing stm32f1xx_hal_tim_ex.o(i.HAL_TIMEx_HallSensor_Init), (234 bytes).
    Removing stm32f1xx_hal_tim_ex.o(i.HAL_TIMEx_HallSensor_MspDeInit), (2 bytes).
    Removing stm32f1xx_hal_tim_ex.o(i.HAL_TIMEx_HallSensor_MspInit), (2 bytes).
    Removing stm32f1xx_hal_tim_ex.o(i.HAL_TIMEx_HallSensor_Start), (192 bytes).
    Removing stm32f1xx_hal_tim_ex.o(i.HAL_TIMEx_HallSensor_Start_DMA), (256 bytes).
    Removing stm32f1xx_hal_tim_ex.o(i.HAL_TIMEx_HallSensor_Start_IT), (204 bytes).
    Removing stm32f1xx_hal_tim_ex.o(i.HAL_TIMEx_HallSensor_Stop), (78 bytes).
    Removing stm32f1xx_hal_tim_ex.o(i.HAL_TIMEx_HallSensor_Stop_DMA), (84 bytes).
    Removing stm32f1xx_hal_tim_ex.o(i.HAL_TIMEx_HallSensor_Stop_IT), (90 bytes).
    Removing stm32f1xx_hal_tim_ex.o(i.HAL_TIMEx_OCN_Start), (220 bytes).
    Removing stm32f1xx_hal_tim_ex.o(i.HAL_TIMEx_OCN_Start_DMA), (480 bytes).
    Removing stm32f1xx_hal_tim_ex.o(i.HAL_TIMEx_OCN_Start_IT), (300 bytes).
    Removing stm32f1xx_hal_tim_ex.o(i.HAL_TIMEx_OCN_Stop), (136 bytes).
    Removing stm32f1xx_hal_tim_ex.o(i.HAL_TIMEx_OCN_Stop_DMA), (220 bytes).
    Removing stm32f1xx_hal_tim_ex.o(i.HAL_TIMEx_OCN_Stop_IT), (230 bytes).
    Removing stm32f1xx_hal_tim_ex.o(i.HAL_TIMEx_OnePulseN_Start), (118 bytes).
    Removing stm32f1xx_hal_tim_ex.o(i.HAL_TIMEx_OnePulseN_Start_IT), (142 bytes).
    Removing stm32f1xx_hal_tim_ex.o(i.HAL_TIMEx_OnePulseN_Stop), (138 bytes).
    Removing stm32f1xx_hal_tim_ex.o(i.HAL_TIMEx_OnePulseN_Stop_IT), (162 bytes).
    Removing stm32f1xx_hal_tim_ex.o(i.HAL_TIMEx_PWMN_Start), (220 bytes).
    Removing stm32f1xx_hal_tim_ex.o(i.HAL_TIMEx_PWMN_Start_DMA), (480 bytes).
    Removing stm32f1xx_hal_tim_ex.o(i.HAL_TIMEx_PWMN_Start_IT), (300 bytes).
    Removing stm32f1xx_hal_tim_ex.o(i.HAL_TIMEx_PWMN_Stop), (136 bytes).
    Removing stm32f1xx_hal_tim_ex.o(i.HAL_TIMEx_PWMN_Stop_DMA), (220 bytes).
    Removing stm32f1xx_hal_tim_ex.o(i.HAL_TIMEx_PWMN_Stop_IT), (230 bytes).
    Removing stm32f1xx_hal_tim_ex.o(i.HAL_TIMEx_RemapConfig), (6 bytes).
    Removing stm32f1xx_hal_tim_ex.o(i.TIMEx_DMACommutationCplt), (20 bytes).
    Removing stm32f1xx_hal_tim_ex.o(i.TIMEx_DMACommutationHalfCplt), (20 bytes).
    Removing stm32f1xx_hal_tim_ex.o(i.TIM_CCxNChannelCmd), (34 bytes).
    Removing stm32f1xx_hal_tim_ex.o(i.TIM_DMADelayPulseNCplt), (104 bytes).
    Removing stm32f1xx_hal_tim_ex.o(i.TIM_DMAErrorCCxN), (68 bytes).
    Removing stm32f1xx_hal.o(.rev16_text), (4 bytes).
    Removing stm32f1xx_hal.o(.revsh_text), (4 bytes).
    Removing stm32f1xx_hal.o(.rrx_text), (6 bytes).
    Removing stm32f1xx_hal.o(i.HAL_DBGMCU_DisableDBGSleepMode), (20 bytes).
    Removing stm32f1xx_hal.o(i.HAL_DBGMCU_DisableDBGStandbyMode), (20 bytes).
    Removing stm32f1xx_hal.o(i.HAL_DBGMCU_DisableDBGStopMode), (20 bytes).
    Removing stm32f1xx_hal.o(i.HAL_DBGMCU_EnableDBGSleepMode), (20 bytes).
    Removing stm32f1xx_hal.o(i.HAL_DBGMCU_EnableDBGStandbyMode), (20 bytes).
    Removing stm32f1xx_hal.o(i.HAL_DBGMCU_EnableDBGStopMode), (20 bytes).
    Removing stm32f1xx_hal.o(i.HAL_DeInit), (36 bytes).
    Removing stm32f1xx_hal.o(i.HAL_Delay), (40 bytes).
    Removing stm32f1xx_hal.o(i.HAL_GetDEVID), (16 bytes).
    Removing stm32f1xx_hal.o(i.HAL_GetHalVersion), (8 bytes).
    Removing stm32f1xx_hal.o(i.HAL_GetREVID), (12 bytes).
    Removing stm32f1xx_hal.o(i.HAL_GetTickFreq), (12 bytes).
    Removing stm32f1xx_hal.o(i.HAL_GetTickPrio), (12 bytes).
    Removing stm32f1xx_hal.o(i.HAL_GetUIDw0), (12 bytes).
    Removing stm32f1xx_hal.o(i.HAL_GetUIDw1), (12 bytes).
    Removing stm32f1xx_hal.o(i.HAL_GetUIDw2), (12 bytes).
    Removing stm32f1xx_hal.o(i.HAL_MspDeInit), (2 bytes).
    Removing stm32f1xx_hal.o(i.HAL_MspInit), (2 bytes).
    Removing stm32f1xx_hal.o(i.HAL_ResumeTick), (18 bytes).
    Removing stm32f1xx_hal.o(i.HAL_SetTickFreq), (48 bytes).
    Removing stm32f1xx_hal.o(i.HAL_SuspendTick), (18 bytes).
    Removing stm32f1xx_hal_rcc.o(.rev16_text), (4 bytes).
    Removing stm32f1xx_hal_rcc.o(.revsh_text), (4 bytes).
    Removing stm32f1xx_hal_rcc.o(.rrx_text), (6 bytes).
    Removing stm32f1xx_hal_rcc.o(i.HAL_RCC_CSSCallback), (2 bytes).
    Removing stm32f1xx_hal_rcc.o(i.HAL_RCC_DeInit), (272 bytes).
    Removing stm32f1xx_hal_rcc.o(i.HAL_RCC_DisableCSS), (12 bytes).
    Removing stm32f1xx_hal_rcc.o(i.HAL_RCC_EnableCSS), (12 bytes).
    Removing stm32f1xx_hal_rcc.o(i.HAL_RCC_GetClockConfig), (68 bytes).
    Removing stm32f1xx_hal_rcc.o(i.HAL_RCC_GetOscConfig), (200 bytes).
    Removing stm32f1xx_hal_rcc.o(i.HAL_RCC_MCOConfig), (100 bytes).
    Removing stm32f1xx_hal_rcc.o(i.HAL_RCC_NMI_IRQHandler), (32 bytes).
    Removing stm32f1xx_hal_rcc_ex.o(.rev16_text), (4 bytes).
    Removing stm32f1xx_hal_rcc_ex.o(.revsh_text), (4 bytes).
    Removing stm32f1xx_hal_rcc_ex.o(.rrx_text), (6 bytes).
    Removing stm32f1xx_hal_rcc_ex.o(i.HAL_RCCEx_GetPeriphCLKConfig), (84 bytes).
    Removing stm32f1xx_hal_rcc_ex.o(i.HAL_RCCEx_GetPeriphCLKFreq), (280 bytes).
    Removing stm32f1xx_hal_rcc_ex.o(i.HAL_RCCEx_PeriphCLKConfig), (304 bytes).
    Removing stm32f1xx_hal_rcc_ex.o(.constdata), (18 bytes).
    Removing stm32f1xx_hal_gpio.o(.rev16_text), (4 bytes).
    Removing stm32f1xx_hal_gpio.o(.revsh_text), (4 bytes).
    Removing stm32f1xx_hal_gpio.o(.rrx_text), (6 bytes).
    Removing stm32f1xx_hal_gpio.o(i.HAL_GPIO_DeInit), (340 bytes).
    Removing stm32f1xx_hal_gpio.o(i.HAL_GPIO_EXTI_Callback), (2 bytes).
    Removing stm32f1xx_hal_gpio.o(i.HAL_GPIO_EXTI_IRQHandler), (28 bytes).
    Removing stm32f1xx_hal_gpio.o(i.HAL_GPIO_LockPin), (46 bytes).
    Removing stm32f1xx_hal_gpio.o(i.HAL_GPIO_ReadPin), (16 bytes).
    Removing stm32f1xx_hal_gpio.o(i.HAL_GPIO_TogglePin), (20 bytes).
    Removing stm32f1xx_hal_dma.o(.rev16_text), (4 bytes).
    Removing stm32f1xx_hal_dma.o(.revsh_text), (4 bytes).
    Removing stm32f1xx_hal_dma.o(.rrx_text), (6 bytes).
    Removing stm32f1xx_hal_dma.o(i.DMA_SetConfig), (44 bytes).
    Removing stm32f1xx_hal_dma.o(i.HAL_DMA_DeInit), (140 bytes).
    Removing stm32f1xx_hal_dma.o(i.HAL_DMA_GetError), (6 bytes).
    Removing stm32f1xx_hal_dma.o(i.HAL_DMA_GetState), (8 bytes).
    Removing stm32f1xx_hal_dma.o(i.HAL_DMA_IRQHandler), (920 bytes).
    Removing stm32f1xx_hal_dma.o(i.HAL_DMA_Init), (140 bytes).
    Removing stm32f1xx_hal_dma.o(i.HAL_DMA_PollForTransfer), (1620 bytes).
    Removing stm32f1xx_hal_dma.o(i.HAL_DMA_RegisterCallback), (90 bytes).
    Removing stm32f1xx_hal_dma.o(i.HAL_DMA_Start), (114 bytes).
    Removing stm32f1xx_hal_dma.o(i.HAL_DMA_Start_IT), (156 bytes).
    Removing stm32f1xx_hal_dma.o(i.HAL_DMA_UnRegisterCallback), (106 bytes).
    Removing stm32f1xx_hal_cortex.o(.rev16_text), (4 bytes).
    Removing stm32f1xx_hal_cortex.o(.revsh_text), (4 bytes).
    Removing stm32f1xx_hal_cortex.o(.rrx_text), (6 bytes).
    Removing stm32f1xx_hal_cortex.o(i.HAL_NVIC_ClearPendingIRQ), (36 bytes).
    Removing stm32f1xx_hal_cortex.o(i.HAL_NVIC_DisableIRQ), (68 bytes).
    Removing stm32f1xx_hal_cortex.o(i.HAL_NVIC_GetActive), (48 bytes).
    Removing stm32f1xx_hal_cortex.o(i.HAL_NVIC_GetPendingIRQ), (48 bytes).
    Removing stm32f1xx_hal_cortex.o(i.HAL_NVIC_GetPriority), (148 bytes).
    Removing stm32f1xx_hal_cortex.o(i.HAL_NVIC_GetPriorityGrouping), (8 bytes).
    Removing stm32f1xx_hal_cortex.o(i.HAL_NVIC_SetPendingIRQ), (36 bytes).
    Removing stm32f1xx_hal_cortex.o(i.HAL_NVIC_SystemReset), (68 bytes).
    Removing stm32f1xx_hal_cortex.o(i.HAL_SYSTICK_Callback), (2 bytes).
    Removing stm32f1xx_hal_cortex.o(i.HAL_SYSTICK_IRQHandler), (8 bytes).
    Removing stm32f1xx_hal_pwr.o(.rev16_text), (4 bytes).
    Removing stm32f1xx_hal_pwr.o(.revsh_text), (4 bytes).
    Removing stm32f1xx_hal_pwr.o(.rrx_text), (6 bytes).
    Removing stm32f1xx_hal_pwr.o(i.HAL_PWR_ConfigPVD), (180 bytes).
    Removing stm32f1xx_hal_pwr.o(i.HAL_PWR_DeInit), (28 bytes).
    Removing stm32f1xx_hal_pwr.o(i.HAL_PWR_DisableBkUpAccess), (12 bytes).
    Removing stm32f1xx_hal_pwr.o(i.HAL_PWR_DisablePVD), (12 bytes).
    Removing stm32f1xx_hal_pwr.o(i.HAL_PWR_DisableSEVOnPend), (20 bytes).
    Removing stm32f1xx_hal_pwr.o(i.HAL_PWR_DisableSleepOnExit), (20 bytes).
    Removing stm32f1xx_hal_pwr.o(i.HAL_PWR_DisableWakeUpPin), (28 bytes).
    Removing stm32f1xx_hal_pwr.o(i.HAL_PWR_EnableBkUpAccess), (12 bytes).
    Removing stm32f1xx_hal_pwr.o(i.HAL_PWR_EnablePVD), (12 bytes).
    Removing stm32f1xx_hal_pwr.o(i.HAL_PWR_EnableSEVOnPend), (20 bytes).
    Removing stm32f1xx_hal_pwr.o(i.HAL_PWR_EnableSleepOnExit), (20 bytes).
    Removing stm32f1xx_hal_pwr.o(i.HAL_PWR_EnableWakeUpPin), (28 bytes).
    Removing stm32f1xx_hal_pwr.o(i.HAL_PWR_EnterSLEEPMode), (32 bytes).
    Removing stm32f1xx_hal_pwr.o(i.HAL_PWR_EnterSTANDBYMode), (40 bytes).
    Removing stm32f1xx_hal_pwr.o(i.HAL_PWR_EnterSTOPMode), (84 bytes).
    Removing stm32f1xx_hal_pwr.o(i.HAL_PWR_PVDCallback), (2 bytes).
    Removing stm32f1xx_hal_pwr.o(i.HAL_PWR_PVD_IRQHandler), (32 bytes).
    Removing stm32f1xx_hal_pwr.o(i.PWR_OverloadWfe), (6 bytes).
    Removing stm32f1xx_hal_flash.o(.rev16_text), (4 bytes).
    Removing stm32f1xx_hal_flash.o(.revsh_text), (4 bytes).
    Removing stm32f1xx_hal_flash.o(.rrx_text), (6 bytes).
    Removing stm32f1xx_hal_flash.o(i.FLASH_Program_HalfWord), (32 bytes).
    Removing stm32f1xx_hal_flash.o(i.FLASH_SetErrorCode), (132 bytes).
    Removing stm32f1xx_hal_flash.o(i.FLASH_WaitForLastOperation), (112 bytes).
    Removing stm32f1xx_hal_flash.o(i.HAL_FLASH_EndOfOperationCallback), (2 bytes).
    Removing stm32f1xx_hal_flash.o(i.HAL_FLASH_GetError), (12 bytes).
    Removing stm32f1xx_hal_flash.o(i.HAL_FLASH_IRQHandler), (384 bytes).
    Removing stm32f1xx_hal_flash.o(i.HAL_FLASH_Lock), (20 bytes).
    Removing stm32f1xx_hal_flash.o(i.HAL_FLASH_OB_Launch), (8 bytes).
    Removing stm32f1xx_hal_flash.o(i.HAL_FLASH_OB_Lock), (20 bytes).
    Removing stm32f1xx_hal_flash.o(i.HAL_FLASH_OB_Unlock), (44 bytes).
    Removing stm32f1xx_hal_flash.o(i.HAL_FLASH_OperationErrorCallback), (2 bytes).
    Removing stm32f1xx_hal_flash.o(i.HAL_FLASH_Program), (176 bytes).
    Removing stm32f1xx_hal_flash.o(i.HAL_FLASH_Program_IT), (124 bytes).
    Removing stm32f1xx_hal_flash.o(i.HAL_FLASH_Unlock), (48 bytes).
    Removing stm32f1xx_hal_flash.o(.bss), (32 bytes).
    Removing stm32f1xx_hal_flash_ex.o(.rev16_text), (4 bytes).
    Removing stm32f1xx_hal_flash_ex.o(.revsh_text), (4 bytes).
    Removing stm32f1xx_hal_flash_ex.o(.rrx_text), (6 bytes).
    Removing stm32f1xx_hal_flash_ex.o(i.FLASH_MassErase), (40 bytes).
    Removing stm32f1xx_hal_flash_ex.o(i.FLASH_OB_DisableWRP), (232 bytes).
    Removing stm32f1xx_hal_flash_ex.o(i.FLASH_OB_EnableWRP), (236 bytes).
    Removing stm32f1xx_hal_flash_ex.o(i.FLASH_OB_GetRDP), (28 bytes).
    Removing stm32f1xx_hal_flash_ex.o(i.FLASH_OB_GetUser), (16 bytes).
    Removing stm32f1xx_hal_flash_ex.o(i.FLASH_OB_GetWRP), (12 bytes).
    Removing stm32f1xx_hal_flash_ex.o(i.FLASH_OB_ProgramData), (76 bytes).
    Removing stm32f1xx_hal_flash_ex.o(i.FLASH_OB_RDP_LevelConfig), (124 bytes).
    Removing stm32f1xx_hal_flash_ex.o(i.FLASH_OB_UserConfig), (84 bytes).
    Removing stm32f1xx_hal_flash_ex.o(i.FLASH_PageErase), (40 bytes).
    Removing stm32f1xx_hal_flash_ex.o(i.HAL_FLASHEx_Erase), (176 bytes).
    Removing stm32f1xx_hal_flash_ex.o(i.HAL_FLASHEx_Erase_IT), (100 bytes).
    Removing stm32f1xx_hal_flash_ex.o(i.HAL_FLASHEx_OBErase), (96 bytes).
    Removing stm32f1xx_hal_flash_ex.o(i.HAL_FLASHEx_OBGetConfig), (28 bytes).
    Removing stm32f1xx_hal_flash_ex.o(i.HAL_FLASHEx_OBGetUserData), (40 bytes).
    Removing stm32f1xx_hal_flash_ex.o(i.HAL_FLASHEx_OBProgram), (200 bytes).
    Removing stm32f1xx_hal_exti.o(.rev16_text), (4 bytes).
    Removing stm32f1xx_hal_exti.o(.revsh_text), (4 bytes).
    Removing stm32f1xx_hal_exti.o(.rrx_text), (6 bytes).
    Removing stm32f1xx_hal_exti.o(i.HAL_EXTI_ClearConfigLine), (120 bytes).
    Removing stm32f1xx_hal_exti.o(i.HAL_EXTI_ClearPending), (28 bytes).
    Removing stm32f1xx_hal_exti.o(i.HAL_EXTI_GenerateSWI), (24 bytes).
    Removing stm32f1xx_hal_exti.o(i.HAL_EXTI_GetConfigLine), (156 bytes).
    Removing stm32f1xx_hal_exti.o(i.HAL_EXTI_GetHandle), (14 bytes).
    Removing stm32f1xx_hal_exti.o(i.HAL_EXTI_GetPending), (36 bytes).
    Removing stm32f1xx_hal_exti.o(i.HAL_EXTI_IRQHandler), (44 bytes).
    Removing stm32f1xx_hal_exti.o(i.HAL_EXTI_RegisterCallback), (20 bytes).
    Removing stm32f1xx_hal_exti.o(i.HAL_EXTI_SetConfigLine), (240 bytes).
    Removing stm32f1xx_hal_uart.o(.rev16_text), (4 bytes).
    Removing stm32f1xx_hal_uart.o(.revsh_text), (4 bytes).
    Removing stm32f1xx_hal_uart.o(.rrx_text), (6 bytes).
    Removing stm32f1xx_hal_uart.o(i.HAL_HalfDuplex_EnableReceiver), (68 bytes).
    Removing stm32f1xx_hal_uart.o(i.HAL_HalfDuplex_EnableTransmitter), (68 bytes).
    Removing stm32f1xx_hal_uart.o(i.HAL_HalfDuplex_Init), (122 bytes).
    Removing stm32f1xx_hal_uart.o(i.HAL_LIN_Init), (146 bytes).
    Removing stm32f1xx_hal_uart.o(i.HAL_LIN_SendBreak), (80 bytes).
    Removing stm32f1xx_hal_uart.o(i.HAL_MultiProcessor_EnterMuteMode), (82 bytes).
    Removing stm32f1xx_hal_uart.o(i.HAL_MultiProcessor_ExitMuteMode), (82 bytes).
    Removing stm32f1xx_hal_uart.o(i.HAL_MultiProcessor_Init), (158 bytes).
    Removing stm32f1xx_hal_uart.o(i.HAL_UARTEx_GetRxEventType), (6 bytes).
    Removing stm32f1xx_hal_uart.o(i.HAL_UARTEx_ReceiveToIdle), (296 bytes).
    Removing stm32f1xx_hal_uart.o(i.HAL_UARTEx_ReceiveToIdle_DMA), (114 bytes).
    Removing stm32f1xx_hal_uart.o(i.HAL_UARTEx_ReceiveToIdle_IT), (114 bytes).
    Removing stm32f1xx_hal_uart.o(i.HAL_UART_Abort), (278 bytes).
    Removing stm32f1xx_hal_uart.o(i.HAL_UART_AbortCpltCallback), (2 bytes).
    Removing stm32f1xx_hal_uart.o(i.HAL_UART_AbortReceive), (194 bytes).
    Removing stm32f1xx_hal_uart.o(i.HAL_UART_AbortReceiveCpltCallback), (2 bytes).
    Removing stm32f1xx_hal_uart.o(i.HAL_UART_AbortReceive_IT), (216 bytes).
    Removing stm32f1xx_hal_uart.o(i.HAL_UART_AbortTransmit), (124 bytes).
    Removing stm32f1xx_hal_uart.o(i.HAL_UART_AbortTransmitCpltCallback), (2 bytes).
    Removing stm32f1xx_hal_uart.o(i.HAL_UART_AbortTransmit_IT), (144 bytes).
    Removing stm32f1xx_hal_uart.o(i.HAL_UART_Abort_IT), (328 bytes).
    Removing stm32f1xx_hal_uart.o(i.HAL_UART_DMAPause), (166 bytes).
    Removing stm32f1xx_hal_uart.o(i.HAL_UART_DMAResume), (170 bytes).
    Removing stm32f1xx_hal_uart.o(i.HAL_UART_DMAStop), (138 bytes).
    Removing stm32f1xx_hal_uart.o(i.HAL_UART_DeInit), (62 bytes).
    Removing stm32f1xx_hal_uart.o(i.HAL_UART_GetError), (6 bytes).
    Removing stm32f1xx_hal_uart.o(i.HAL_UART_GetState), (20 bytes).
    Removing stm32f1xx_hal_uart.o(i.HAL_UART_MspDeInit), (2 bytes).
    Removing stm32f1xx_hal_uart.o(i.HAL_UART_MspInit), (2 bytes).
    Removing stm32f1xx_hal_uart.o(i.HAL_UART_Receive), (188 bytes).
    Removing stm32f1xx_hal_uart.o(i.HAL_UART_Receive_DMA), (44 bytes).
    Removing stm32f1xx_hal_uart.o(i.HAL_UART_RxCpltCallback), (2 bytes).
    Removing stm32f1xx_hal_uart.o(i.HAL_UART_RxHalfCpltCallback), (2 bytes).
    Removing stm32f1xx_hal_uart.o(i.HAL_UART_Transmit_DMA), (140 bytes).
    Removing stm32f1xx_hal_uart.o(i.HAL_UART_Transmit_IT), (56 bytes).
    Removing stm32f1xx_hal_uart.o(i.HAL_UART_TxHalfCpltCallback), (2 bytes).
    Removing stm32f1xx_hal_uart.o(i.UART_DMAError), (80 bytes).
    Removing stm32f1xx_hal_uart.o(i.UART_DMAReceiveCplt), (180 bytes).
    Removing stm32f1xx_hal_uart.o(i.UART_DMARxAbortCallback), (56 bytes).
    Removing stm32f1xx_hal_uart.o(i.UART_DMARxHalfCplt), (36 bytes).
    Removing stm32f1xx_hal_uart.o(i.UART_DMARxOnlyAbortCallback), (28 bytes).
    Removing stm32f1xx_hal_uart.o(i.UART_DMATransmitCplt), (88 bytes).
    Removing stm32f1xx_hal_uart.o(i.UART_DMATxAbortCallback), (56 bytes).
    Removing stm32f1xx_hal_uart.o(i.UART_DMATxHalfCplt), (14 bytes).
    Removing stm32f1xx_hal_uart.o(i.UART_DMATxOnlyAbortCallback), (24 bytes).
    Removing stm32f1xx_hal_uart.o(i.UART_EndTxTransfer), (38 bytes).
    Removing stm32f1xx_hal_uart.o(i.UART_Start_Receive_DMA), (200 bytes).
    Removing system_stm32f1xx.o(.rev16_text), (4 bytes).
    Removing system_stm32f1xx.o(.revsh_text), (4 bytes).
    Removing system_stm32f1xx.o(.rrx_text), (6 bytes).
    Removing system_stm32f1xx.o(i.SystemCoreClockUpdate), (164 bytes).
    Removing shijue.o(.rev16_text), (4 bytes).
    Removing shijue.o(.revsh_text), (4 bytes).
    Removing shijue.o(.rrx_text), (6 bytes).
    Removing bsp_delay.o(.rev16_text), (4 bytes).
    Removing bsp_delay.o(.revsh_text), (4 bytes).
    Removing bsp_delay.o(.rrx_text), (6 bytes).
    Removing bsp_delay.o(i.delay_ms), (24 bytes).
    Removing bsp_delay.o(i.delay_us), (72 bytes).
    Removing oled.o(.rev16_text), (4 bytes).
    Removing oled.o(.revsh_text), (4 bytes).
    Removing oled.o(.rrx_text), (6 bytes).
    Removing oled.o(i.IIC_Start), (56 bytes).
    Removing oled.o(i.IIC_Stop), (44 bytes).
    Removing oled.o(i.IIC_Wait_Ack), (28 bytes).
    Removing oled.o(i.OLED_Clear), (62 bytes).
    Removing oled.o(i.OLED_Display_Off), (28 bytes).
    Removing oled.o(i.OLED_Display_On), (28 bytes).
    Removing oled.o(i.OLED_DrawBMP), (118 bytes).
    Removing oled.o(i.OLED_GPIO_Init), (108 bytes).
    Removing oled.o(i.OLED_Init), (224 bytes).
    Removing oled.o(i.OLED_On), (62 bytes).
    Removing oled.o(i.OLED_Set_Pos), (40 bytes).
    Removing oled.o(i.OLED_ShowCHinese), (104 bytes).
    Removing oled.o(i.OLED_ShowCHinese1), (104 bytes).
    Removing oled.o(i.OLED_ShowChar), (164 bytes).
    Removing oled.o(i.OLED_ShowNum), (136 bytes).
    Removing oled.o(i.OLED_ShowString), (58 bytes).
    Removing oled.o(i.OLED_WR_Byte), (24 bytes).
    Removing oled.o(i.Write_IIC_Byte), (100 bytes).
    Removing oled.o(i.Write_IIC_Command), (44 bytes).
    Removing oled.o(i.Write_IIC_Data), (44 bytes).
    Removing oled.o(i.fill_picture), (64 bytes).
    Removing oled.o(i.oled_pow), (22 bytes).
    Removing oled.o(.constdata), (2072 bytes).
    Removing oled.o(.data), (4736 bytes).
    Removing dadd.o(.text), (334 bytes).
    Removing dmul.o(.text), (228 bytes).
    Removing ddiv.o(.text), (222 bytes).
    Removing dfixul.o(.text), (48 bytes).
    Removing cdrcmple.o(.text), (48 bytes).
    Removing depilogue.o(.text), (186 bytes).

428 unused section(s) (total 45766 bytes) removed from the image.

==============================================================================

Image Symbol Table

    Local Symbols

    Symbol Name                              Value     Ov Type        Size  Object(Section)

    ../Core/Src/gpio.c                       0x00000000   Number         0  gpio.o ABSOLUTE
    ../Core/Src/main.c                       0x00000000   Number         0  main.o ABSOLUTE
    ../Core/Src/stm32f1xx_hal_msp.c          0x00000000   Number         0  stm32f1xx_hal_msp.o ABSOLUTE
    ../Core/Src/stm32f1xx_it.c               0x00000000   Number         0  stm32f1xx_it.o ABSOLUTE
    ../Core/Src/system_stm32f1xx.c           0x00000000   Number         0  system_stm32f1xx.o ABSOLUTE
    ../Core/Src/tim.c                        0x00000000   Number         0  tim.o ABSOLUTE
    ../Core/Src/usart.c                      0x00000000   Number         0  usart.o ABSOLUTE
    ../Drivers/STM32F1xx_HAL_Driver/Src/stm32f1xx_hal.c 0x00000000   Number         0  stm32f1xx_hal.o ABSOLUTE
    ../Drivers/STM32F1xx_HAL_Driver/Src/stm32f1xx_hal_cortex.c 0x00000000   Number         0  stm32f1xx_hal_cortex.o ABSOLUTE
    ../Drivers/STM32F1xx_HAL_Driver/Src/stm32f1xx_hal_dma.c 0x00000000   Number         0  stm32f1xx_hal_dma.o ABSOLUTE
    ../Drivers/STM32F1xx_HAL_Driver/Src/stm32f1xx_hal_exti.c 0x00000000   Number         0  stm32f1xx_hal_exti.o ABSOLUTE
    ../Drivers/STM32F1xx_HAL_Driver/Src/stm32f1xx_hal_flash.c 0x00000000   Number         0  stm32f1xx_hal_flash.o ABSOLUTE
    ../Drivers/STM32F1xx_HAL_Driver/Src/stm32f1xx_hal_flash_ex.c 0x00000000   Number         0  stm32f1xx_hal_flash_ex.o ABSOLUTE
    ../Drivers/STM32F1xx_HAL_Driver/Src/stm32f1xx_hal_gpio.c 0x00000000   Number         0  stm32f1xx_hal_gpio.o ABSOLUTE
    ../Drivers/STM32F1xx_HAL_Driver/Src/stm32f1xx_hal_gpio_ex.c 0x00000000   Number         0  stm32f1xx_hal_gpio_ex.o ABSOLUTE
    ../Drivers/STM32F1xx_HAL_Driver/Src/stm32f1xx_hal_pwr.c 0x00000000   Number         0  stm32f1xx_hal_pwr.o ABSOLUTE
    ../Drivers/STM32F1xx_HAL_Driver/Src/stm32f1xx_hal_rcc.c 0x00000000   Number         0  stm32f1xx_hal_rcc.o ABSOLUTE
    ../Drivers/STM32F1xx_HAL_Driver/Src/stm32f1xx_hal_rcc_ex.c 0x00000000   Number         0  stm32f1xx_hal_rcc_ex.o ABSOLUTE
    ../Drivers/STM32F1xx_HAL_Driver/Src/stm32f1xx_hal_tim.c 0x00000000   Number         0  stm32f1xx_hal_tim.o ABSOLUTE
    ../Drivers/STM32F1xx_HAL_Driver/Src/stm32f1xx_hal_tim_ex.c 0x00000000   Number         0  stm32f1xx_hal_tim_ex.o ABSOLUTE
    ../Drivers/STM32F1xx_HAL_Driver/Src/stm32f1xx_hal_uart.c 0x00000000   Number         0  stm32f1xx_hal_uart.o ABSOLUTE
    ../clib/microlib/division.c              0x00000000   Number         0  uldiv.o ABSOLUTE
    ../clib/microlib/division.c              0x00000000   Number         0  uidiv.o ABSOLUTE
    ../clib/microlib/init/entry.s            0x00000000   Number         0  entry11a.o ABSOLUTE
    ../clib/microlib/init/entry.s            0x00000000   Number         0  entry10b.o ABSOLUTE
    ../clib/microlib/init/entry.s            0x00000000   Number         0  entry.o ABSOLUTE
    ../clib/microlib/init/entry.s            0x00000000   Number         0  entry9b.o ABSOLUTE
    ../clib/microlib/init/entry.s            0x00000000   Number         0  entry9a.o ABSOLUTE
    ../clib/microlib/init/entry.s            0x00000000   Number         0  entry12b.o ABSOLUTE
    ../clib/microlib/init/entry.s            0x00000000   Number         0  entry10a.o ABSOLUTE
    ../clib/microlib/init/entry.s            0x00000000   Number         0  entry12a.o ABSOLUTE
    ../clib/microlib/init/entry.s            0x00000000   Number         0  entry11b.o ABSOLUTE
    ../clib/microlib/init/entry.s            0x00000000   Number         0  entry7b.o ABSOLUTE
    ../clib/microlib/init/entry.s            0x00000000   Number         0  entry2.o ABSOLUTE
    ../clib/microlib/init/entry.s            0x00000000   Number         0  entry8a.o ABSOLUTE
    ../clib/microlib/init/entry.s            0x00000000   Number         0  entry5.o ABSOLUTE
    ../clib/microlib/init/entry.s            0x00000000   Number         0  entry8b.o ABSOLUTE
    ../clib/microlib/init/entry.s            0x00000000   Number         0  entry7a.o ABSOLUTE
    ../clib/microlib/longlong.c              0x00000000   Number         0  llsshr.o ABSOLUTE
    ../clib/microlib/longlong.c              0x00000000   Number         0  llshl.o ABSOLUTE
    ../clib/microlib/longlong.c              0x00000000   Number         0  llushr.o ABSOLUTE
    ../clib/microlib/printf/printf.c         0x00000000   Number         0  printf2.o ABSOLUTE
    ../clib/microlib/printf/printf.c         0x00000000   Number         0  printf0.o ABSOLUTE
    ../clib/microlib/printf/printf.c         0x00000000   Number         0  printfb.o ABSOLUTE
    ../clib/microlib/printf/printf.c         0x00000000   Number         0  printf1.o ABSOLUTE
    ../clib/microlib/printf/printf.c         0x00000000   Number         0  printf3.o ABSOLUTE
    ../clib/microlib/printf/printf.c         0x00000000   Number         0  printfa.o ABSOLUTE
    ../clib/microlib/printf/printf.c         0x00000000   Number         0  printf8.o ABSOLUTE
    ../clib/microlib/printf/printf.c         0x00000000   Number         0  printf7.o ABSOLUTE
    ../clib/microlib/printf/printf.c         0x00000000   Number         0  printf6.o ABSOLUTE
    ../clib/microlib/printf/printf.c         0x00000000   Number         0  printf5.o ABSOLUTE
    ../clib/microlib/printf/printf.c         0x00000000   Number         0  printf4.o ABSOLUTE
    ../clib/microlib/printf/stubs.s          0x00000000   Number         0  stubs.o ABSOLUTE
    ../clib/microlib/stdio/fputc.c           0x00000000   Number         0  fputc.o ABSOLUTE
    ../clib/microlib/stdio/semi.s            0x00000000   Number         0  semi.o ABSOLUTE
    ../clib/microlib/stdio/streams.c         0x00000000   Number         0  stdout.o ABSOLUTE
    ../clib/microlib/string/memset.c         0x00000000   Number         0  memseta.o ABSOLUTE
    ../clib/microlib/stubs.s                 0x00000000   Number         0  iusefp.o ABSOLUTE
    ../clib/microlib/stubs.s                 0x00000000   Number         0  iusesemip.o ABSOLUTE
    ../fplib/microlib/fpadd.c                0x00000000   Number         0  dadd.o ABSOLUTE
    ../fplib/microlib/fpdiv.c                0x00000000   Number         0  ddiv.o ABSOLUTE
    ../fplib/microlib/fpepilogue.c           0x00000000   Number         0  depilogue.o ABSOLUTE
    ../fplib/microlib/fpfix.c                0x00000000   Number         0  dfixul.o ABSOLUTE
    ../fplib/microlib/fpmul.c                0x00000000   Number         0  dmul.o ABSOLUTE
    ..\Core\Src\gpio.c                       0x00000000   Number         0  gpio.o ABSOLUTE
    ..\Core\Src\main.c                       0x00000000   Number         0  main.o ABSOLUTE
    ..\Core\Src\stm32f1xx_hal_msp.c          0x00000000   Number         0  stm32f1xx_hal_msp.o ABSOLUTE
    ..\Core\Src\stm32f1xx_it.c               0x00000000   Number         0  stm32f1xx_it.o ABSOLUTE
    ..\Core\Src\system_stm32f1xx.c           0x00000000   Number         0  system_stm32f1xx.o ABSOLUTE
    ..\Core\Src\tim.c                        0x00000000   Number         0  tim.o ABSOLUTE
    ..\Core\Src\usart.c                      0x00000000   Number         0  usart.o ABSOLUTE
    ..\Drivers\STM32F1xx_HAL_Driver\Src\stm32f1xx_hal.c 0x00000000   Number         0  stm32f1xx_hal.o ABSOLUTE
    ..\Drivers\STM32F1xx_HAL_Driver\Src\stm32f1xx_hal_cortex.c 0x00000000   Number         0  stm32f1xx_hal_cortex.o ABSOLUTE
    ..\Drivers\STM32F1xx_HAL_Driver\Src\stm32f1xx_hal_dma.c 0x00000000   Number         0  stm32f1xx_hal_dma.o ABSOLUTE
    ..\Drivers\STM32F1xx_HAL_Driver\Src\stm32f1xx_hal_exti.c 0x00000000   Number         0  stm32f1xx_hal_exti.o ABSOLUTE
    ..\Drivers\STM32F1xx_HAL_Driver\Src\stm32f1xx_hal_flash.c 0x00000000   Number         0  stm32f1xx_hal_flash.o ABSOLUTE
    ..\Drivers\STM32F1xx_HAL_Driver\Src\stm32f1xx_hal_flash_ex.c 0x00000000   Number         0  stm32f1xx_hal_flash_ex.o ABSOLUTE
    ..\Drivers\STM32F1xx_HAL_Driver\Src\stm32f1xx_hal_gpio.c 0x00000000   Number         0  stm32f1xx_hal_gpio.o ABSOLUTE
    ..\Drivers\STM32F1xx_HAL_Driver\Src\stm32f1xx_hal_gpio_ex.c 0x00000000   Number         0  stm32f1xx_hal_gpio_ex.o ABSOLUTE
    ..\Drivers\STM32F1xx_HAL_Driver\Src\stm32f1xx_hal_pwr.c 0x00000000   Number         0  stm32f1xx_hal_pwr.o ABSOLUTE
    ..\Drivers\STM32F1xx_HAL_Driver\Src\stm32f1xx_hal_rcc.c 0x00000000   Number         0  stm32f1xx_hal_rcc.o ABSOLUTE
    ..\Drivers\STM32F1xx_HAL_Driver\Src\stm32f1xx_hal_rcc_ex.c 0x00000000   Number         0  stm32f1xx_hal_rcc_ex.o ABSOLUTE
    ..\Drivers\STM32F1xx_HAL_Driver\Src\stm32f1xx_hal_tim.c 0x00000000   Number         0  stm32f1xx_hal_tim.o ABSOLUTE
    ..\Drivers\STM32F1xx_HAL_Driver\Src\stm32f1xx_hal_tim_ex.c 0x00000000   Number         0  stm32f1xx_hal_tim_ex.o ABSOLUTE
    ..\Drivers\STM32F1xx_HAL_Driver\Src\stm32f1xx_hal_uart.c 0x00000000   Number         0  stm32f1xx_hal_uart.o ABSOLUTE
    ..\User\oled.c                           0x00000000   Number         0  oled.o ABSOLUTE
    ..\User\shijue.c                         0x00000000   Number         0  shijue.o ABSOLUTE
    ..\User\system\bsp_delay.c               0x00000000   Number         0  bsp_delay.o ABSOLUTE
    ..\\User\\oled.c                         0x00000000   Number         0  oled.o ABSOLUTE
    ..\\User\\shijue.c                       0x00000000   Number         0  shijue.o ABSOLUTE
    ..\\User\\system\\bsp_delay.c            0x00000000   Number         0  bsp_delay.o ABSOLUTE
    cdrcmple.s                               0x00000000   Number         0  cdrcmple.o ABSOLUTE
    dc.s                                     0x00000000   Number         0  dc.o ABSOLUTE
    handlers.s                               0x00000000   Number         0  handlers.o ABSOLUTE
    init.s                                   0x00000000   Number         0  init.o ABSOLUTE
    startup_stm32f103xe.s                    0x00000000   Number         0  startup_stm32f103xe.o ABSOLUTE
    RESET                                    0x08000000   Section      304  startup_stm32f103xe.o(RESET)
    .ARM.Collect$$$$00000000                 0x08000130   Section        0  entry.o(.ARM.Collect$$$$00000000)
    .ARM.Collect$$$$00000001                 0x08000130   Section        4  entry2.o(.ARM.Collect$$$$00000001)
    .ARM.Collect$$$$00000004                 0x08000134   Section        4  entry5.o(.ARM.Collect$$$$00000004)
    .ARM.Collect$$$$00000008                 0x08000138   Section        0  entry7b.o(.ARM.Collect$$$$00000008)
    .ARM.Collect$$$$0000000A                 0x08000138   Section        0  entry8b.o(.ARM.Collect$$$$0000000A)
    .ARM.Collect$$$$0000000B                 0x08000138   Section        8  entry9a.o(.ARM.Collect$$$$0000000B)
    .ARM.Collect$$$$0000000E                 0x08000140   Section        4  entry12b.o(.ARM.Collect$$$$0000000E)
    .ARM.Collect$$$$0000000F                 0x08000144   Section        0  entry10a.o(.ARM.Collect$$$$0000000F)
    .ARM.Collect$$$$00000011                 0x08000144   Section        0  entry11a.o(.ARM.Collect$$$$00000011)
    .ARM.Collect$$$$00002712                 0x08000144   Section        4  entry2.o(.ARM.Collect$$$$00002712)
    __lit__00000000                          0x08000144   Data           4  entry2.o(.ARM.Collect$$$$00002712)
    .text                                    0x08000148   Section       36  startup_stm32f103xe.o(.text)
    .text                                    0x0800016c   Section        0  memseta.o(.text)
    .text                                    0x08000190   Section        0  uidiv.o(.text)
    .text                                    0x080001bc   Section       36  init.o(.text)
    i.BusFault_Handler                       0x080001e0   Section        0  stm32f1xx_it.o(i.BusFault_Handler)
    i.DebugMon_Handler                       0x080001e4   Section        0  stm32f1xx_it.o(i.DebugMon_Handler)
    i.Error_Handler                          0x080001e6   Section        0  main.o(i.Error_Handler)
    i.FeiKongTransmitData                    0x080001ec   Section        0  shijue.o(i.FeiKongTransmitData)
    i.HAL_DMA_Abort                          0x08000218   Section        0  stm32f1xx_hal_dma.o(i.HAL_DMA_Abort)
    i.HAL_DMA_Abort_IT                       0x08000270   Section        0  stm32f1xx_hal_dma.o(i.HAL_DMA_Abort_IT)
    i.HAL_GPIO_Init                          0x08000418   Section        0  stm32f1xx_hal_gpio.o(i.HAL_GPIO_Init)
    i.HAL_GPIO_WritePin                      0x08000758   Section        0  stm32f1xx_hal_gpio.o(i.HAL_GPIO_WritePin)
    i.HAL_GetTick                            0x08000764   Section        0  stm32f1xx_hal.o(i.HAL_GetTick)
    i.HAL_IncTick                            0x08000770   Section        0  stm32f1xx_hal.o(i.HAL_IncTick)
    i.HAL_Init                               0x08000788   Section        0  stm32f1xx_hal.o(i.HAL_Init)
    i.HAL_InitTick                           0x080007b0   Section        0  stm32f1xx_hal.o(i.HAL_InitTick)
    i.HAL_MspInit                            0x080007fc   Section        0  stm32f1xx_hal_msp.o(i.HAL_MspInit)
    i.HAL_NVIC_EnableIRQ                     0x08000850   Section        0  stm32f1xx_hal_cortex.o(i.HAL_NVIC_EnableIRQ)
    i.HAL_NVIC_SetPriority                   0x08000870   Section        0  stm32f1xx_hal_cortex.o(i.HAL_NVIC_SetPriority)
    i.HAL_NVIC_SetPriorityGrouping           0x080008ec   Section        0  stm32f1xx_hal_cortex.o(i.HAL_NVIC_SetPriorityGrouping)
    i.HAL_RCC_ClockConfig                    0x08000914   Section        0  stm32f1xx_hal_rcc.o(i.HAL_RCC_ClockConfig)
    i.HAL_RCC_GetHCLKFreq                    0x08000aa0   Section        0  stm32f1xx_hal_rcc.o(i.HAL_RCC_GetHCLKFreq)
    i.HAL_RCC_GetPCLK1Freq                   0x08000aac   Section        0  stm32f1xx_hal_rcc.o(i.HAL_RCC_GetPCLK1Freq)
    i.HAL_RCC_GetPCLK2Freq                   0x08000acc   Section        0  stm32f1xx_hal_rcc.o(i.HAL_RCC_GetPCLK2Freq)
    i.HAL_RCC_GetSysClockFreq                0x08000aec   Section        0  stm32f1xx_hal_rcc.o(i.HAL_RCC_GetSysClockFreq)
    i.HAL_RCC_OscConfig                      0x08000b5c   Section        0  stm32f1xx_hal_rcc.o(i.HAL_RCC_OscConfig)
    i.HAL_SYSTICK_CLKSourceConfig            0x08000fc0   Section        0  stm32f1xx_hal_cortex.o(i.HAL_SYSTICK_CLKSourceConfig)
    i.HAL_SYSTICK_Config                     0x08000fe8   Section        0  stm32f1xx_hal_cortex.o(i.HAL_SYSTICK_Config)
    i.HAL_TIMEx_BreakCallback                0x0800101c   Section        0  stm32f1xx_hal_tim_ex.o(i.HAL_TIMEx_BreakCallback)
    i.HAL_TIMEx_CommutCallback               0x0800101e   Section        0  stm32f1xx_hal_tim_ex.o(i.HAL_TIMEx_CommutCallback)
    i.HAL_TIMEx_MasterConfigSynchronization  0x08001020   Section        0  stm32f1xx_hal_tim_ex.o(i.HAL_TIMEx_MasterConfigSynchronization)
    i.HAL_TIM_Base_Init                      0x080010bc   Section        0  stm32f1xx_hal_tim.o(i.HAL_TIM_Base_Init)
    i.HAL_TIM_Base_MspInit                   0x08001124   Section        0  tim.o(i.HAL_TIM_Base_MspInit)
    i.HAL_TIM_Base_Start_IT                  0x08001168   Section        0  stm32f1xx_hal_tim.o(i.HAL_TIM_Base_Start_IT)
    i.HAL_TIM_IC_CaptureCallback             0x080011f8   Section        0  stm32f1xx_hal_tim.o(i.HAL_TIM_IC_CaptureCallback)
    i.HAL_TIM_IRQHandler                     0x080011fa   Section        0  stm32f1xx_hal_tim.o(i.HAL_TIM_IRQHandler)
    i.HAL_TIM_OC_DelayElapsedCallback        0x08001390   Section        0  stm32f1xx_hal_tim.o(i.HAL_TIM_OC_DelayElapsedCallback)
    i.HAL_TIM_PWM_PulseFinishedCallback      0x08001392   Section        0  stm32f1xx_hal_tim.o(i.HAL_TIM_PWM_PulseFinishedCallback)
    i.HAL_TIM_PeriodElapsedCallback          0x08001394   Section        0  stm32f1xx_it.o(i.HAL_TIM_PeriodElapsedCallback)
    i.HAL_TIM_TriggerCallback                0x08001490   Section        0  stm32f1xx_hal_tim.o(i.HAL_TIM_TriggerCallback)
    i.HAL_UARTEx_RxEventCallback             0x08001492   Section        0  stm32f1xx_hal_uart.o(i.HAL_UARTEx_RxEventCallback)
    i.HAL_UART_ErrorCallback                 0x08001494   Section        0  stm32f1xx_hal_uart.o(i.HAL_UART_ErrorCallback)
    i.HAL_UART_IRQHandler                    0x08001498   Section        0  stm32f1xx_hal_uart.o(i.HAL_UART_IRQHandler)
    i.HAL_UART_Init                          0x0800177c   Section        0  stm32f1xx_hal_uart.o(i.HAL_UART_Init)
    i.HAL_UART_MspInit                       0x080017f4   Section        0  usart.o(i.HAL_UART_MspInit)
    i.HAL_UART_Receive_IT                    0x08001a04   Section        0  stm32f1xx_hal_uart.o(i.HAL_UART_Receive_IT)
    i.HAL_UART_RxCpltCallback                0x08001a30   Section        0  stm32f1xx_it.o(i.HAL_UART_RxCpltCallback)
    i.HAL_UART_Transmit                      0x08001b20   Section        0  stm32f1xx_hal_uart.o(i.HAL_UART_Transmit)
    i.HAL_UART_TxCpltCallback                0x08001bd2   Section        0  stm32f1xx_hal_uart.o(i.HAL_UART_TxCpltCallback)
    i.HardFault_Handler                      0x08001bd4   Section        0  stm32f1xx_it.o(i.HardFault_Handler)
    i.LanYaTransmitData                      0x08001bd8   Section        0  shijue.o(i.LanYaTransmitData)
    i.Lanya_Receive_Data                     0x08001cac   Section        0  shijue.o(i.Lanya_Receive_Data)
    i.MX_GPIO_Init                           0x08001d74   Section        0  gpio.o(i.MX_GPIO_Init)
    i.MX_TIM7_Init                           0x08001e44   Section        0  tim.o(i.MX_TIM7_Init)
    i.MX_UART4_Init                          0x08001e90   Section        0  usart.o(i.MX_UART4_Init)
    i.MX_USART1_UART_Init                    0x08001ec8   Section        0  usart.o(i.MX_USART1_UART_Init)
    i.MX_USART2_UART_Init                    0x08001f00   Section        0  usart.o(i.MX_USART2_UART_Init)
    i.MX_USART3_UART_Init                    0x08001f38   Section        0  usart.o(i.MX_USART3_UART_Init)
    i.MemManage_Handler                      0x08001f70   Section        0  stm32f1xx_it.o(i.MemManage_Handler)
    i.NMI_Handler                            0x08001f74   Section        0  stm32f1xx_it.o(i.NMI_Handler)
    i.PendSV_Handler                         0x08001f78   Section        0  stm32f1xx_it.o(i.PendSV_Handler)
    i.RCC_Delay                              0x08001f7c   Section        0  stm32f1xx_hal_rcc.o(i.RCC_Delay)
    RCC_Delay                                0x08001f7d   Thumb Code    36  stm32f1xx_hal_rcc.o(i.RCC_Delay)
    i.SVC_Handler                            0x08001fa4   Section        0  stm32f1xx_it.o(i.SVC_Handler)
    i.SysTick_Handler                        0x08001fa6   Section        0  stm32f1xx_it.o(i.SysTick_Handler)
    i.SystemClock_Config                     0x08001fae   Section        0  main.o(i.SystemClock_Config)
    i.SystemInit                             0x08002014   Section        0  system_stm32f1xx.o(i.SystemInit)
    i.TIM7_IRQHandler                        0x08002018   Section        0  stm32f1xx_it.o(i.TIM7_IRQHandler)
    i.TIM_Base_SetConfig                     0x08002028   Section        0  stm32f1xx_hal_tim.o(i.TIM_Base_SetConfig)
    i.UART4_IRQHandler                       0x080020c4   Section        0  stm32f1xx_it.o(i.UART4_IRQHandler)
    i.UART_DMAAbortOnError                   0x080020d4   Section        0  stm32f1xx_hal_uart.o(i.UART_DMAAbortOnError)
    UART_DMAAbortOnError                     0x080020d5   Thumb Code    20  stm32f1xx_hal_uart.o(i.UART_DMAAbortOnError)
    i.UART_EndRxTransfer                     0x080020e8   Section        0  stm32f1xx_hal_uart.o(i.UART_EndRxTransfer)
    UART_EndRxTransfer                       0x080020e9   Thumb Code   108  stm32f1xx_hal_uart.o(i.UART_EndRxTransfer)
    i.UART_EndTransmit_IT                    0x08002154   Section        0  stm32f1xx_hal_uart.o(i.UART_EndTransmit_IT)
    UART_EndTransmit_IT                      0x08002155   Thumb Code    32  stm32f1xx_hal_uart.o(i.UART_EndTransmit_IT)
    i.UART_Receive_IT                        0x08002174   Section        0  stm32f1xx_hal_uart.o(i.UART_Receive_IT)
    UART_Receive_IT                          0x08002175   Thumb Code   252  stm32f1xx_hal_uart.o(i.UART_Receive_IT)
    i.UART_SetConfig                         0x08002270   Section        0  stm32f1xx_hal_uart.o(i.UART_SetConfig)
    UART_SetConfig                           0x08002271   Thumb Code   248  stm32f1xx_hal_uart.o(i.UART_SetConfig)
    i.UART_Start_Receive_IT                  0x0800236c   Section        0  stm32f1xx_hal_uart.o(i.UART_Start_Receive_IT)
    i.UART_Transmit_IT                       0x080023ac   Section        0  stm32f1xx_hal_uart.o(i.UART_Transmit_IT)
    UART_Transmit_IT                         0x080023ad   Thumb Code    96  stm32f1xx_hal_uart.o(i.UART_Transmit_IT)
    i.UART_WaitOnFlagUntilTimeout            0x0800240c   Section        0  stm32f1xx_hal_uart.o(i.UART_WaitOnFlagUntilTimeout)
    UART_WaitOnFlagUntilTimeout              0x0800240d   Thumb Code   146  stm32f1xx_hal_uart.o(i.UART_WaitOnFlagUntilTimeout)
    i.USART1_IRQHandler                      0x080024a0   Section        0  stm32f1xx_it.o(i.USART1_IRQHandler)
    i.USART2_IRQHandler                      0x080024b0   Section        0  stm32f1xx_it.o(i.USART2_IRQHandler)
    i.USART3_IRQHandler                      0x080024c0   Section        0  stm32f1xx_it.o(i.USART3_IRQHandler)
    i.UsageFault_Handler                     0x080024d0   Section        0  stm32f1xx_it.o(i.UsageFault_Handler)
    i.Usart2_SendByte                        0x080024d4   Section        0  shijue.o(i.Usart2_SendByte)
    i.Usart_SendByte                         0x080024ec   Section        0  shijue.o(i.Usart_SendByte)
    i.__0sprintf$1                           0x08002504   Section        0  printf1.o(i.__0sprintf$1)
    i.__NVIC_GetPriorityGrouping             0x0800252c   Section        0  stm32f1xx_hal_cortex.o(i.__NVIC_GetPriorityGrouping)
    __NVIC_GetPriorityGrouping               0x0800252d   Thumb Code    10  stm32f1xx_hal_cortex.o(i.__NVIC_GetPriorityGrouping)
    i.__NVIC_SetPriority                     0x0800253c   Section        0  stm32f1xx_hal_cortex.o(i.__NVIC_SetPriority)
    __NVIC_SetPriority                       0x0800253d   Thumb Code    32  stm32f1xx_hal_cortex.o(i.__NVIC_SetPriority)
    i.__scatterload_copy                     0x08002564   Section       14  handlers.o(i.__scatterload_copy)
    i.__scatterload_null                     0x08002572   Section        2  handlers.o(i.__scatterload_null)
    i.__scatterload_zeroinit                 0x08002574   Section       14  handlers.o(i.__scatterload_zeroinit)
    i._printf_core                           0x08002584   Section        0  printf1.o(i._printf_core)
    _printf_core                             0x08002585   Thumb Code   336  printf1.o(i._printf_core)
    i._sputc                                 0x080026d8   Section        0  printf1.o(i._sputc)
    _sputc                                   0x080026d9   Thumb Code    10  printf1.o(i._sputc)
    i.delay_init                             0x080026e4   Section        0  bsp_delay.o(i.delay_init)
    i.feikong_Receive_Data                   0x080026f8   Section        0  shijue.o(i.feikong_Receive_Data)
    i.main                                   0x08002800   Section        0  main.o(i.main)
    i.shijue2_Receive_Data                   0x080028c0   Section        0  shijue.o(i.shijue2_Receive_Data)
    i.shijue_Receive_Data                    0x080029ac   Section        0  shijue.o(i.shijue_Receive_Data)
    .constdata                               0x08002a94   Section       18  stm32f1xx_hal_rcc.o(.constdata)
    aPLLMULFactorTable                       0x08002a94   Data          16  stm32f1xx_hal_rcc.o(.constdata)
    aPredivFactorTable                       0x08002aa4   Data           2  stm32f1xx_hal_rcc.o(.constdata)
    .constdata                               0x08002aa6   Section       24  system_stm32f1xx.o(.constdata)
    .data                                    0x20000000   Section        8  main.o(.data)
    .data                                    0x20000008   Section        8  stm32f1xx_it.o(.data)
    .data                                    0x20000010   Section        9  stm32f1xx_hal.o(.data)
    .data                                    0x2000001c   Section        4  system_stm32f1xx.o(.data)
    .data                                    0x20000020   Section       65  shijue.o(.data)
    BlueRxCounter                            0x20000055   Data           1  shijue.o(.data)
    BlueRxState                              0x20000056   Data           1  shijue.o(.data)
    RxCounter1                               0x20000057   Data           1  shijue.o(.data)
    RxState                                  0x20000058   Data           1  shijue.o(.data)
    RxFlag1                                  0x20000059   Data           1  shijue.o(.data)
    RxCounter1                               0x2000005a   Data           1  shijue.o(.data)
    RxState                                  0x2000005b   Data           1  shijue.o(.data)
    RxFlag1                                  0x2000005c   Data           1  shijue.o(.data)
    RxCounter1                               0x2000005d   Data           1  shijue.o(.data)
    RxState                                  0x2000005e   Data           1  shijue.o(.data)
    RxFlag1                                  0x2000005f   Data           1  shijue.o(.data)
    stage                                    0x20000060   Data           1  shijue.o(.data)
    .data                                    0x20000064   Section        4  bsp_delay.o(.data)
    fac_us                                   0x20000064   Data           4  bsp_delay.o(.data)
    .bss                                     0x20000068   Section       64  main.o(.bss)
    .bss                                     0x200000a8   Section       72  tim.o(.bss)
    .bss                                     0x200000f0   Section      288  usart.o(.bss)
    STACK                                    0x20000210   Section     1024  startup_stm32f103xe.o(STACK)

    Global Symbols

    Symbol Name                              Value     Ov Type        Size  Object(Section)

    BuildAttributes$$THM_ISAv4$P$D$K$B$S$PE$A:L22UL41UL21$X:L11$S22US41US21$IEEE1$IW$USESV6$~STKCKD$USESV7$~SHL$OSPACE$ROPI$EBA8$MICROLIB$REQ8$PRES8$EABIv2 0x00000000   Number         0  anon$$obj.o ABSOLUTE
    __ARM_use_no_argv                        0x00000000   Number         0  main.o ABSOLUTE
    _printf_a                                0x00000000   Number         0  stubs.o ABSOLUTE
    _printf_c                                0x00000000   Number         0  stubs.o ABSOLUTE
    _printf_charcount                        0x00000000   Number         0  stubs.o ABSOLUTE
    _printf_d                                0x00000000   Number         0  stubs.o ABSOLUTE
    _printf_e                                0x00000000   Number         0  stubs.o ABSOLUTE
    _printf_f                                0x00000000   Number         0  stubs.o ABSOLUTE
    _printf_flags                            0x00000000   Number         0  stubs.o ABSOLUTE
    _printf_fp_dec                           0x00000000   Number         0  stubs.o ABSOLUTE
    _printf_fp_hex                           0x00000000   Number         0  stubs.o ABSOLUTE
    _printf_g                                0x00000000   Number         0  stubs.o ABSOLUTE
    _printf_i                                0x00000000   Number         0  stubs.o ABSOLUTE
    _printf_int_dec                          0x00000000   Number         0  stubs.o ABSOLUTE
    _printf_l                                0x00000000   Number         0  stubs.o ABSOLUTE
    _printf_lc                               0x00000000   Number         0  stubs.o ABSOLUTE
    _printf_ll                               0x00000000   Number         0  stubs.o ABSOLUTE
    _printf_lld                              0x00000000   Number         0  stubs.o ABSOLUTE
    _printf_lli                              0x00000000   Number         0  stubs.o ABSOLUTE
    _printf_llo                              0x00000000   Number         0  stubs.o ABSOLUTE
    _printf_llu                              0x00000000   Number         0  stubs.o ABSOLUTE
    _printf_llx                              0x00000000   Number         0  stubs.o ABSOLUTE
    _printf_longlong_dec                     0x00000000   Number         0  stubs.o ABSOLUTE
    _printf_longlong_hex                     0x00000000   Number         0  stubs.o ABSOLUTE
    _printf_longlong_oct                     0x00000000   Number         0  stubs.o ABSOLUTE
    _printf_ls                               0x00000000   Number         0  stubs.o ABSOLUTE
    _printf_mbtowc                           0x00000000   Number         0  stubs.o ABSOLUTE
    _printf_n                                0x00000000   Number         0  stubs.o ABSOLUTE
    _printf_o                                0x00000000   Number         0  stubs.o ABSOLUTE
    _printf_p                                0x00000000   Number         0  stubs.o ABSOLUTE
    _printf_percent                          0x00000000   Number         0  stubs.o ABSOLUTE
    _printf_pre_padding                      0x00000000   Number         0  stubs.o ABSOLUTE
    _printf_return_value                     0x00000000   Number         0  stubs.o ABSOLUTE
    _printf_s                                0x00000000   Number         0  stubs.o ABSOLUTE
    _printf_sizespec                         0x00000000   Number         0  stubs.o ABSOLUTE
    _printf_str                              0x00000000   Number         0  stubs.o ABSOLUTE
    _printf_truncate_signed                  0x00000000   Number         0  stubs.o ABSOLUTE
    _printf_truncate_unsigned                0x00000000   Number         0  stubs.o ABSOLUTE
    _printf_u                                0x00000000   Number         0  stubs.o ABSOLUTE
    _printf_wc                               0x00000000   Number         0  stubs.o ABSOLUTE
    _printf_wctomb                           0x00000000   Number         0  stubs.o ABSOLUTE
    _printf_widthprec                        0x00000000   Number         0  stubs.o ABSOLUTE
    _printf_x                                0x00000000   Number         0  stubs.o ABSOLUTE
    __arm_fini_                               - Undefined Weak Reference
    __cpp_initialize__aeabi_                  - Undefined Weak Reference
    __cxa_finalize                            - Undefined Weak Reference
    __decompress                              - Undefined Weak Reference
    _clock_init                               - Undefined Weak Reference
    _microlib_exit                            - Undefined Weak Reference
    __Vectors_Size                           0x00000130   Number         0  startup_stm32f103xe.o ABSOLUTE
    __Vectors                                0x08000000   Data           4  startup_stm32f103xe.o(RESET)
    __Vectors_End                            0x08000130   Data           0  startup_stm32f103xe.o(RESET)
    __main                                   0x08000131   Thumb Code     0  entry.o(.ARM.Collect$$$$00000000)
    _main_stk                                0x08000131   Thumb Code     0  entry2.o(.ARM.Collect$$$$00000001)
    _main_scatterload                        0x08000135   Thumb Code     0  entry5.o(.ARM.Collect$$$$00000004)
    __main_after_scatterload                 0x08000139   Thumb Code     0  entry5.o(.ARM.Collect$$$$00000004)
    _main_clock                              0x08000139   Thumb Code     0  entry7b.o(.ARM.Collect$$$$00000008)
    _main_cpp_init                           0x08000139   Thumb Code     0  entry8b.o(.ARM.Collect$$$$0000000A)
    _main_init                               0x08000139   Thumb Code     0  entry9a.o(.ARM.Collect$$$$0000000B)
    __rt_lib_shutdown_fini                   0x08000141   Thumb Code     0  entry12b.o(.ARM.Collect$$$$0000000E)
    __rt_final_cpp                           0x08000145   Thumb Code     0  entry10a.o(.ARM.Collect$$$$0000000F)
    __rt_final_exit                          0x08000145   Thumb Code     0  entry11a.o(.ARM.Collect$$$$00000011)
    Reset_Handler                            0x08000149   Thumb Code     8  startup_stm32f103xe.o(.text)
    ADC1_2_IRQHandler                        0x08000163   Thumb Code     0  startup_stm32f103xe.o(.text)
    ADC3_IRQHandler                          0x08000163   Thumb Code     0  startup_stm32f103xe.o(.text)
    CAN1_RX1_IRQHandler                      0x08000163   Thumb Code     0  startup_stm32f103xe.o(.text)
    CAN1_SCE_IRQHandler                      0x08000163   Thumb Code     0  startup_stm32f103xe.o(.text)
    DMA1_Channel1_IRQHandler                 0x08000163   Thumb Code     0  startup_stm32f103xe.o(.text)
    DMA1_Channel2_IRQHandler                 0x08000163   Thumb Code     0  startup_stm32f103xe.o(.text)
    DMA1_Channel3_IRQHandler                 0x08000163   Thumb Code     0  startup_stm32f103xe.o(.text)
    DMA1_Channel4_IRQHandler                 0x08000163   Thumb Code     0  startup_stm32f103xe.o(.text)
    DMA1_Channel5_IRQHandler                 0x08000163   Thumb Code     0  startup_stm32f103xe.o(.text)
    DMA1_Channel6_IRQHandler                 0x08000163   Thumb Code     0  startup_stm32f103xe.o(.text)
    DMA1_Channel7_IRQHandler                 0x08000163   Thumb Code     0  startup_stm32f103xe.o(.text)
    DMA2_Channel1_IRQHandler                 0x08000163   Thumb Code     0  startup_stm32f103xe.o(.text)
    DMA2_Channel2_IRQHandler                 0x08000163   Thumb Code     0  startup_stm32f103xe.o(.text)
    DMA2_Channel3_IRQHandler                 0x08000163   Thumb Code     0  startup_stm32f103xe.o(.text)
    DMA2_Channel4_5_IRQHandler               0x08000163   Thumb Code     0  startup_stm32f103xe.o(.text)
    EXTI0_IRQHandler                         0x08000163   Thumb Code     0  startup_stm32f103xe.o(.text)
    EXTI15_10_IRQHandler                     0x08000163   Thumb Code     0  startup_stm32f103xe.o(.text)
    EXTI1_IRQHandler                         0x08000163   Thumb Code     0  startup_stm32f103xe.o(.text)
    EXTI2_IRQHandler                         0x08000163   Thumb Code     0  startup_stm32f103xe.o(.text)
    EXTI3_IRQHandler                         0x08000163   Thumb Code     0  startup_stm32f103xe.o(.text)
    EXTI4_IRQHandler                         0x08000163   Thumb Code     0  startup_stm32f103xe.o(.text)
    EXTI9_5_IRQHandler                       0x08000163   Thumb Code     0  startup_stm32f103xe.o(.text)
    FLASH_IRQHandler                         0x08000163   Thumb Code     0  startup_stm32f103xe.o(.text)
    FSMC_IRQHandler                          0x08000163   Thumb Code     0  startup_stm32f103xe.o(.text)
    I2C1_ER_IRQHandler                       0x08000163   Thumb Code     0  startup_stm32f103xe.o(.text)
    I2C1_EV_IRQHandler                       0x08000163   Thumb Code     0  startup_stm32f103xe.o(.text)
    I2C2_ER_IRQHandler                       0x08000163   Thumb Code     0  startup_stm32f103xe.o(.text)
    I2C2_EV_IRQHandler                       0x08000163   Thumb Code     0  startup_stm32f103xe.o(.text)
    PVD_IRQHandler                           0x08000163   Thumb Code     0  startup_stm32f103xe.o(.text)
    RCC_IRQHandler                           0x08000163   Thumb Code     0  startup_stm32f103xe.o(.text)
    RTC_Alarm_IRQHandler                     0x08000163   Thumb Code     0  startup_stm32f103xe.o(.text)
    RTC_IRQHandler                           0x08000163   Thumb Code     0  startup_stm32f103xe.o(.text)
    SDIO_IRQHandler                          0x08000163   Thumb Code     0  startup_stm32f103xe.o(.text)
    SPI1_IRQHandler                          0x08000163   Thumb Code     0  startup_stm32f103xe.o(.text)
    SPI2_IRQHandler                          0x08000163   Thumb Code     0  startup_stm32f103xe.o(.text)
    SPI3_IRQHandler                          0x08000163   Thumb Code     0  startup_stm32f103xe.o(.text)
    TAMPER_IRQHandler                        0x08000163   Thumb Code     0  startup_stm32f103xe.o(.text)
    TIM1_BRK_IRQHandler                      0x08000163   Thumb Code     0  startup_stm32f103xe.o(.text)
    TIM1_CC_IRQHandler                       0x08000163   Thumb Code     0  startup_stm32f103xe.o(.text)
    TIM1_TRG_COM_IRQHandler                  0x08000163   Thumb Code     0  startup_stm32f103xe.o(.text)
    TIM1_UP_IRQHandler                       0x08000163   Thumb Code     0  startup_stm32f103xe.o(.text)
    TIM2_IRQHandler                          0x08000163   Thumb Code     0  startup_stm32f103xe.o(.text)
    TIM3_IRQHandler                          0x08000163   Thumb Code     0  startup_stm32f103xe.o(.text)
    TIM4_IRQHandler                          0x08000163   Thumb Code     0  startup_stm32f103xe.o(.text)
    TIM5_IRQHandler                          0x08000163   Thumb Code     0  startup_stm32f103xe.o(.text)
    TIM6_IRQHandler                          0x08000163   Thumb Code     0  startup_stm32f103xe.o(.text)
    TIM8_BRK_IRQHandler                      0x08000163   Thumb Code     0  startup_stm32f103xe.o(.text)
    TIM8_CC_IRQHandler                       0x08000163   Thumb Code     0  startup_stm32f103xe.o(.text)
    TIM8_TRG_COM_IRQHandler                  0x08000163   Thumb Code     0  startup_stm32f103xe.o(.text)
    TIM8_UP_IRQHandler                       0x08000163   Thumb Code     0  startup_stm32f103xe.o(.text)
    UART5_IRQHandler                         0x08000163   Thumb Code     0  startup_stm32f103xe.o(.text)
    USBWakeUp_IRQHandler                     0x08000163   Thumb Code     0  startup_stm32f103xe.o(.text)
    USB_HP_CAN1_TX_IRQHandler                0x08000163   Thumb Code     0  startup_stm32f103xe.o(.text)
    USB_LP_CAN1_RX0_IRQHandler               0x08000163   Thumb Code     0  startup_stm32f103xe.o(.text)
    WWDG_IRQHandler                          0x08000163   Thumb Code     0  startup_stm32f103xe.o(.text)
    __aeabi_memset                           0x0800016d   Thumb Code    14  memseta.o(.text)
    __aeabi_memset4                          0x0800016d   Thumb Code     0  memseta.o(.text)
    __aeabi_memset8                          0x0800016d   Thumb Code     0  memseta.o(.text)
    __aeabi_memclr                           0x0800017b   Thumb Code     4  memseta.o(.text)
    __aeabi_memclr4                          0x0800017b   Thumb Code     0  memseta.o(.text)
    __aeabi_memclr8                          0x0800017b   Thumb Code     0  memseta.o(.text)
    _memset$wrapper                          0x0800017f   Thumb Code    18  memseta.o(.text)
    __aeabi_uidiv                            0x08000191   Thumb Code     0  uidiv.o(.text)
    __aeabi_uidivmod                         0x08000191   Thumb Code    44  uidiv.o(.text)
    __scatterload                            0x080001bd   Thumb Code    28  init.o(.text)
    __scatterload_rt2                        0x080001bd   Thumb Code     0  init.o(.text)
    BusFault_Handler                         0x080001e1   Thumb Code     4  stm32f1xx_it.o(i.BusFault_Handler)
    DebugMon_Handler                         0x080001e5   Thumb Code     2  stm32f1xx_it.o(i.DebugMon_Handler)
    Error_Handler                            0x080001e7   Thumb Code     6  main.o(i.Error_Handler)
    FeiKongTransmitData                      0x080001ed   Thumb Code    34  shijue.o(i.FeiKongTransmitData)
    HAL_DMA_Abort                            0x08000219   Thumb Code    86  stm32f1xx_hal_dma.o(i.HAL_DMA_Abort)
    HAL_DMA_Abort_IT                         0x08000271   Thumb Code   414  stm32f1xx_hal_dma.o(i.HAL_DMA_Abort_IT)
    HAL_GPIO_Init                            0x08000419   Thumb Code   792  stm32f1xx_hal_gpio.o(i.HAL_GPIO_Init)
    HAL_GPIO_WritePin                        0x08000759   Thumb Code    12  stm32f1xx_hal_gpio.o(i.HAL_GPIO_WritePin)
    HAL_GetTick                              0x08000765   Thumb Code     6  stm32f1xx_hal.o(i.HAL_GetTick)
    HAL_IncTick                              0x08000771   Thumb Code    16  stm32f1xx_hal.o(i.HAL_IncTick)
    HAL_Init                                 0x08000789   Thumb Code    34  stm32f1xx_hal.o(i.HAL_Init)
    HAL_InitTick                             0x080007b1   Thumb Code    64  stm32f1xx_hal.o(i.HAL_InitTick)
    HAL_MspInit                              0x080007fd   Thumb Code    76  stm32f1xx_hal_msp.o(i.HAL_MspInit)
    HAL_NVIC_EnableIRQ                       0x08000851   Thumb Code    32  stm32f1xx_hal_cortex.o(i.HAL_NVIC_EnableIRQ)
    HAL_NVIC_SetPriority                     0x08000871   Thumb Code   124  stm32f1xx_hal_cortex.o(i.HAL_NVIC_SetPriority)
    HAL_NVIC_SetPriorityGrouping             0x080008ed   Thumb Code    32  stm32f1xx_hal_cortex.o(i.HAL_NVIC_SetPriorityGrouping)
    HAL_RCC_ClockConfig                      0x08000915   Thumb Code   376  stm32f1xx_hal_rcc.o(i.HAL_RCC_ClockConfig)
    HAL_RCC_GetHCLKFreq                      0x08000aa1   Thumb Code     6  stm32f1xx_hal_rcc.o(i.HAL_RCC_GetHCLKFreq)
    HAL_RCC_GetPCLK1Freq                     0x08000aad   Thumb Code    22  stm32f1xx_hal_rcc.o(i.HAL_RCC_GetPCLK1Freq)
    HAL_RCC_GetPCLK2Freq                     0x08000acd   Thumb Code    22  stm32f1xx_hal_rcc.o(i.HAL_RCC_GetPCLK2Freq)
    HAL_RCC_GetSysClockFreq                  0x08000aed   Thumb Code    92  stm32f1xx_hal_rcc.o(i.HAL_RCC_GetSysClockFreq)
    HAL_RCC_OscConfig                        0x08000b5d   Thumb Code  1114  stm32f1xx_hal_rcc.o(i.HAL_RCC_OscConfig)
    HAL_SYSTICK_CLKSourceConfig              0x08000fc1   Thumb Code    40  stm32f1xx_hal_cortex.o(i.HAL_SYSTICK_CLKSourceConfig)
    HAL_SYSTICK_Config                       0x08000fe9   Thumb Code    52  stm32f1xx_hal_cortex.o(i.HAL_SYSTICK_Config)
    HAL_TIMEx_BreakCallback                  0x0800101d   Thumb Code     2  stm32f1xx_hal_tim_ex.o(i.HAL_TIMEx_BreakCallback)
    HAL_TIMEx_CommutCallback                 0x0800101f   Thumb Code     2  stm32f1xx_hal_tim_ex.o(i.HAL_TIMEx_CommutCallback)
    HAL_TIMEx_MasterConfigSynchronization    0x08001021   Thumb Code   134  stm32f1xx_hal_tim_ex.o(i.HAL_TIMEx_MasterConfigSynchronization)
    HAL_TIM_Base_Init                        0x080010bd   Thumb Code   102  stm32f1xx_hal_tim.o(i.HAL_TIM_Base_Init)
    HAL_TIM_Base_MspInit                     0x08001125   Thumb Code    58  tim.o(i.HAL_TIM_Base_MspInit)
    HAL_TIM_Base_Start_IT                    0x08001169   Thumb Code   122  stm32f1xx_hal_tim.o(i.HAL_TIM_Base_Start_IT)
    HAL_TIM_IC_CaptureCallback               0x080011f9   Thumb Code     2  stm32f1xx_hal_tim.o(i.HAL_TIM_IC_CaptureCallback)
    HAL_TIM_IRQHandler                       0x080011fb   Thumb Code   406  stm32f1xx_hal_tim.o(i.HAL_TIM_IRQHandler)
    HAL_TIM_OC_DelayElapsedCallback          0x08001391   Thumb Code     2  stm32f1xx_hal_tim.o(i.HAL_TIM_OC_DelayElapsedCallback)
    HAL_TIM_PWM_PulseFinishedCallback        0x08001393   Thumb Code     2  stm32f1xx_hal_tim.o(i.HAL_TIM_PWM_PulseFinishedCallback)
    HAL_TIM_PeriodElapsedCallback            0x08001395   Thumb Code   222  stm32f1xx_it.o(i.HAL_TIM_PeriodElapsedCallback)
    HAL_TIM_TriggerCallback                  0x08001491   Thumb Code     2  stm32f1xx_hal_tim.o(i.HAL_TIM_TriggerCallback)
    HAL_UARTEx_RxEventCallback               0x08001493   Thumb Code     2  stm32f1xx_hal_uart.o(i.HAL_UARTEx_RxEventCallback)
    HAL_UART_ErrorCallback                   0x08001495   Thumb Code     2  stm32f1xx_hal_uart.o(i.HAL_UART_ErrorCallback)
    HAL_UART_IRQHandler                      0x08001499   Thumb Code   736  stm32f1xx_hal_uart.o(i.HAL_UART_IRQHandler)
    HAL_UART_Init                            0x0800177d   Thumb Code   118  stm32f1xx_hal_uart.o(i.HAL_UART_Init)
    HAL_UART_MspInit                         0x080017f5   Thumb Code   496  usart.o(i.HAL_UART_MspInit)
    HAL_UART_Receive_IT                      0x08001a05   Thumb Code    44  stm32f1xx_hal_uart.o(i.HAL_UART_Receive_IT)
    HAL_UART_RxCpltCallback                  0x08001a31   Thumb Code   188  stm32f1xx_it.o(i.HAL_UART_RxCpltCallback)
    HAL_UART_Transmit                        0x08001b21   Thumb Code   178  stm32f1xx_hal_uart.o(i.HAL_UART_Transmit)
    HAL_UART_TxCpltCallback                  0x08001bd3   Thumb Code     2  stm32f1xx_hal_uart.o(i.HAL_UART_TxCpltCallback)
    HardFault_Handler                        0x08001bd5   Thumb Code     4  stm32f1xx_it.o(i.HardFault_Handler)
    LanYaTransmitData                        0x08001bd9   Thumb Code   194  shijue.o(i.LanYaTransmitData)
    Lanya_Receive_Data                       0x08001cad   Thumb Code   184  shijue.o(i.Lanya_Receive_Data)
    MX_GPIO_Init                             0x08001d75   Thumb Code   194  gpio.o(i.MX_GPIO_Init)
    MX_TIM7_Init                             0x08001e45   Thumb Code    66  tim.o(i.MX_TIM7_Init)
    MX_UART4_Init                            0x08001e91   Thumb Code    46  usart.o(i.MX_UART4_Init)
    MX_USART1_UART_Init                      0x08001ec9   Thumb Code    46  usart.o(i.MX_USART1_UART_Init)
    MX_USART2_UART_Init                      0x08001f01   Thumb Code    46  usart.o(i.MX_USART2_UART_Init)
    MX_USART3_UART_Init                      0x08001f39   Thumb Code    46  usart.o(i.MX_USART3_UART_Init)
    MemManage_Handler                        0x08001f71   Thumb Code     4  stm32f1xx_it.o(i.MemManage_Handler)
    NMI_Handler                              0x08001f75   Thumb Code     4  stm32f1xx_it.o(i.NMI_Handler)
    PendSV_Handler                           0x08001f79   Thumb Code     2  stm32f1xx_it.o(i.PendSV_Handler)
    SVC_Handler                              0x08001fa5   Thumb Code     2  stm32f1xx_it.o(i.SVC_Handler)
    SysTick_Handler                          0x08001fa7   Thumb Code     8  stm32f1xx_it.o(i.SysTick_Handler)
    SystemClock_Config                       0x08001faf   Thumb Code   102  main.o(i.SystemClock_Config)
    SystemInit                               0x08002015   Thumb Code     2  system_stm32f1xx.o(i.SystemInit)
    TIM7_IRQHandler                          0x08002019   Thumb Code    10  stm32f1xx_it.o(i.TIM7_IRQHandler)
    TIM_Base_SetConfig                       0x08002029   Thumb Code   134  stm32f1xx_hal_tim.o(i.TIM_Base_SetConfig)
    UART4_IRQHandler                         0x080020c5   Thumb Code    10  stm32f1xx_it.o(i.UART4_IRQHandler)
    UART_Start_Receive_IT                    0x0800236d   Thumb Code    64  stm32f1xx_hal_uart.o(i.UART_Start_Receive_IT)
    USART1_IRQHandler                        0x080024a1   Thumb Code    10  stm32f1xx_it.o(i.USART1_IRQHandler)
    USART2_IRQHandler                        0x080024b1   Thumb Code    10  stm32f1xx_it.o(i.USART2_IRQHandler)
    USART3_IRQHandler                        0x080024c1   Thumb Code    10  stm32f1xx_it.o(i.USART3_IRQHandler)
    UsageFault_Handler                       0x080024d1   Thumb Code     4  stm32f1xx_it.o(i.UsageFault_Handler)
    Usart2_SendByte                          0x080024d5   Thumb Code    18  shijue.o(i.Usart2_SendByte)
    Usart_SendByte                           0x080024ed   Thumb Code    18  shijue.o(i.Usart_SendByte)
    __0sprintf$1                             0x08002505   Thumb Code    34  printf1.o(i.__0sprintf$1)
    __1sprintf$1                             0x08002505   Thumb Code     0  printf1.o(i.__0sprintf$1)
    __2sprintf                               0x08002505   Thumb Code     0  printf1.o(i.__0sprintf$1)
    __scatterload_copy                       0x08002565   Thumb Code    14  handlers.o(i.__scatterload_copy)
    __scatterload_null                       0x08002573   Thumb Code     2  handlers.o(i.__scatterload_null)
    __scatterload_zeroinit                   0x08002575   Thumb Code    14  handlers.o(i.__scatterload_zeroinit)
    delay_init                               0x080026e5   Thumb Code    16  bsp_delay.o(i.delay_init)
    feikong_Receive_Data                     0x080026f9   Thumb Code   238  shijue.o(i.feikong_Receive_Data)
    main                                     0x08002801   Thumb Code   134  main.o(i.main)
    shijue2_Receive_Data                     0x080028c1   Thumb Code   204  shijue.o(i.shijue2_Receive_Data)
    shijue_Receive_Data                      0x080029ad   Thumb Code   204  shijue.o(i.shijue_Receive_Data)
    AHBPrescTable                            0x08002aa6   Data          16  system_stm32f1xx.o(.constdata)
    APBPrescTable                            0x08002ab6   Data           8  system_stm32f1xx.o(.constdata)
    Region$$Table$$Base                      0x08002ac0   Number         0  anon$$obj.o(Region$$Table)
    Region$$Table$$Limit                     0x08002ae0   Number         0  anon$$obj.o(Region$$Table)
    a                                        0x20000000   Data           1  main.o(.data)
    send_time                                0x20000001   Data           1  main.o(.data)
    buf                                      0x20000002   Data           5  main.o(.data)
    str                                      0x20000007   Data           1  main.o(.data)
    uart1_rxbuff                             0x20000008   Data           1  stm32f1xx_it.o(.data)
    uart2_rxbuff                             0x20000009   Data           1  stm32f1xx_it.o(.data)
    uart3_rxbuff                             0x2000000a   Data           1  stm32f1xx_it.o(.data)
    uart4_rxbuff                             0x2000000b   Data           1  stm32f1xx_it.o(.data)
    ok_flag                                  0x2000000c   Data           1  stm32f1xx_it.o(.data)
    led_time                                 0x2000000d   Data           1  stm32f1xx_it.o(.data)
    liang_flag                               0x2000000e   Data           1  stm32f1xx_it.o(.data)
    last_liang_flag                          0x2000000f   Data           1  stm32f1xx_it.o(.data)
    uwTick                                   0x20000010   Data           4  stm32f1xx_hal.o(.data)
    uwTickPrio                               0x20000014   Data           4  stm32f1xx_hal.o(.data)
    uwTickFreq                               0x20000018   Data           1  stm32f1xx_hal.o(.data)
    SystemCoreClock                          0x2000001c   Data           4  system_stm32f1xx.o(.data)
    Pos_x                                    0x20000020   Data           2  shijue.o(.data)
    Pos_y                                    0x20000022   Data           2  shijue.o(.data)
    x1                                       0x20000024   Data           1  shijue.o(.data)
    x2                                       0x20000025   Data           1  shijue.o(.data)
    x3                                       0x20000026   Data           1  shijue.o(.data)
    x4                                       0x20000027   Data           1  shijue.o(.data)
    y1                                       0x20000028   Data           1  shijue.o(.data)
    y2                                       0x20000029   Data           1  shijue.o(.data)
    y3                                       0x2000002a   Data           1  shijue.o(.data)
    y4                                       0x2000002b   Data           1  shijue.o(.data)
    BlueRxBuffer                             0x2000002c   Data           3  shijue.o(.data)
    RxBuffer2                                0x2000002f   Data           6  shijue.o(.data)
    RxBuffer3                                0x20000035   Data           6  shijue.o(.data)
    RxBuffer4                                0x2000003b   Data           6  shijue.o(.data)
    state                                    0x20000041   Data           1  shijue.o(.data)
    huowu_num                                0x20000042   Data           1  shijue.o(.data)
    huowu_flag                               0x20000043   Data           1  shijue.o(.data)
    shijue_re                                0x20000044   Data           5  shijue.o(.data)
    com                                      0x20000049   Data           1  shijue.o(.data)
    FeiKongSendBuf                           0x2000004a   Data           4  shijue.o(.data)
    BLueToothSendBuf                         0x2000004e   Data           7  shijue.o(.data)
    str_buff1                                0x20000068   Data          64  main.o(.bss)
    htim7                                    0x200000a8   Data          72  tim.o(.bss)
    huart4                                   0x200000f0   Data          72  usart.o(.bss)
    huart1                                   0x20000138   Data          72  usart.o(.bss)
    huart2                                   0x20000180   Data          72  usart.o(.bss)
    huart3                                   0x200001c8   Data          72  usart.o(.bss)
    __initial_sp                             0x20000610   Data           0  startup_stm32f103xe.o(STACK)



==============================================================================

Memory Map of the image

  Image Entry point : 0x08000131

  Load Region LR_IROM1 (Base: 0x08000000, Size: 0x00002b48, Max: 0x00040000, ABSOLUTE)

    Execution Region ER_IROM1 (Exec base: 0x08000000, Load base: 0x08000000, Size: 0x00002ae0, Max: 0x00040000, ABSOLUTE)

    Exec Addr    Load Addr    Size         Type   Attr      Idx    E Section Name        Object

    0x08000000   0x08000000   0x00000130   Data   RO            3    RESET               startup_stm32f103xe.o
    0x08000130   0x08000130   0x00000000   Code   RO         3192  * .ARM.Collect$$$$00000000  mc_w.l(entry.o)
    0x08000130   0x08000130   0x00000004   Code   RO         3460    .ARM.Collect$$$$00000001  mc_w.l(entry2.o)
    0x08000134   0x08000134   0x00000004   Code   RO         3463    .ARM.Collect$$$$00000004  mc_w.l(entry5.o)
    0x08000138   0x08000138   0x00000000   Code   RO         3465    .ARM.Collect$$$$00000008  mc_w.l(entry7b.o)
    0x08000138   0x08000138   0x00000000   Code   RO         3467    .ARM.Collect$$$$0000000A  mc_w.l(entry8b.o)
    0x08000138   0x08000138   0x00000008   Code   RO         3468    .ARM.Collect$$$$0000000B  mc_w.l(entry9a.o)
    0x08000140   0x08000140   0x00000004   Code   RO         3475    .ARM.Collect$$$$0000000E  mc_w.l(entry12b.o)
    0x08000144   0x08000144   0x00000000   Code   RO         3470    .ARM.Collect$$$$0000000F  mc_w.l(entry10a.o)
    0x08000144   0x08000144   0x00000000   Code   RO         3472    .ARM.Collect$$$$00000011  mc_w.l(entry11a.o)
    0x08000144   0x08000144   0x00000004   Code   RO         3461    .ARM.Collect$$$$00002712  mc_w.l(entry2.o)
    0x08000148   0x08000148   0x00000024   Code   RO            4    .text               startup_stm32f103xe.o
    0x0800016c   0x0800016c   0x00000024   Code   RO         3197    .text               mc_w.l(memseta.o)
    0x08000190   0x08000190   0x0000002c   Code   RO         3479    .text               mc_w.l(uidiv.o)
    0x080001bc   0x080001bc   0x00000024   Code   RO         3494    .text               mc_w.l(init.o)
    0x080001e0   0x080001e0   0x00000004   Code   RO          318    i.BusFault_Handler  stm32f1xx_it.o
    0x080001e4   0x080001e4   0x00000002   Code   RO          319    i.DebugMon_Handler  stm32f1xx_it.o
    0x080001e6   0x080001e6   0x00000006   Code   RO           13    i.Error_Handler     main.o
    0x080001ec   0x080001ec   0x0000002c   Code   RO         2911    i.FeiKongTransmitData  shijue.o
    0x08000218   0x08000218   0x00000056   Code   RO         1879    i.HAL_DMA_Abort     stm32f1xx_hal_dma.o
    0x0800026e   0x0800026e   0x00000002   PAD
    0x08000270   0x08000270   0x000001a8   Code   RO         1880    i.HAL_DMA_Abort_IT  stm32f1xx_hal_dma.o
    0x08000418   0x08000418   0x00000340   Code   RO         1815    i.HAL_GPIO_Init     stm32f1xx_hal_gpio.o
    0x08000758   0x08000758   0x0000000c   Code   RO         1819    i.HAL_GPIO_WritePin  stm32f1xx_hal_gpio.o
    0x08000764   0x08000764   0x0000000c   Code   RO         1504    i.HAL_GetTick       stm32f1xx_hal.o
    0x08000770   0x08000770   0x00000018   Code   RO         1510    i.HAL_IncTick       stm32f1xx_hal.o
    0x08000788   0x08000788   0x00000028   Code   RO         1511    i.HAL_Init          stm32f1xx_hal.o
    0x080007b0   0x080007b0   0x0000004c   Code   RO         1512    i.HAL_InitTick      stm32f1xx_hal.o
    0x080007fc   0x080007fc   0x00000054   Code   RO          449    i.HAL_MspInit       stm32f1xx_hal_msp.o
    0x08000850   0x08000850   0x00000020   Code   RO         1975    i.HAL_NVIC_EnableIRQ  stm32f1xx_hal_cortex.o
    0x08000870   0x08000870   0x0000007c   Code   RO         1981    i.HAL_NVIC_SetPriority  stm32f1xx_hal_cortex.o
    0x080008ec   0x080008ec   0x00000028   Code   RO         1982    i.HAL_NVIC_SetPriorityGrouping  stm32f1xx_hal_cortex.o
    0x08000914   0x08000914   0x0000018c   Code   RO         1668    i.HAL_RCC_ClockConfig  stm32f1xx_hal_rcc.o
    0x08000aa0   0x08000aa0   0x0000000c   Code   RO         1673    i.HAL_RCC_GetHCLKFreq  stm32f1xx_hal_rcc.o
    0x08000aac   0x08000aac   0x00000020   Code   RO         1675    i.HAL_RCC_GetPCLK1Freq  stm32f1xx_hal_rcc.o
    0x08000acc   0x08000acc   0x00000020   Code   RO         1676    i.HAL_RCC_GetPCLK2Freq  stm32f1xx_hal_rcc.o
    0x08000aec   0x08000aec   0x00000070   Code   RO         1677    i.HAL_RCC_GetSysClockFreq  stm32f1xx_hal_rcc.o
    0x08000b5c   0x08000b5c   0x00000464   Code   RO         1680    i.HAL_RCC_OscConfig  stm32f1xx_hal_rcc.o
    0x08000fc0   0x08000fc0   0x00000028   Code   RO         1984    i.HAL_SYSTICK_CLKSourceConfig  stm32f1xx_hal_cortex.o
    0x08000fe8   0x08000fe8   0x00000034   Code   RO         1986    i.HAL_SYSTICK_Config  stm32f1xx_hal_cortex.o
    0x0800101c   0x0800101c   0x00000002   Code   RO         1226    i.HAL_TIMEx_BreakCallback  stm32f1xx_hal_tim_ex.o
    0x0800101e   0x0800101e   0x00000002   Code   RO         1227    i.HAL_TIMEx_CommutCallback  stm32f1xx_hal_tim_ex.o
    0x08001020   0x08001020   0x0000009c   Code   RO         1245    i.HAL_TIMEx_MasterConfigSynchronization  stm32f1xx_hal_tim_ex.o
    0x080010bc   0x080010bc   0x00000066   Code   RO          511    i.HAL_TIM_Base_Init  stm32f1xx_hal_tim.o
    0x08001122   0x08001122   0x00000002   PAD
    0x08001124   0x08001124   0x00000044   Code   RO          217    i.HAL_TIM_Base_MspInit  tim.o
    0x08001168   0x08001168   0x00000090   Code   RO          516    i.HAL_TIM_Base_Start_IT  stm32f1xx_hal_tim.o
    0x080011f8   0x080011f8   0x00000002   Code   RO          545    i.HAL_TIM_IC_CaptureCallback  stm32f1xx_hal_tim.o
    0x080011fa   0x080011fa   0x00000196   Code   RO          559    i.HAL_TIM_IRQHandler  stm32f1xx_hal_tim.o
    0x08001390   0x08001390   0x00000002   Code   RO          562    i.HAL_TIM_OC_DelayElapsedCallback  stm32f1xx_hal_tim.o
    0x08001392   0x08001392   0x00000002   Code   RO          589    i.HAL_TIM_PWM_PulseFinishedCallback  stm32f1xx_hal_tim.o
    0x08001394   0x08001394   0x000000fc   Code   RO          321    i.HAL_TIM_PeriodElapsedCallback  stm32f1xx_it.o
    0x08001490   0x08001490   0x00000002   Code   RO          602    i.HAL_TIM_TriggerCallback  stm32f1xx_hal_tim.o
    0x08001492   0x08001492   0x00000002   Code   RO         2513    i.HAL_UARTEx_RxEventCallback  stm32f1xx_hal_uart.o
    0x08001494   0x08001494   0x00000002   Code   RO         2527    i.HAL_UART_ErrorCallback  stm32f1xx_hal_uart.o
    0x08001496   0x08001496   0x00000002   PAD
    0x08001498   0x08001498   0x000002e4   Code   RO         2530    i.HAL_UART_IRQHandler  stm32f1xx_hal_uart.o
    0x0800177c   0x0800177c   0x00000076   Code   RO         2531    i.HAL_UART_Init     stm32f1xx_hal_uart.o
    0x080017f2   0x080017f2   0x00000002   PAD
    0x080017f4   0x080017f4   0x00000210   Code   RO          259    i.HAL_UART_MspInit  usart.o
    0x08001a04   0x08001a04   0x0000002c   Code   RO         2536    i.HAL_UART_Receive_IT  stm32f1xx_hal_uart.o
    0x08001a30   0x08001a30   0x000000f0   Code   RO          322    i.HAL_UART_RxCpltCallback  stm32f1xx_it.o
    0x08001b20   0x08001b20   0x000000b2   Code   RO         2539    i.HAL_UART_Transmit  stm32f1xx_hal_uart.o
    0x08001bd2   0x08001bd2   0x00000002   Code   RO         2542    i.HAL_UART_TxCpltCallback  stm32f1xx_hal_uart.o
    0x08001bd4   0x08001bd4   0x00000004   Code   RO          323    i.HardFault_Handler  stm32f1xx_it.o
    0x08001bd8   0x08001bd8   0x000000d4   Code   RO         2912    i.LanYaTransmitData  shijue.o
    0x08001cac   0x08001cac   0x000000c8   Code   RO         2913    i.Lanya_Receive_Data  shijue.o
    0x08001d74   0x08001d74   0x000000d0   Code   RO          185    i.MX_GPIO_Init      gpio.o
    0x08001e44   0x08001e44   0x0000004c   Code   RO          218    i.MX_TIM7_Init      tim.o
    0x08001e90   0x08001e90   0x00000038   Code   RO          260    i.MX_UART4_Init     usart.o
    0x08001ec8   0x08001ec8   0x00000038   Code   RO          261    i.MX_USART1_UART_Init  usart.o
    0x08001f00   0x08001f00   0x00000038   Code   RO          262    i.MX_USART2_UART_Init  usart.o
    0x08001f38   0x08001f38   0x00000038   Code   RO          263    i.MX_USART3_UART_Init  usart.o
    0x08001f70   0x08001f70   0x00000004   Code   RO          324    i.MemManage_Handler  stm32f1xx_it.o
    0x08001f74   0x08001f74   0x00000004   Code   RO          325    i.NMI_Handler       stm32f1xx_it.o
    0x08001f78   0x08001f78   0x00000002   Code   RO          326    i.PendSV_Handler    stm32f1xx_it.o
    0x08001f7a   0x08001f7a   0x00000002   PAD
    0x08001f7c   0x08001f7c   0x00000028   Code   RO         1681    i.RCC_Delay         stm32f1xx_hal_rcc.o
    0x08001fa4   0x08001fa4   0x00000002   Code   RO          327    i.SVC_Handler       stm32f1xx_it.o
    0x08001fa6   0x08001fa6   0x00000008   Code   RO          328    i.SysTick_Handler   stm32f1xx_it.o
    0x08001fae   0x08001fae   0x00000066   Code   RO           14    i.SystemClock_Config  main.o
    0x08002014   0x08002014   0x00000002   Code   RO         2875    i.SystemInit        system_stm32f1xx.o
    0x08002016   0x08002016   0x00000002   PAD
    0x08002018   0x08002018   0x00000010   Code   RO          329    i.TIM7_IRQHandler   stm32f1xx_it.o
    0x08002028   0x08002028   0x0000009c   Code   RO          604    i.TIM_Base_SetConfig  stm32f1xx_hal_tim.o
    0x080020c4   0x080020c4   0x00000010   Code   RO          330    i.UART4_IRQHandler  stm32f1xx_it.o
    0x080020d4   0x080020d4   0x00000014   Code   RO         2544    i.UART_DMAAbortOnError  stm32f1xx_hal_uart.o
    0x080020e8   0x080020e8   0x0000006c   Code   RO         2554    i.UART_EndRxTransfer  stm32f1xx_hal_uart.o
    0x08002154   0x08002154   0x00000020   Code   RO         2555    i.UART_EndTransmit_IT  stm32f1xx_hal_uart.o
    0x08002174   0x08002174   0x000000fc   Code   RO         2557    i.UART_Receive_IT   stm32f1xx_hal_uart.o
    0x08002270   0x08002270   0x000000fc   Code   RO         2558    i.UART_SetConfig    stm32f1xx_hal_uart.o
    0x0800236c   0x0800236c   0x00000040   Code   RO         2560    i.UART_Start_Receive_IT  stm32f1xx_hal_uart.o
    0x080023ac   0x080023ac   0x00000060   Code   RO         2561    i.UART_Transmit_IT  stm32f1xx_hal_uart.o
    0x0800240c   0x0800240c   0x00000092   Code   RO         2562    i.UART_WaitOnFlagUntilTimeout  stm32f1xx_hal_uart.o
    0x0800249e   0x0800249e   0x00000002   PAD
    0x080024a0   0x080024a0   0x00000010   Code   RO          331    i.USART1_IRQHandler  stm32f1xx_it.o
    0x080024b0   0x080024b0   0x00000010   Code   RO          332    i.USART2_IRQHandler  stm32f1xx_it.o
    0x080024c0   0x080024c0   0x00000010   Code   RO          333    i.USART3_IRQHandler  stm32f1xx_it.o
    0x080024d0   0x080024d0   0x00000004   Code   RO          334    i.UsageFault_Handler  stm32f1xx_it.o
    0x080024d4   0x080024d4   0x00000018   Code   RO         2914    i.Usart2_SendByte   shijue.o
    0x080024ec   0x080024ec   0x00000018   Code   RO         2915    i.Usart_SendByte    shijue.o
    0x08002504   0x08002504   0x00000028   Code   RO         3246    i.__0sprintf$1      mc_w.l(printf1.o)
    0x0800252c   0x0800252c   0x00000010   Code   RO         1988    i.__NVIC_GetPriorityGrouping  stm32f1xx_hal_cortex.o
    0x0800253c   0x0800253c   0x00000028   Code   RO         1989    i.__NVIC_SetPriority  stm32f1xx_hal_cortex.o
    0x08002564   0x08002564   0x0000000e   Code   RO         3506    i.__scatterload_copy  mc_w.l(handlers.o)
    0x08002572   0x08002572   0x00000002   Code   RO         3507    i.__scatterload_null  mc_w.l(handlers.o)
    0x08002574   0x08002574   0x0000000e   Code   RO         3508    i.__scatterload_zeroinit  mc_w.l(handlers.o)
    0x08002582   0x08002582   0x00000002   PAD
    0x08002584   0x08002584   0x00000154   Code   RO         3251    i._printf_core      mc_w.l(printf1.o)
    0x080026d8   0x080026d8   0x0000000a   Code   RO         3253    i._sputc            mc_w.l(printf1.o)
    0x080026e2   0x080026e2   0x00000002   PAD
    0x080026e4   0x080026e4   0x00000014   Code   RO         2988    i.delay_init        bsp_delay.o
    0x080026f8   0x080026f8   0x00000108   Code   RO         2916    i.feikong_Receive_Data  shijue.o
    0x08002800   0x08002800   0x000000c0   Code   RO           16    i.main              main.o
    0x080028c0   0x080028c0   0x000000ec   Code   RO         2917    i.shijue2_Receive_Data  shijue.o
    0x080029ac   0x080029ac   0x000000e8   Code   RO         2918    i.shijue_Receive_Data  shijue.o
    0x08002a94   0x08002a94   0x00000012   Data   RO         1682    .constdata          stm32f1xx_hal_rcc.o
    0x08002aa6   0x08002aa6   0x00000018   Data   RO         2876    .constdata          system_stm32f1xx.o
    0x08002abe   0x08002abe   0x00000002   PAD
    0x08002ac0   0x08002ac0   0x00000020   Data   RO         3504    Region$$Table       anon$$obj.o


    Execution Region RW_IRAM1 (Exec base: 0x20000000, Load base: 0x08002ae0, Size: 0x00000610, Max: 0x0000c000, ABSOLUTE)

    Exec Addr    Load Addr    Size         Type   Attr      Idx    E Section Name        Object

    0x20000000   0x08002ae0   0x00000008   Data   RW           18    .data               main.o
    0x20000008   0x08002ae8   0x00000008   Data   RW          335    .data               stm32f1xx_it.o
    0x20000010   0x08002af0   0x00000009   Data   RW         1518    .data               stm32f1xx_hal.o
    0x20000019   0x08002af9   0x00000003   PAD
    0x2000001c   0x08002afc   0x00000004   Data   RW         2877    .data               system_stm32f1xx.o
    0x20000020   0x08002b00   0x00000041   Data   RW         2919    .data               shijue.o
    0x20000061   0x08002b41   0x00000003   PAD
    0x20000064   0x08002b44   0x00000004   Data   RW         2991    .data               bsp_delay.o
    0x20000068        -       0x00000040   Zero   RW           17    .bss                main.o
    0x200000a8        -       0x00000048   Zero   RW          219    .bss                tim.o
    0x200000f0        -       0x00000120   Zero   RW          264    .bss                usart.o
    0x20000210        -       0x00000400   Zero   RW            1    STACK               startup_stm32f103xe.o


==============================================================================

Image component sizes


      Code (inc. data)   RO Data    RW Data    ZI Data      Debug   Object Name

        20          4          0          4          0       2505   bsp_delay.o
       208         14          0          0          0       2763   gpio.o
       300         58          0          8         64     489568   main.o
      1236        142          0         65          0       6223   shijue.o
        36          8        304          0       1024        764   startup_stm32f103xe.o
       152         32          0          9          0       5621   stm32f1xx_hal.o
       344         22          0          0          0      29681   stm32f1xx_hal_cortex.o
       510         10          0          0          0       1775   stm32f1xx_hal_dma.o
       844         40          0          0          0       2572   stm32f1xx_hal_gpio.o
        84          8          0          0          0        814   stm32f1xx_hal_msp.o
      1748         98         18          0          0       5656   stm32f1xx_hal_rcc.o
       816         44          0          0          0       5311   stm32f1xx_hal_tim.o
       160         22          0          0          0       2281   stm32f1xx_hal_tim_ex.o
      2056          8          0          0          0      11424   stm32f1xx_hal_uart.o
       606        112          0          8          0       7955   stm32f1xx_it.o
         2          0         24          4          0        999   system_stm32f1xx.o
       144         20          0          0         72       1410   tim.o
       752         72          0          0        288       3303   usart.o

    ----------------------------------------------------------------------
     10032        714        380        104       1448     580625   Object Totals
         0          0         32          0          0          0   (incl. Generated)
        14          0          2          6          0          0   (incl. Padding)

    ----------------------------------------------------------------------

      Code (inc. data)   RO Data    RW Data    ZI Data      Debug   Library Member Name

         0          0          0          0          0          0   entry.o
         0          0          0          0          0          0   entry10a.o
         0          0          0          0          0          0   entry11a.o
         4          0          0          0          0          0   entry12b.o
         8          4          0          0          0          0   entry2.o
         4          0          0          0          0          0   entry5.o
         0          0          0          0          0          0   entry7b.o
         0          0          0          0          0          0   entry8b.o
         8          4          0          0          0          0   entry9a.o
        30          0          0          0          0          0   handlers.o
        36          8          0          0          0         68   init.o
        36          0          0          0          0        108   memseta.o
       390         10          0          0          0        252   printf1.o
        44          0          0          0          0         80   uidiv.o

    ----------------------------------------------------------------------
       564         26          0          0          0        508   Library Totals
         4          0          0          0          0          0   (incl. Padding)

    ----------------------------------------------------------------------

      Code (inc. data)   RO Data    RW Data    ZI Data      Debug   Library Name

       560         26          0          0          0        508   mc_w.l

    ----------------------------------------------------------------------
       564         26          0          0          0        508   Library Totals

    ----------------------------------------------------------------------

==============================================================================


      Code (inc. data)   RO Data    RW Data    ZI Data      Debug   

     10596        740        380        104       1448     576865   Grand Totals
     10596        740        380        104       1448     576865   ELF Image Totals
     10596        740        380        104          0          0   ROM Totals

==============================================================================

    Total RO  Size (Code + RO Data)                10976 (  10.72kB)
    Total RW  Size (RW Data + ZI Data)              1552 (   1.52kB)
    Total ROM Size (Code + RO Data + RW Data)      11080 (  10.82kB)

==============================================================================

