Component: ARM Compiler 5.06 update 7 (build 960) Tool: armlink [4d3601]

==============================================================================

Section Cross References

    main.o(.text) refers to drv_bsp.o(.text) for All_Init
    main.o(.text) refers to ano_scheduler.o(.text) for Scheduler_Setup
    ano_scheduler.o(.text) refers to lx_fc_fun.o(.text) for PID_init
    ano_scheduler.o(.text) refers to raspi_1.o(.bss) for base_link
    ano_scheduler.o(.text) refers to ano_scheduler.o(.data) for led_flag
    ano_scheduler.o(.text) refers to drv_bsp.o(.bss) for rc_in
    ano_scheduler.o(.text) refers to lanya.o(.data) for ok_flag
    ano_scheduler.o(.text) refers to drv_anoof.o(.bss) for ano_of
    ano_scheduler.o(.text) refers to stm32f4xx_tim.o(.text) for TIM_SetCompare4
    ano_scheduler.o(.text) refers to ano_lx.o(.data) for fc_att
    ano_scheduler.o(.text) refers to drv_bsp.o(.data) for my_yaw
    ano_scheduler.o(.text) refers to lanya.o(.text) for lanya_send
    ano_scheduler.o(.text) refers to drv_sys.o(.text) for GetSysRunTimeMs
    ano_scheduler.o(.data) refers to ano_scheduler.o(.text) for Loop_1000Hz
    user_task.o(.text) refers to lx_fc_fun.o(.text) for OneKey_Takeoff
    user_task.o(.text) refers to drv_bsp.o(.bss) for rc_in
    user_task.o(.text) refers to user_task.o(.data) for one_key_takeoff_f
    ano_dt_lx.o(.text) refers to drv_uart.o(.text) for DrvUart5SendBuf
    ano_dt_lx.o(.text) refers to ano_dt_lx.o(.bss) for dt
    ano_dt_lx.o(.text) refers to ano_lx.o(.bss) for pwm_to_esc
    ano_dt_lx.o(.text) refers to drv_led.o(.data) for led
    ano_dt_lx.o(.text) refers to lx_fc_state.o(.bss) for fc_sta
    ano_dt_lx.o(.text) refers to ano_lx.o(.data) for fc_vel
    ano_dt_lx.o(.text) refers to lanya.o(.data) for ok_flag
    ano_dt_lx.o(.text) refers to ano_dt_lx.o(.data) for rxstate
    ano_dt_lx.o(.text) refers to lx_fc_ext_sensor.o(.bss) for ext_sens
    ano_dt_lx.o(.text) refers to drv_bsp.o(.bss) for rc_in
    ano_dt_lx.o(.text) refers to raspi_1.o(.bss) for base_link
    ano_dt_lx.o(.text) refers to ano_scheduler.o(.data) for led_flag
    ano_lx.o(.text) refers to lx_fc_fun.o(.text) for LX_Change_Mode
    ano_lx.o(.text) refers to ano_math.o(.text) for my_deadzone
    ano_lx.o(.text) refers to drv_pwmout.o(.text) for DrvMotorPWMSet
    ano_lx.o(.text) refers to drv_adc.o(.text) for Drv_AdcGetBatVot
    ano_lx.o(.text) refers to drv_bsp.o(.bss) for rc_in
    ano_lx.o(.text) refers to ano_lx.o(.data) for mod_f
    ano_lx.o(.text) refers to lx_fc_state.o(.data) for sti_fun
    ano_lx.o(.text) refers to ano_lx.o(.bss) for rt_tar
    ano_lx.o(.text) refers to lx_fc_fun.o(.data) for Vx
    ano_lx.o(.text) refers to ano_dt_lx.o(.bss) for dt
    ano_lx.o(.text) refers to lx_fc_state.o(.bss) for fc_sta
    ano_lx.o(.text) refers to drv_bsp.o(.text) for DrvRcInputTask
    ano_lx.o(.text) refers to lx_fc_state.o(.text) for LX_FC_State_Task
    ano_lx.o(.text) refers to drv_anoof.o(.text) for AnoOF_Check_State
    ano_lx.o(.text) refers to drv_uart.o(.text) for DrvUartDataCheck
    ano_lx.o(.text) refers to drv_ubloxgps.o(.text) for GPS_Data_Prepare_Task
    ano_lx.o(.text) refers to lx_fc_ext_sensor.o(.text) for LX_FC_EXT_Sensor_Task
    ano_lx.o(.text) refers to ano_dt_lx.o(.text) for ANO_LX_Data_Exchange_Task
    ano_lx.o(.text) refers to drv_led.o(.text) for LED_1ms_DRV
    lx_fc_ext_sensor.o(.text) refers to drv_anoof.o(.bss) for ano_of
    lx_fc_ext_sensor.o(.text) refers to lx_fc_ext_sensor.o(.data) for of_alt_update_cnt
    lx_fc_ext_sensor.o(.text) refers to lx_fc_ext_sensor.o(.bss) for ext_sens
    lx_fc_ext_sensor.o(.text) refers to ano_dt_lx.o(.bss) for dt
    lx_fc_fun.o(.text) refers to ano_dt_lx.o(.text) for CMD_Send
    lx_fc_fun.o(.text) refers to lx_fc_state.o(.bss) for fc_sta
    lx_fc_fun.o(.text) refers to ano_dt_lx.o(.bss) for dt
    lx_fc_fun.o(.text) refers to lx_fc_fun.o(.data) for old_mode
    lx_fc_fun.o(.text) refers to dflti.o(.text) for __aeabi_i2d
    lx_fc_fun.o(.text) refers to dmul.o(.text) for __aeabi_dmul
    lx_fc_fun.o(.text) refers to dfixi.o(.text) for __aeabi_d2iz
    lx_fc_fun.o(.text) refers to lx_fc_fun.o(.bss) for height_PID
    lx_fc_state.o(.text) refers to lx_fc_fun.o(.text) for FC_Unlock
    lx_fc_state.o(.text) refers to drv_bsp.o(.bss) for rc_in
    lx_fc_state.o(.text) refers to lx_fc_state.o(.data) for sti_fun
    lx_fc_state.o(.text) refers to lx_fc_state.o(.bss) for fc_sta
    drv_bsp.o(.text) refers to drv_rcin.o(.text) for DrvRcPpmInit
    drv_bsp.o(.text) refers to drv_sys.o(.text) for DrvSysInit
    drv_bsp.o(.text) refers to drv_led.o(.text) for DvrLedInit
    drv_bsp.o(.text) refers to drv_pwmout.o(.text) for DrvPwmOutInit
    drv_bsp.o(.text) refers to drv_uart.o(.text) for DrvUart1Init
    drv_bsp.o(.text) refers to drv_adc.o(.text) for DrvAdcInit
    drv_bsp.o(.text) refers to ano_dt_lx.o(.text) for ANO_DT_Init
    drv_bsp.o(.text) refers to drv_ubloxgps.o(.text) for Init_GPS
[...]
    .text                                    0x08005a04   Section        0  lx_fc_state.o(.text)
    LX_Unlock_Lock_Check                     0x08005a05   Thumb Code   438  lx_fc_state.o(.text)
    .text                                    0x08005c88   Section        0  drv_bsp.o(.text)
    rcSignalCheck                            0x08005fbd   Thumb Code   168  drv_bsp.o(.text)
    .text                                    0x080061c4   Section        0  ano_math.o(.text)
    .text                                    0x08006a40   Section        0  drv_anoof.o(.text)
    AnoOF_DataAnl                            0x08006af5   Thumb Code   364  drv_anoof.o(.text)
    .text                                    0x08006d80   Section        0  drv_ubloxgps.o(.text)
    .text                                    0x08007128   Section        0  raspi_1.o(.text)
    .text                                    0x080072a0   Section        0  lanya.o(.text)
    .text                                    0x08007554   Section        0  stm32f4xx_it.o(.text)
    .text                                    0x080075d0   Section        0  drv_sys.o(.text)
    .text                                    0x080076d8   Section        0  drv_adc.o(.text)
    initAdcDMA                               0x080076d9   Thumb Code   108  drv_adc.o(.text)
    .text                                    0x0800786c   Section        0  drv_led.o(.text)
    .text                                    0x080079cc   Section        0  drv_pwmout.o(.text)
    .text                                    0x08007d48   Section        0  drv_rcin.o(.text)
    .text                                    0x08007f2c   Section        0  drv_timer.o(.text)
    .text                                    0x080080c8   Section        0  drv_uart.o(.text)
    .text                                    0x08008b30   Section       36  startup_stm32f4xx.o(.text)
    $v0                                      0x08008b30   Number         0  startup_stm32f4xx.o(.text)
    .text                                    0x08008b54   Section        0  system_stm32f4xx.o(.text)
    SetSysClock                              0x08008b55   Thumb Code   220  system_stm32f4xx.o(.text)
    .text                                    0x08008d64   Section        0  misc.o(.text)
    .text                                    0x08008f24   Section        0  stm32f4xx_adc.o(.text)
    .text                                    0x08009f00   Section        0  stm32f4xx_dma.o(.text)
    .text                                    0x0800b268   Section        0  stm32f4xx_exti.o(.text)
    .text                                    0x0800b53c   Section        0  stm32f4xx_gpio.o(.text)
    .text                                    0x0800be04   Section        0  stm32f4xx_rcc.o(.text)
    .text                                    0x0800cb00   Section        0  stm32f4xx_tim.o(.text)
    TI4_Config                               0x0800e779   Thumb Code    80  stm32f4xx_tim.o(.text)
    TI3_Config                               0x0800e85d   Thumb Code    72  stm32f4xx_tim.o(.text)
    TI2_Config                               0x0800e91b   Thumb Code    80  stm32f4xx_tim.o(.text)
    TI1_Config                               0x0800e9f1   Thumb Code    58  stm32f4xx_tim.o(.text)
    .text                                    0x0800fcec   Section        0  stm32f4xx_usart.o(.text)
    .text                                    0x08010b10   Section        0  dadd.o(.text)
    .text                                    0x08010c5e   Section        0  dmul.o(.text)
    .text                                    0x08010d42   Section        0  dflti.o(.text)
    .text                                    0x08010d64   Section        0  dfixi.o(.text)
    .text                                    0x08010da4   Section       48  cdcmple.o(.text)
    .text                                    0x08010dd4   Section       48  cdrcmple.o(.text)
    .text                                    0x08010e04   Section        0  d2f.o(.text)
    .text                                    0x08010e3c   Section        0  llshl.o(.text)
    .text                                    0x08010e5a   Section        0  llushr.o(.text)
    .text                                    0x08010e7a   Section        0  llsshr.o(.text)
    .text                                    0x08010e9e   Section        0  fepilogue.o(.text)
    .text                                    0x08010e9e   Section        0  iusefp.o(.text)
    .text                                    0x08010f0c   Section        0  depilogue.o(.text)
    .text                                    0x08010fc8   Section       36  init.o(.text)
    .text                                    0x08010fec   Section        0  __dczerorl2.o(.text)
    i.__scatterload_copy                     0x08011042   Section       14  handlers.o(i.__scatterload_copy)
    i.__scatterload_null                     0x08011050   Section        2  handlers.o(i.__scatterload_null)
    i.__scatterload_zeroinit                 0x08011052   Section       14  handlers.o(i.__scatterload_zeroinit)
    .constdata                               0x08011060   Section     1028  ano_math.o(.constdata)
    .conststring                             0x08011464   Section       72  misc.o(.conststring)
    .conststring                             0x080114ac   Section       81  stm32f4xx_adc.o(.conststring)
    .conststring                             0x08011500   Section       81  stm32f4xx_dma.o(.conststring)
    .conststring                             0x08011554   Section       82  stm32f4xx_exti.o(.conststring)
    .conststring                             0x080115a8   Section       82  stm32f4xx_gpio.o(.conststring)
    .conststring                             0x080115fc   Section       81  stm32f4xx_rcc.o(.conststring)
    .conststring                             0x08011650   Section       81  stm32f4xx_tim.o(.conststring)
    .conststring                             0x080116a4   Section       83  stm32f4xx_usart.o(.conststring)
    .data                                    0x20000000   Section      144  ano_scheduler.o(.data)
    sched_tasks                              0x2000003c   Data          84  ano_scheduler.o(.data)
    .data                                    0x20000090   Section        6  ano_dt_lx.o(.data)
    DT_data_cnt                              0x20000090   Data           1  ano_dt_lx.o(.data)
    repeat_cnt                               0x20000091   Data           1  ano_dt_lx.o(.data)
    _data_len                                0x20000092   Data           1  ano_dt_lx.o(.data)
    _data_cnt                                0x20000093   Data           1  ano_dt_lx.o(.data)
    rxstate                                  0x20000094   Data           1  ano_dt_lx.o(.data)
    time_dly                                 0x20000095   Data           1  ano_dt_lx.o(.data)
    .data                                    0x20000096   Section       30  ano_lx.o(.data)
    fail_safe_change_mod                     0x200000a7   Data           1  ano_lx.o(.data)
    fail_safe_return_home                    0x200000a8   Data           1  ano_lx.o(.data)
    mod_f                                    0x200000a9   Data           3  ano_lx.o(.data)
    mod_f_time_cnt                           0x200000ac   Data           2  ano_lx.o(.data)
    esc_calibrated                           0x200000ae   Data           1  ano_lx.o(.data)
    tmp_cnt                                  0x200000b0   Data           4  ano_lx.o(.data)
    .data                                    0x200000b4   Section        4  lx_fc_ext_sensor.o(.data)
    of_update_cnt                            0x200000b4   Data           1  lx_fc_ext_sensor.o(.data)
    of_alt_update_cnt                        0x200000b5   Data           1  lx_fc_ext_sensor.o(.data)
    dT_ms                                    0x200000b6   Data           1  lx_fc_ext_sensor.o(.data)
    of_alt_update_cnt                        0x200000b7   Data           1  lx_fc_ext_sensor.o(.data)
    .data                                    0x200000b8   Section        9  lx_fc_fun.o(.data)
    old_mode                                 0x200000c0   Data           1  lx_fc_fun.o(.data)
    .data                                    0x200000c2   Section        6  lx_fc_state.o(.data)
    time_dly_cnt_ms                          0x200000c4   Data           2  lx_fc_state.o(.data)
    unlock_lock_flag                         0x200000c6   Data           1  lx_fc_state.o(.data)
    cali_f                                   0x200000c7   Data           1  lx_fc_state.o(.data)
    .data                                    0x200000c8   Section       19  drv_bsp.o(.data)
    ch_sta                                   0x200000ca   Data           1  drv_bsp.o(.data)
    sbus_time                                0x200000cc   Data           8  drv_bsp.o(.data)
    cnt                                      0x200000d4   Data           1  drv_bsp.o(.data)
    frame_cnt                                0x200000d5   Data           1  drv_bsp.o(.data)
    cnt_tmp                                  0x200000d6   Data           1  drv_bsp.o(.data)
    time_dly                                 0x200000d8   Data           2  drv_bsp.o(.data)
    failsafe                                 0x200000da   Data           1  drv_bsp.o(.data)
    .data                                    0x200000db   Section        3  drv_anoof.o(.data)
    _data_len                                0x200000db   Data           1  drv_anoof.o(.data)
    _data_cnt                                0x200000dc   Data           1  drv_anoof.o(.data)
    rxstate                                  0x200000dd   Data           1  drv_anoof.o(.data)
    .data                                    0x200000de   Section      182  drv_ubloxgps.o(.data)
    protocol_class                           0x2000018d   Data           1  drv_ubloxgps.o(.data)
    protocol_id                              0x2000018e   Data           1  drv_ubloxgps.o(.data)
    protocol_length_t                        0x2000018f   Data           1  drv_ubloxgps.o(.data)
    protocol_length                          0x20000190   Data           2  drv_ubloxgps.o(.data)
    state                                    0x20000193   Data           1  drv_ubloxgps.o(.data)
    .data                                    0x20000194   Section       18  raspi_1.o(.data)
    my_flag                                  0x200001a0   Data           1  raspi_1.o(.data)
    _datalen                                 0x200001a1   Data           1  raspi_1.o(.data)
    Radar_cnt                                0x200001a2   Data           1  raspi_1.o(.data)
    Rader_up                                 0x200001a3   Data           1  raspi_1.o(.data)
    my_flag_dist                             0x200001a4   Data           1  raspi_1.o(.data)
    _datalen_dist                            0x200001a5   Data           1  raspi_1.o(.data)
    .data                                    0x200001a6   Section       31  lanya.o(.data)
    BlueRxCounter                            0x200001bf   Data           1  lanya.o(.data)
    BlueRxState                              0x200001c0   Data           1  lanya.o(.data)
    stage                                    0x200001c1   Data           1  lanya.o(.data)
    RxCounter1                               0x200001c2   Data           1  lanya.o(.data)
    RxState                                  0x200001c3   Data           1  lanya.o(.data)
    RxFlag1                                  0x200001c4   Data           1  lanya.o(.data)
    .data                                    0x200001c8   Section        8  drv_sys.o(.data)
    SysRunTimeMs                             0x200001c8   Data           8  drv_sys.o(.data)
    .data                                    0x200001d0   Section       12  drv_led.o(.data)
    led_cnt                                  0x200001d4   Data           8  drv_led.o(.data)
    .data                                    0x200001dc   Section        4  drv_rcin.o(.data)
    temp_cnt                                 0x200001dc   Data           4  drv_rcin.o(.data)
    .data                                    0x200001e0   Section       25  drv_uart.o(.data)
    .data                                    0x200001fc   Section       20  system_stm32f4xx.o(.data)
    .data                                    0x20000210   Section       16  stm32f4xx_rcc.o(.data)
    APBAHBPrescTable                         0x20000210   Data          16  stm32f4xx_rcc.o(.data)
    .bss                                     0x20000220   Section     1872  ano_dt_lx.o(.bss)
    DT_RxBuffer                              0x20000870   Data         256  ano_dt_lx.o(.bss)
    .bss                                     0x20000970   Section       56  ano_lx.o(.bss)
    pwm                                      0x20000998   Data          16  ano_lx.o(.bss)
    .bss                                     0x200009a8   Section       48  lx_fc_ext_sensor.o(.bss)
    .bss                                     0x200009d8   Section       56  lx_fc_fun.o(.bss)
    .bss                                     0x20000a10   Section       11  lx_fc_state.o(.bss)
    .bss                                     0x20000a1c   Section      107  drv_bsp.o(.bss)
    datatmp                                  0x20000a6e   Data          25  drv_bsp.o(.bss)
    .bss                                     0x20000a88   Section      124  drv_anoof.o(.bss)
    _datatemp                                0x20000ac4   Data          50  drv_anoof.o(.bss)
    check_time_ms                            0x20000af8   Data          12  drv_anoof.o(.bss)
    .bss                                     0x20000b04   Section      100  drv_ubloxgps.o(.bss)
    .bss                                     0x20000b68   Section      144  raspi_1.o(.bss)
    DataReceive                              0x20000bbc   Data          30  raspi_1.o(.bss)
    DataReceive_dist                         0x20000bda   Data          30  raspi_1.o(.bss)
    .bss                                     0x20000bf8   Section       18  lanya.o(.bss)
    RxBuffer1                                0x20000bf8   Data          18  lanya.o(.bss)
    .bss                                     0x20000c0a   Section      100  drv_adc.o(.bss)
    .bss                                     0x20000c6e   Section     1780  drv_uart.o(.bss)
    STACK                                    0x20001368   Section     2048  startup_stm32f4xx.o(STACK)

    Global Symbols

    Symbol Name                              Value     Ov Type        Size  Object(Section)

    BuildAttributes$$THM_ISAv4$E$P$D$K$B$S$7EM$VFPi3$EXTD16$VFPS$VFMA$PE$A:L22UL41UL21$X:L11$S22US41US21$IEEE1$IW$USESV6$~STKCKD$USESV7$~SHL$OTIME$ROPI$EBA8$MICROLIB$REQ8$PRES8$EABIv2 0x00000000   Number         0  anon$$obj.o ABSOLUTE
    __ARM_use_no_argv                        0x00000000   Number         0  main.o ABSOLUTE
    __arm_fini_                               - Undefined Weak Reference
    __cpp_initialize__aeabi_                  - Undefined Weak Reference
    __cxa_finalize                            - Undefined Weak Reference
    _clock_init                               - Undefined Weak Reference
    _microlib_exit                            - Undefined Weak Reference
    __Vectors_Size                           0x00000188   Number         0  startup_stm32f4xx.o ABSOLUTE
    __Vectors                                0x08000000   Data           4  startup_stm32f4xx.o(RESET)
    __Vectors_End                            0x08000188   Data           0  startup_stm32f4xx.o(RESET)
    __main                                   0x08000189   Thumb Code     0  entry.o(.ARM.Collect$$$$00000000)
    _main_stk                                0x08000189   Thumb Code     0  entry2.o(.ARM.Collect$$$$00000001)
    _main_scatterload                        0x0800018d   Thumb Code     0  entry5.o(.ARM.Collect$$$$00000004)
    __main_after_scatterload                 0x08000191   Thumb Code     0  entry5.o(.ARM.Collect$$$$00000004)
    _main_clock                              0x08000191   Thumb Code     0  entry7b.o(.ARM.Collect$$$$00000008)
    _main_cpp_init                           0x08000191   Thumb Code     0  entry8b.o(.ARM.Collect$$$$0000000A)
    _main_init                               0x08000191   Thumb Code     0  entry9a.o(.ARM.Collect$$$$0000000B)
    __rt_lib_shutdown_fini                   0x08000199   Thumb Code     0  entry12b.o(.ARM.Collect$$$$0000000E)
    __rt_final_cpp                           0x0800019d   Thumb Code     0  entry10a.o(.ARM.Collect$$$$0000000F)
    __rt_final_exit                          0x0800019d   Thumb Code     0  entry11a.o(.ARM.Collect$$$$00000011)
    assert_failed                            0x080001a1   Thumb Code     4  main.o(.text)
    main                                     0x080001a5   Thumb Code    16  main.o(.text)
    jiguang_test                             0x080001b5   Thumb Code   138  ano_scheduler.o(.text)
    test1                                    0x0800023f   Thumb Code  1070  ano_scheduler.o(.text)
    test2                                    0x0800066d   Thumb Code  5178  ano_scheduler.o(.text)
    test                                     0x08001aa7   Thumb Code  1648  ano_scheduler.o(.text)
    error_land                               0x08002117   Thumb Code   114  ano_scheduler.o(.text)
    move_pos                                 0x08002189   Thumb Code   488  ano_scheduler.o(.text)
    Scheduler_Setup                          0x080043a5   Thumb Code    76  ano_scheduler.o(.text)
    Scheduler_Run                            0x080043f1   Thumb Code    76  ano_scheduler.o(.text)
    ANO_DT_Init                              0x08004485   Thumb Code   188  ano_dt_lx.o(.text)
    CK_Back                                  0x08004551   Thumb Code    12  ano_dt_lx.o(.text)
    PAR_Back                                 0x0800455d   Thumb Code    14  ano_dt_lx.o(.text)
    ANO_DT_LX_Data_Receive_Prepare           0x08004769   Thumb Code   312  ano_dt_lx.o(.text)
    CMD_Send                                 0x08004cb1   Thumb Code    22  ano_dt_lx.o(.text)
    ANO_LX_Data_Exchange_Task                0x08004cc7   Thumb Code    74  ano_dt_lx.o(.text)
    ANO_LX_Task                              0x080051d5   Thumb Code   144  ano_lx.o(.text)
    LX_FC_EXT_Sensor_Task                    0x08005271   Thumb Code    78  lx_fc_ext_sensor.o(.text)
    FC_Unlock                                0x08005355   Thumb Code    56  lx_fc_fun.o(.text)
    FC_Lock                                  0x0800538d   Thumb Code    56  lx_fc_fun.o(.text)
    LX_Change_Mode                           0x080053c5   Thumb Code    80  lx_fc_fun.o(.text)
    OneKey_Return_Home                       0x08005415   Thumb Code    50  lx_fc_fun.o(.text)
    OneKey_Takeoff                           0x08005447   Thumb Code    66  lx_fc_fun.o(.text)
    OneKey_Land                              0x08005489   Thumb Code    50  lx_fc_fun.o(.text)
    Horizontal_Move                          0x080054bb   Thumb Code    98  lx_fc_fun.o(.text)
    Angel_Move_Left                          0x0800551d   Thumb Code    82  lx_fc_fun.o(.text)
    Angel_Move_Right                         0x0800556f   Thumb Code    82  lx_fc_fun.o(.text)
    Horizontal_Calibrate                     0x080055c1   Thumb Code    50  lx_fc_fun.o(.text)
    Mag_Calibrate                            0x080055f3   Thumb Code    50  lx_fc_fun.o(.text)
    ACC_Calibrate                            0x08005625   Thumb Code    50  lx_fc_fun.o(.text)
    GYR_Calibrate                            0x08005657   Thumb Code    50  lx_fc_fun.o(.text)
    tar_setdata                              0x08005689   Thumb Code    20  lx_fc_fun.o(.text)
    Height_Move                              0x0800569d   Thumb Code    82  lx_fc_fun.o(.text)
    Low_Move                                 0x080056ef   Thumb Code   110  lx_fc_fun.o(.text)
    Yaw_get                                  0x0800575d   Thumb Code    50  lx_fc_fun.o(.text)
    PID_init                                 0x0800578f   Thumb Code    82  lx_fc_fun.o(.text)
    height_set                               0x080057e1   Thumb Code   154  lx_fc_fun.o(.text)
    xypid_set                                0x0800587b   Thumb Code   152  lx_fc_fun.o(.text)
    xyPos_set                                0x08005913   Thumb Code   138  lx_fc_fun.o(.text)
    Yaw_set                                  0x0800599d   Thumb Code    68  lx_fc_fun.o(.text)
    LX_Cali_Trig_Check                       0x08005bbb   Thumb Code   150  lx_fc_state.o(.text)
    LX_FC_State_Task                         0x08005c51   Thumb Code    26  lx_fc_state.o(.text)
    DrvRcInputInit                           0x08005c89   Thumb Code    20  drv_bsp.o(.text)
    All_Init                                 0x08005c9d   Thumb Code   148  drv_bsp.o(.text)
    DrvPpmGetOneCh                           0x08005d31   Thumb Code    92  drv_bsp.o(.text)
    DrvSbusGetOneByte                        0x08005d8d   Thumb Code   560  drv_bsp.o(.text)
    DrvRcInputTask                           0x08006065   Thumb Code   336  drv_bsp.o(.text)
    my_abs                                   0x080061c5   Thumb Code    26  ano_math.o(.text)
    fast_atan2                               0x080061df   Thumb Code   350  ano_math.o(.text)
    my_atan                                  0x0800633d   Thumb Code    24  ano_math.o(.text)
    my_sqrt_reciprocal                       0x08006355   Thumb Code    76  ano_math.o(.text)
    my_sqrt                                  0x080063a1   Thumb Code    20  ano_math.o(.text)
    mx_sin                                   0x080063b5   Thumb Code   292  ano_math.o(.text)
    my_sin                                   0x080064d9   Thumb Code   108  ano_math.o(.text)
    my_cos                                   0x08006545   Thumb Code   136  ano_math.o(.text)
    my_deadzone                              0x080065cd   Thumb Code   152  ano_math.o(.text)
    my_deadzone_2                            0x08006665   Thumb Code    48  ano_math.o(.text)
    my_HPF                                   0x08006695   Thumb Code   346  ano_math.o(.text)
    To_180_degrees_db                        0x080067ef   Thumb Code   108  ano_math.o(.text)
    length_limit                             0x0800685b   Thumb Code   140  ano_math.o(.text)
    fifo                                     0x080068e7   Thumb Code    42  ano_math.o(.text)
    rot_vec_2                                0x08006911   Thumb Code    84  ano_math.o(.text)
    vec_2_cross_product                      0x08006965   Thumb Code    26  ano_math.o(.text)
    vec_2_dot_product                        0x0800697f   Thumb Code    26  ano_math.o(.text)
    vec_3_cross_product_err_sinx             0x08006999   Thumb Code    86  ano_math.o(.text)
    vec_3_dot_product                        0x080069ef   Thumb Code    38  ano_math.o(.text)
    AnoOF_Check_State                        0x08006a41   Thumb Code   180  drv_anoof.o(.text)
    AnoOF_GetOneByte                         0x08006c61   Thumb Code   252  drv_anoof.o(.text)
    GPS_Data_Prepare_Task                    0x08006d81   Thumb Code   306  drv_ubloxgps.o(.text)
    GPS_Rate_H                               0x08006eb3   Thumb Code    12  drv_ubloxgps.o(.text)
    GPS_Rate_L                               0x08006ebf   Thumb Code    12  drv_ubloxgps.o(.text)
    Init_GPS                                 0x08006ecb   Thumb Code   196  drv_ubloxgps.o(.text)
    UBLOX_M8_GPS_Data_Receive                0x08006f8f   Thumb Code   328  drv_ubloxgps.o(.text)
    T265_data                                0x08007129   Thumb Code   354  raspi_1.o(.text)
    Lanya_Receive_Data                       0x080072a1   Thumb Code   198  lanya.o(.text)
    lanya_send                               0x08007367   Thumb Code   132  lanya.o(.text)
    Openmv_Receive_Data                      0x080073eb   Thumb Code   302  lanya.o(.text)
    NMI_Handler                              0x08007555   Thumb Code     2  stm32f4xx_it.o(.text)
    MemManage_Handler                        0x08007557   Thumb Code     4  stm32f4xx_it.o(.text)
    BusFault_Handler                         0x0800755b   Thumb Code     4  stm32f4xx_it.o(.text)
    UsageFault_Handler                       0x0800755f   Thumb Code     4  stm32f4xx_it.o(.text)
    SVC_Handler                              0x08007563   Thumb Code     2  stm32f4xx_it.o(.text)
    DebugMon_Handler                         0x08007565   Thumb Code     2  stm32f4xx_it.o(.text)
    EXTI9_5_IRQHandler                       0x08007567   Thumb Code    18  stm32f4xx_it.o(.text)
    TIM3_IRQHandler                          0x08007579   Thumb Code     8  stm32f4xx_it.o(.text)
    TIM4_IRQHandler                          0x08007581   Thumb Code     2  stm32f4xx_it.o(.text)
    TIM7_IRQHandler                          0x08007583   Thumb Code    26  stm32f4xx_it.o(.text)
    USART1_IRQHandler                        0x0800759d   Thumb Code     8  stm32f4xx_it.o(.text)
    USART2_IRQHandler                        0x080075a5   Thumb Code     8  stm32f4xx_it.o(.text)
    USART3_IRQHandler                        0x080075ad   Thumb Code     8  stm32f4xx_it.o(.text)
    UART4_IRQHandler                         0x080075b5   Thumb Code     8  stm32f4xx_it.o(.text)
    UART5_IRQHandler                         0x080075bd   Thumb Code     8  stm32f4xx_it.o(.text)
    USART6_IRQHandler                        0x080075c5   Thumb Code     8  stm32f4xx_it.o(.text)
    SysTick_Init                             0x080075d1   Thumb Code   100  drv_sys.o(.text)
    SysTick_Handler                          0x08007635   Thumb Code    20  drv_sys.o(.text)
    GetSysRunTimeMs                          0x08007649   Thumb Code     6  drv_sys.o(.text)
    GetSysRunTimeUs                          0x0800764f   Thumb Code    62  drv_sys.o(.text)
    MyDelayUs                                0x0800768d   Thumb Code    24  drv_sys.o(.text)
    MyDelayMs                                0x080076a5   Thumb Code    24  drv_sys.o(.text)
    DrvSysInit                               0x080076bd   Thumb Code    16  drv_sys.o(.text)
    DrvAdcInit                               0x08007745   Thumb Code   168  drv_adc.o(.text)
    Drv_AdcGetBatVot                         0x080077ed   Thumb Code    92  drv_adc.o(.text)
    jiguangInit                              0x0800786d   Thumb Code    64  drv_led.o(.text)
    DvrLedInit                               0x080078ad   Thumb Code   112  drv_led.o(.text)
    LED_On_Off                               0x0800791d   Thumb Code    82  drv_led.o(.text)
    LED_1ms_DRV                              0x0800796f   Thumb Code    78  drv_led.o(.text)
    DrvPwmOutInit                            0x080079cd   Thumb Code   742  drv_pwmout.o(.text)
    DrvMotorPWMSet                           0x08007cb3   Thumb Code   112  drv_pwmout.o(.text)
    DrvRcPpmInit                             0x08007d49   Thumb Code   176  drv_rcin.o(.text)
    PPM_IRQH                                 0x08007df9   Thumb Code    82  drv_rcin.o(.text)
    DrvRcSbusInit                            0x08007e4b   Thumb Code   166  drv_rcin.o(.text)
    Sbus_IRQH                                0x08007ef1   Thumb Code    40  drv_rcin.o(.text)
    TIM_CONF                                 0x08007f2d   Thumb Code    80  drv_timer.o(.text)
    TIM_NVIC                                 0x08007f7d   Thumb Code    32  drv_timer.o(.text)
    DrvTimerFcInit                           0x08007f9d   Thumb Code    24  drv_timer.o(.text)
    initServoPWM                             0x08007fb5   Thumb Code    58  drv_timer.o(.text)
    initServoChannel                         0x08007fef   Thumb Code   214  drv_timer.o(.text)
    NoUse                                    0x080080c9   Thumb Code     2  drv_uart.o(.text)
    DrvUart1Init                             0x080080cb   Thumb Code   252  drv_uart.o(.text)
    DrvUart1SendBuf                          0x080081c7   Thumb Code    60  drv_uart.o(.text)
    drvU1GetByte                             0x08008203   Thumb Code    32  drv_uart.o(.text)
    drvU1DataCheck                           0x08008223   Thumb Code    52  drv_uart.o(.text)
    Usart1_IRQ                               0x08008257   Thumb Code   114  drv_uart.o(.text)
    DrvUart2Init                             0x080082c9   Thumb Code   234  drv_uart.o(.text)
    DrvUart2SendBuf                          0x080083b3   Thumb Code    62  drv_uart.o(.text)
    drvU2GetByte                             0x080083f1   Thumb Code    32  drv_uart.o(.text)
    drvU2DataCheck                           0x08008411   Thumb Code    52  drv_uart.o(.text)
    Usart2_IRQ                               0x08008445   Thumb Code   120  drv_uart.o(.text)
    DrvUart3Init                             0x080084bd   Thumb Code   318  drv_uart.o(.text)
    DrvUart3SendBuf                          0x080085fb   Thumb Code    62  drv_uart.o(.text)
    drvU3GetByte                             0x08008639   Thumb Code    32  drv_uart.o(.text)
    drvU3DataCheck                           0x08008659   Thumb Code    52  drv_uart.o(.text)
    Usart3_IRQ                               0x0800868d   Thumb Code   120  drv_uart.o(.text)
    DrvUart4Init                             0x08008705   Thumb Code   200  drv_uart.o(.text)
    DrvUart4SendBuf                          0x080087cd   Thumb Code    62  drv_uart.o(.text)
    drvU4GetByte                             0x0800880b   Thumb Code    32  drv_uart.o(.text)
    drvU4DataCheck                           0x0800882b   Thumb Code    52  drv_uart.o(.text)
    Uart4_IRQ                                0x0800885f   Thumb Code   120  drv_uart.o(.text)
    DrvUart5Init                             0x080088d7   Thumb Code   288  drv_uart.o(.text)
    DrvUart5SendBuf                          0x080089f7   Thumb Code    60  drv_uart.o(.text)
    drvU5GetByte                             0x08008a33   Thumb Code    32  drv_uart.o(.text)
    drvU5DataCheck                           0x08008a53   Thumb Code    52  drv_uart.o(.text)
    Uart5_IRQ                                0x08008a87   Thumb Code   110  drv_uart.o(.text)
    DrvUartDataCheck                         0x08008af5   Thumb Code    24  drv_uart.o(.text)
    Reset_Handler                            0x08008b31   Thumb Code     8  startup_stm32f4xx.o(.text)
    HardFault_Handler                        0x08008b3b   Thumb Code     2  startup_stm32f4xx.o(.text)
    PendSV_Handler                           0x08008b47   Thumb Code     2  startup_stm32f4xx.o(.text)
    ADC_IRQHandler                           0x08008b4b   Thumb Code     0  startup_stm32f4xx.o(.text)
    CAN1_RX0_IRQHandler                      0x08008b4b   Thumb Code     0  startup_stm32f4xx.o(.text)
    CAN1_RX1_IRQHandler                      0x08008b4b   Thumb Code     0  startup_stm32f4xx.o(.text)
    CAN1_SCE_IRQHandler                      0x08008b4b   Thumb Code     0  startup_stm32f4xx.o(.text)
    CAN1_TX_IRQHandler                       0x08008b4b   Thumb Code     0  startup_stm32f4xx.o(.text)
    CAN2_RX0_IRQHandler                      0x08008b4b   Thumb Code     0  startup_stm32f4xx.o(.text)
    CAN2_RX1_IRQHandler                      0x08008b4b   Thumb Code     0  startup_stm32f4xx.o(.text)
    CAN2_SCE_IRQHandler                      0x08008b4b   Thumb Code     0  startup_stm32f4xx.o(.text)
    CAN2_TX_IRQHandler                       0x08008b4b   Thumb Code     0  startup_stm32f4xx.o(.text)
    CRYP_IRQHandler                          0x08008b4b   Thumb Code     0  startup_stm32f4xx.o(.text)
    DCMI_IRQHandler                          0x08008b4b   Thumb Code     0  startup_stm32f4xx.o(.text)
    DMA1_Stream0_IRQHandler                  0x08008b4b   Thumb Code     0  startup_stm32f4xx.o(.text)
    DMA1_Stream1_IRQHandler                  0x08008b4b   Thumb Code     0  startup_stm32f4xx.o(.text)
    DMA1_Stream2_IRQHandler                  0x08008b4b   Thumb Code     0  startup_stm32f4xx.o(.text)
    DMA1_Stream3_IRQHandler                  0x08008b4b   Thumb Code     0  startup_stm32f4xx.o(.text)
    DMA1_Stream4_IRQHandler                  0x08008b4b   Thumb Code     0  startup_stm32f4xx.o(.text)
    DMA1_Stream5_IRQHandler                  0x08008b4b   Thumb Code     0  startup_stm32f4xx.o(.text)
    DMA1_Stream6_IRQHandler                  0x08008b4b   Thumb Code     0  startup_stm32f4xx.o(.text)
    DMA1_Stream7_IRQHandler                  0x08008b4b   Thumb Code     0  startup_stm32f4xx.o(.text)
    DMA2_Stream0_IRQHandler                  0x08008b4b   Thumb Code     0  startup_stm32f4xx.o(.text)
    DMA2_Stream1_IRQHandler                  0x08008b4b   Thumb Code     0  startup_stm32f4xx.o(.text)
    DMA2_Stream2_IRQHandler                  0x08008b4b   Thumb Code     0  startup_stm32f4xx.o(.text)
    DMA2_Stream3_IRQHandler                  0x08008b4b   Thumb Code     0  startup_stm32f4xx.o(.text)
    DMA2_Stream4_IRQHandler                  0x08008b4b   Thumb Code     0  startup_stm32f4xx.o(.text)
    DMA2_Stream5_IRQHandler                  0x08008b4b   Thumb Code     0  startup_stm32f4xx.o(.text)
    DMA2_Stream6_IRQHandler                  0x08008b4b   Thumb Code     0  startup_stm32f4xx.o(.text)
    DMA2_Stream7_IRQHandler                  0x08008b4b   Thumb Code     0  startup_stm32f4xx.o(.text)
    ETH_IRQHandler                           0x08008b4b   Thumb Code     0  startup_stm32f4xx.o(.text)
    ETH_WKUP_IRQHandler                      0x08008b4b   Thumb Code     0  startup_stm32f4xx.o(.text)
    EXTI0_IRQHandler                         0x08008b4b   Thumb Code     0  startup_stm32f4xx.o(.text)
    EXTI15_10_IRQHandler                     0x08008b4b   Thumb Code     0  startup_stm32f4xx.o(.text)
    EXTI1_IRQHandler                         0x08008b4b   Thumb Code     0  startup_stm32f4xx.o(.text)
    EXTI2_IRQHandler                         0x08008b4b   Thumb Code     0  startup_stm32f4xx.o(.text)
    EXTI3_IRQHandler                         0x08008b4b   Thumb Code     0  startup_stm32f4xx.o(.text)
    EXTI4_IRQHandler                         0x08008b4b   Thumb Code     0  startup_stm32f4xx.o(.text)
    FLASH_IRQHandler                         0x08008b4b   Thumb Code     0  startup_stm32f4xx.o(.text)
    FPU_IRQHandler                           0x08008b4b   Thumb Code     0  startup_stm32f4xx.o(.text)
    FSMC_IRQHandler                          0x08008b4b   Thumb Code     0  startup_stm32f4xx.o(.text)
    HASH_RNG_IRQHandler                      0x08008b4b   Thumb Code     0  startup_stm32f4xx.o(.text)
    I2C1_ER_IRQHandler                       0x08008b4b   Thumb Code     0  startup_stm32f4xx.o(.text)
    I2C1_EV_IRQHandler                       0x08008b4b   Thumb Code     0  startup_stm32f4xx.o(.text)
    I2C2_ER_IRQHandler                       0x08008b4b   Thumb Code     0  startup_stm32f4xx.o(.text)
    I2C2_EV_IRQHandler                       0x08008b4b   Thumb Code     0  startup_stm32f4xx.o(.text)
    I2C3_ER_IRQHandler                       0x08008b4b   Thumb Code     0  startup_stm32f4xx.o(.text)
    I2C3_EV_IRQHandler                       0x08008b4b   Thumb Code     0  startup_stm32f4xx.o(.text)
    OTG_FS_IRQHandler                        0x08008b4b   Thumb Code     0  startup_stm32f4xx.o(.text)
    OTG_FS_WKUP_IRQHandler                   0x08008b4b   Thumb Code     0  startup_stm32f4xx.o(.text)
    OTG_HS_EP1_IN_IRQHandler                 0x08008b4b   Thumb Code     0  startup_stm32f4xx.o(.text)
    OTG_HS_EP1_OUT_IRQHandler                0x08008b4b   Thumb Code     0  startup_stm32f4xx.o(.text)
    OTG_HS_IRQHandler                        0x08008b4b   Thumb Code     0  startup_stm32f4xx.o(.text)
    OTG_HS_WKUP_IRQHandler                   0x08008b4b   Thumb Code     0  startup_stm32f4xx.o(.text)
    PVD_IRQHandler                           0x08008b4b   Thumb Code     0  startup_stm32f4xx.o(.text)
    RCC_IRQHandler                           0x08008b4b   Thumb Code     0  startup_stm32f4xx.o(.text)
    RTC_Alarm_IRQHandler                     0x08008b4b   Thumb Code     0  startup_stm32f4xx.o(.text)
    RTC_WKUP_IRQHandler                      0x08008b4b   Thumb Code     0  startup_stm32f4xx.o(.text)
    SDIO_IRQHandler                          0x08008b4b   Thumb Code     0  startup_stm32f4xx.o(.text)
    SPI1_IRQHandler                          0x08008b4b   Thumb Code     0  startup_stm32f4xx.o(.text)
    SPI2_IRQHandler                          0x08008b4b   Thumb Code     0  startup_stm32f4xx.o(.text)
    SPI3_IRQHandler                          0x08008b4b   Thumb Code     0  startup_stm32f4xx.o(.text)
    TAMP_STAMP_IRQHandler                    0x08008b4b   Thumb Code     0  startup_stm32f4xx.o(.text)
    TIM1_BRK_TIM9_IRQHandler                 0x08008b4b   Thumb Code     0  startup_stm32f4xx.o(.text)
    TIM1_CC_IRQHandler                       0x08008b4b   Thumb Code     0  startup_stm32f4xx.o(.text)
    TIM1_TRG_COM_TIM11_IRQHandler            0x08008b4b   Thumb Code     0  startup_stm32f4xx.o(.text)
    TIM1_UP_TIM10_IRQHandler                 0x08008b4b   Thumb Code     0  startup_stm32f4xx.o(.text)
    TIM2_IRQHandler                          0x08008b4b   Thumb Code     0  startup_stm32f4xx.o(.text)
    TIM5_IRQHandler                          0x08008b4b   Thumb Code     0  startup_stm32f4xx.o(.text)
    TIM6_DAC_IRQHandler                      0x08008b4b   Thumb Code     0  startup_stm32f4xx.o(.text)
    TIM8_BRK_TIM12_IRQHandler                0x08008b4b   Thumb Code     0  startup_stm32f4xx.o(.text)
    TIM8_CC_IRQHandler                       0x08008b4b   Thumb Code     0  startup_stm32f4xx.o(.text)
    TIM8_TRG_COM_TIM14_IRQHandler            0x08008b4b   Thumb Code     0  startup_stm32f4xx.o(.text)
    TIM8_UP_TIM13_IRQHandler                 0x08008b4b   Thumb Code     0  startup_stm32f4xx.o(.text)
    WWDG_IRQHandler                          0x08008b4b   Thumb Code     0  startup_stm32f4xx.o(.text)
    SystemInit                               0x08008c31   Thumb Code    88  system_stm32f4xx.o(.text)
    SystemCoreClockUpdate                    0x08008c89   Thumb Code   174  system_stm32f4xx.o(.text)
    NVIC_PriorityGroupConfig                 0x08008d65   Thumb Code    54  misc.o(.text)
    NVIC_Init                                0x08008d9b   Thumb Code   164  misc.o(.text)
    NVIC_SetVectorTable                      0x08008e3f   Thumb Code    60  misc.o(.text)
    NVIC_SystemLPConfig                      0x08008e7b   Thumb Code    78  misc.o(.text)
    SysTick_CLKSourceConfig                  0x08008ec9   Thumb Code    62  misc.o(.text)
    ADC_DeInit                               0x08008f25   Thumb Code    22  stm32f4xx_adc.o(.text)
    ADC_Init                                 0x08008f3b   Thumb Code   402  stm32f4xx_adc.o(.text)
    ADC_StructInit                           0x080090cd   Thumb Code    20  stm32f4xx_adc.o(.text)
    ADC_CommonInit                           0x080090e1   Thumb Code   342  stm32f4xx_adc.o(.text)
    ADC_CommonStructInit                     0x08009237   Thumb Code    12  stm32f4xx_adc.o(.text)
    ADC_Cmd                                  0x08009243   Thumb Code    76  stm32f4xx_adc.o(.text)
    ADC_AnalogWatchdogCmd                    0x0800928f   Thumb Code   102  stm32f4xx_adc.o(.text)
    ADC_AnalogWatchdogThresholdsConfig       0x080092f5   Thumb Code   126  stm32f4xx_adc.o(.text)
    ADC_AnalogWatchdogSingleChannelConfig    0x08009373   Thumb Code   136  stm32f4xx_adc.o(.text)
    ADC_TempSensorVrefintCmd                 0x080093fb   Thumb Code    56  stm32f4xx_adc.o(.text)
    ADC_VBATCmd                              0x08009433   Thumb Code    56  stm32f4xx_adc.o(.text)
    ADC_RegularChannelConfig                 0x0800946b   Thumb Code   408  stm32f4xx_adc.o(.text)
    ADC_SoftwareStartConv                    0x08009603   Thumb Code    44  stm32f4xx_adc.o(.text)
    ADC_GetSoftwareStartConvStatus           0x0800962f   Thumb Code    54  stm32f4xx_adc.o(.text)
    ADC_EOCOnEachRegularChannelCmd           0x08009665   Thumb Code    76  stm32f4xx_adc.o(.text)
    ADC_ContinuousModeCmd                    0x080096b1   Thumb Code    76  stm32f4xx_adc.o(.text)
    ADC_DiscModeChannelCountConfig           0x080096fd   Thumb Code   100  stm32f4xx_adc.o(.text)
    ADC_DiscModeCmd                          0x08009761   Thumb Code    76  stm32f4xx_adc.o(.text)
    ADC_GetConversionValue                   0x080097ad   Thumb Code    40  stm32f4xx_adc.o(.text)
    ADC_GetMultiModeConversionValue          0x080097d5   Thumb Code     6  stm32f4xx_adc.o(.text)
    ADC_DMACmd                               0x080097db   Thumb Code    76  stm32f4xx_adc.o(.text)
    ADC_DMARequestAfterLastTransferCmd       0x08009827   Thumb Code    76  stm32f4xx_adc.o(.text)
    ADC_MultiModeDMARequestAfterLastTransferCmd 0x08009873   Thumb Code    60  stm32f4xx_adc.o(.text)
    ADC_InjectedChannelConfig                0x080098af   Thumb Code   332  stm32f4xx_adc.o(.text)
    ADC_InjectedSequencerLengthConfig        0x080099fb   Thumb Code    80  stm32f4xx_adc.o(.text)
    ADC_SetInjectedOffset                    0x08009a4b   Thumb Code   102  stm32f4xx_adc.o(.text)
    ADC_ExternalTrigInjectedConvConfig       0x08009ab1   Thumb Code   176  stm32f4xx_adc.o(.text)
    ADC_ExternalTrigInjectedConvEdgeConfig   0x08009b61   Thumb Code    82  stm32f4xx_adc.o(.text)
    ADC_SoftwareStartInjectedConv            0x08009bb3   Thumb Code    44  stm32f4xx_adc.o(.text)
    ADC_GetSoftwareStartInjectedConvCmdStatus 0x08009bdf   Thumb Code    54  stm32f4xx_adc.o(.text)
    ADC_AutoInjectedConvCmd                  0x08009c15   Thumb Code    76  stm32f4xx_adc.o(.text)
    ADC_InjectedDiscModeCmd                  0x08009c61   Thumb Code    76  stm32f4xx_adc.o(.text)
    ADC_GetInjectedConversionValue           0x08009cad   Thumb Code    88  stm32f4xx_adc.o(.text)
    ADC_ITConfig                             0x08009d05   Thumb Code   130  stm32f4xx_adc.o(.text)
    ADC_GetFlagStatus                        0x08009d87   Thumb Code    90  stm32f4xx_adc.o(.text)
    ADC_ClearFlag                            0x08009de1   Thumb Code    62  stm32f4xx_adc.o(.text)
    ADC_GetITStatus                          0x08009e1f   Thumb Code   122  stm32f4xx_adc.o(.text)
    ADC_ClearITPendingBit                    0x08009e99   Thumb Code    88  stm32f4xx_adc.o(.text)
    DMA_DeInit                               0x08009f01   Thumb Code   462  stm32f4xx_dma.o(.text)
    DMA_Init                                 0x0800a0cf   Thumb Code   684  stm32f4xx_dma.o(.text)
    DMA_StructInit                           0x0800a37b   Thumb Code    34  stm32f4xx_dma.o(.text)
    DMA_Cmd                                  0x0800a39d   Thumb Code   182  stm32f4xx_dma.o(.text)
    DMA_PeriphIncOffsetSizeConfig            0x0800a453   Thumb Code   184  stm32f4xx_dma.o(.text)
    DMA_FlowControllerConfig                 0x0800a50b   Thumb Code   182  stm32f4xx_dma.o(.text)
    DMA_SetCurrDataCounter                   0x0800a5c1   Thumb Code   146  stm32f4xx_dma.o(.text)
    DMA_GetCurrDataCounter                   0x0800a653   Thumb Code   146  stm32f4xx_dma.o(.text)
    DMA_DoubleBufferModeConfig               0x0800a6e5   Thumb Code   204  stm32f4xx_dma.o(.text)
    DMA_DoubleBufferModeCmd                  0x0800a7b1   Thumb Code   182  stm32f4xx_dma.o(.text)
    DMA_MemoryTargetConfig                   0x0800a867   Thumb Code   174  stm32f4xx_dma.o(.text)
    DMA_GetCurrentMemoryTarget               0x0800a915   Thumb Code   160  stm32f4xx_dma.o(.text)
    DMA_GetCmdStatus                         0x0800a9b5   Thumb Code   160  stm32f4xx_dma.o(.text)
    DMA_GetFIFOStatus                        0x0800aa55   Thumb Code   152  stm32f4xx_dma.o(.text)
    DMA_GetFlagStatus                        0x0800aaed   Thumb Code   486  stm32f4xx_dma.o(.text)
    DMA_ClearFlag                            0x0800acd3   Thumb Code   216  stm32f4xx_dma.o(.text)
    DMA_ITConfig                             0x0800adab   Thumb Code   238  stm32f4xx_dma.o(.text)
    DMA_GetITStatus                          0x0800ae99   Thumb Code   590  stm32f4xx_dma.o(.text)
    DMA_ClearITPendingBit                    0x0800b0e7   Thumb Code   216  stm32f4xx_dma.o(.text)
    EXTI_DeInit                              0x0800b269   Thumb Code    28  stm32f4xx_exti.o(.text)
    EXTI_Init                                0x0800b285   Thumb Code   236  stm32f4xx_exti.o(.text)
    EXTI_StructInit                          0x0800b371   Thumb Code    16  stm32f4xx_exti.o(.text)
    EXTI_GenerateSWInterrupt                 0x0800b381   Thumb Code    38  stm32f4xx_exti.o(.text)
    EXTI_GetFlagStatus                       0x0800b3a7   Thumb Code   158  stm32f4xx_exti.o(.text)
    EXTI_ClearFlag                           0x0800b445   Thumb Code    30  stm32f4xx_exti.o(.text)
    EXTI_GetITStatus                         0x0800b463   Thumb Code   172  stm32f4xx_exti.o(.text)
    EXTI_ClearITPendingBit                   0x0800b50f   Thumb Code    32  stm32f4xx_exti.o(.text)
    GPIO_DeInit                              0x0800b53d   Thumb Code   284  stm32f4xx_gpio.o(.text)
    GPIO_Init                                0x0800b659   Thumb Code   342  stm32f4xx_gpio.o(.text)
    GPIO_StructInit                          0x0800b7af   Thumb Code    18  stm32f4xx_gpio.o(.text)
    GPIO_PinLockConfig                       0x0800b7c1   Thumb Code   122  stm32f4xx_gpio.o(.text)
    GPIO_ReadInputDataBit                    0x0800b83b   Thumb Code   182  stm32f4xx_gpio.o(.text)
    GPIO_ReadInputData                       0x0800b8f1   Thumb Code   116  stm32f4xx_gpio.o(.text)
    GPIO_ReadOutputDataBit                   0x0800b965   Thumb Code   182  stm32f4xx_gpio.o(.text)
    GPIO_ReadOutputData                      0x0800ba1b   Thumb Code    76  stm32f4xx_gpio.o(.text)
    GPIO_SetBits                             0x0800ba67   Thumb Code    94  stm32f4xx_gpio.o(.text)
    GPIO_ResetBits                           0x0800bac5   Thumb Code    94  stm32f4xx_gpio.o(.text)
    GPIO_WriteBit                            0x0800bb23   Thumb Code   194  stm32f4xx_gpio.o(.text)
    GPIO_Write                               0x0800bbe5   Thumb Code    76  stm32f4xx_gpio.o(.text)
    GPIO_ToggleBits                          0x0800bc31   Thumb Code    80  stm32f4xx_gpio.o(.text)
    GPIO_PinAFConfig                         0x0800bc81   Thumb Code   382  stm32f4xx_gpio.o(.text)
    RCC_DeInit                               0x0800be05   Thumb Code    60  stm32f4xx_rcc.o(.text)
    RCC_HSEConfig                            0x0800be41   Thumb Code    38  stm32f4xx_rcc.o(.text)
    RCC_GetFlagStatus                        0x0800be67   Thumb Code   130  stm32f4xx_rcc.o(.text)
    RCC_WaitForHSEStartUp                    0x0800bee9   Thumb Code    56  stm32f4xx_rcc.o(.text)
    RCC_AdjustHSICalibrationValue            0x0800bf21   Thumb Code    38  stm32f4xx_rcc.o(.text)
    RCC_HSICmd                               0x0800bf47   Thumb Code    28  stm32f4xx_rcc.o(.text)
    RCC_LSEConfig                            0x0800bf63   Thumb Code    72  stm32f4xx_rcc.o(.text)
    RCC_LSICmd                               0x0800bfab   Thumb Code    28  stm32f4xx_rcc.o(.text)
    RCC_PLLConfig                            0x0800bfc7   Thumb Code   156  stm32f4xx_rcc.o(.text)
    RCC_PLLCmd                               0x0800c063   Thumb Code    28  stm32f4xx_rcc.o(.text)
    RCC_PLLI2SConfig                         0x0800c07f   Thumb Code    62  stm32f4xx_rcc.o(.text)
    RCC_PLLI2SCmd                            0x0800c0bd   Thumb Code    28  stm32f4xx_rcc.o(.text)
    RCC_ClockSecuritySystemCmd               0x0800c0d9   Thumb Code    28  stm32f4xx_rcc.o(.text)
    RCC_MCO1Config                           0x0800c0f5   Thumb Code   102  stm32f4xx_rcc.o(.text)
    RCC_MCO2Config                           0x0800c15b   Thumb Code   102  stm32f4xx_rcc.o(.text)
    RCC_SYSCLKConfig                         0x0800c1c1   Thumb Code    68  stm32f4xx_rcc.o(.text)
    RCC_GetSYSCLKSource                      0x0800c205   Thumb Code    10  stm32f4xx_rcc.o(.text)
    RCC_HCLKConfig                           0x0800c20f   Thumb Code    66  stm32f4xx_rcc.o(.text)
    RCC_PCLK1Config                          0x0800c251   Thumb Code    58  stm32f4xx_rcc.o(.text)
    RCC_PCLK2Config                          0x0800c28b   Thumb Code    60  stm32f4xx_rcc.o(.text)
    RCC_GetClocksFreq                        0x0800c2c7   Thumb Code   214  stm32f4xx_rcc.o(.text)
    RCC_RTCCLKConfig                         0x0800c39d   Thumb Code   260  stm32f4xx_rcc.o(.text)
    RCC_RTCCLKCmd                            0x0800c4a1   Thumb Code    28  stm32f4xx_rcc.o(.text)
    RCC_BackupResetCmd                       0x0800c4bd   Thumb Code    30  stm32f4xx_rcc.o(.text)
    RCC_I2SCLKConfig                         0x0800c4db   Thumb Code    28  stm32f4xx_rcc.o(.text)
    RCC_AHB1PeriphClockCmd                   0x0800c4f7   Thumb Code    78  stm32f4xx_rcc.o(.text)
    RCC_AHB2PeriphClockCmd                   0x0800c545   Thumb Code    78  stm32f4xx_rcc.o(.text)
    RCC_AHB3PeriphClockCmd                   0x0800c593   Thumb Code   234  stm32f4xx_rcc.o(.text)
    RCC_APB1PeriphClockCmd                   0x0800c67d   Thumb Code    70  stm32f4xx_rcc.o(.text)
    RCC_APB2PeriphClockCmd                   0x0800c6c3   Thumb Code    78  stm32f4xx_rcc.o(.text)
    RCC_AHB1PeriphResetCmd                   0x0800c711   Thumb Code    78  stm32f4xx_rcc.o(.text)
    RCC_AHB2PeriphResetCmd                   0x0800c75f   Thumb Code    78  stm32f4xx_rcc.o(.text)
    RCC_AHB3PeriphResetCmd                   0x0800c7ad   Thumb Code    78  stm32f4xx_rcc.o(.text)
    RCC_APB1PeriphResetCmd                   0x0800c7fb   Thumb Code    78  stm32f4xx_rcc.o(.text)
    RCC_APB2PeriphResetCmd                   0x0800c849   Thumb Code    78  stm32f4xx_rcc.o(.text)
    RCC_AHB1PeriphClockLPModeCmd             0x0800c897   Thumb Code    78  stm32f4xx_rcc.o(.text)
    RCC_AHB2PeriphClockLPModeCmd             0x0800c8e5   Thumb Code    78  stm32f4xx_rcc.o(.text)
    RCC_AHB3PeriphClockLPModeCmd             0x0800c933   Thumb Code    78  stm32f4xx_rcc.o(.text)
    RCC_APB1PeriphClockLPModeCmd             0x0800c981   Thumb Code    78  stm32f4xx_rcc.o(.text)
    RCC_APB2PeriphClockLPModeCmd             0x0800c9cf   Thumb Code    78  stm32f4xx_rcc.o(.text)
    RCC_ITConfig                             0x0800ca1d   Thumb Code   108  stm32f4xx_rcc.o(.text)
    RCC_ClearFlag                            0x0800ca89   Thumb Code    14  stm32f4xx_rcc.o(.text)
    RCC_GetITStatus                          0x0800ca97   Thumb Code    66  stm32f4xx_rcc.o(.text)
    RCC_ClearITPendingBit                    0x0800cad9   Thumb Code    32  stm32f4xx_rcc.o(.text)
    TIM_DeInit                               0x0800cb01   Thumb Code   440  stm32f4xx_tim.o(.text)
    TIM_TimeBaseInit                         0x0800ccb9   Thumb Code   278  stm32f4xx_tim.o(.text)
    TIM_TimeBaseStructInit                   0x0800cdcf   Thumb Code    18  stm32f4xx_tim.o(.text)
    TIM_PrescalerConfig                      0x0800cde1   Thumb Code   128  stm32f4xx_tim.o(.text)
    TIM_CounterModeConfig                    0x0800ce61   Thumb Code   100  stm32f4xx_tim.o(.text)
    TIM_SetCounter                           0x0800cec5   Thumb Code   164  stm32f4xx_tim.o(.text)
    TIM_SetAutoreload                        0x0800cf69   Thumb Code   106  stm32f4xx_tim.o(.text)
    TIM_GetCounter                           0x0800cfd3   Thumb Code   104  stm32f4xx_tim.o(.text)
    TIM_GetPrescaler                         0x0800d03b   Thumb Code   104  stm32f4xx_tim.o(.text)
    TIM_UpdateDisableConfig                  0x0800d0a3   Thumb Code   144  stm32f4xx_tim.o(.text)
    TIM_UpdateRequestConfig                  0x0800d133   Thumb Code   144  stm32f4xx_tim.o(.text)
    TIM_ARRPreloadConfig                     0x0800d1c3   Thumb Code   144  stm32f4xx_tim.o(.text)
    TIM_SelectOnePulseMode                   0x0800d253   Thumb Code   138  stm32f4xx_tim.o(.text)
    TIM_SetClockDivision                     0x0800d2dd   Thumb Code   190  stm32f4xx_tim.o(.text)
    TIM_Cmd                                  0x0800d39b   Thumb Code   144  stm32f4xx_tim.o(.text)
    TIM_OC1Init                              0x0800d42b   Thumb Code   400  stm32f4xx_tim.o(.text)
    TIM_OC2Init                              0x0800d5bb   Thumb Code   474  stm32f4xx_tim.o(.text)
    TIM_OC3Init                              0x0800d795   Thumb Code   400  stm32f4xx_tim.o(.text)
    TIM_OC4Init                              0x0800d925   Thumb Code   290  stm32f4xx_tim.o(.text)
    TIM_OCStructInit                         0x0800da47   Thumb Code    20  stm32f4xx_tim.o(.text)
    TIM_SelectOCxM                           0x0800da5b   Thumb Code   250  stm32f4xx_tim.o(.text)
    TIM_SetCompare1                          0x0800db55   Thumb Code   144  stm32f4xx_tim.o(.text)
    TIM_SetCompare2                          0x0800dbe5   Thumb Code    70  stm32f4xx_tim.o(.text)
    TIM_SetCompare3                          0x0800dc2b   Thumb Code    58  stm32f4xx_tim.o(.text)
    TIM_SetCompare4                          0x0800dc65   Thumb Code    58  stm32f4xx_tim.o(.text)
    TIM_ForcedOC1Config                      0x0800dc9f   Thumb Code   126  stm32f4xx_tim.o(.text)
    TIM_ForcedOC2Config                      0x0800dd1d   Thumb Code   110  stm32f4xx_tim.o(.text)
    TIM_ForcedOC3Config                      0x0800dd8b   Thumb Code    90  stm32f4xx_tim.o(.text)
    TIM_ForcedOC4Config                      0x0800dde5   Thumb Code    98  stm32f4xx_tim.o(.text)
    TIM_OC1PreloadConfig                     0x0800de47   Thumb Code   124  stm32f4xx_tim.o(.text)
    TIM_OC2PreloadConfig                     0x0800dec3   Thumb Code   108  stm32f4xx_tim.o(.text)
    TIM_OC3PreloadConfig                     0x0800df2f   Thumb Code    88  stm32f4xx_tim.o(.text)
    TIM_OC4PreloadConfig                     0x0800df87   Thumb Code   146  stm32f4xx_tim.o(.text)
    TIM_OC1FastConfig                        0x0800e019   Thumb Code   124  stm32f4xx_tim.o(.text)
    TIM_OC2FastConfig                        0x0800e095   Thumb Code   108  stm32f4xx_tim.o(.text)
    TIM_OC3FastConfig                        0x0800e101   Thumb Code    88  stm32f4xx_tim.o(.text)
    TIM_OC4FastConfig                        0x0800e159   Thumb Code    96  stm32f4xx_tim.o(.text)
    TIM_ClearOC1Ref                          0x0800e1b9   Thumb Code   124  stm32f4xx_tim.o(.text)
    TIM_ClearOC2Ref                          0x0800e235   Thumb Code   106  stm32f4xx_tim.o(.text)
    TIM_ClearOC3Ref                          0x0800e29f   Thumb Code    88  stm32f4xx_tim.o(.text)
    TIM_ClearOC4Ref                          0x0800e2f7   Thumb Code    94  stm32f4xx_tim.o(.text)
    TIM_OC1PolarityConfig                    0x0800e355   Thumb Code   124  stm32f4xx_tim.o(.text)
    TIM_OC1NPolarityConfig                   0x0800e3d1   Thumb Code   114  stm32f4xx_tim.o(.text)
    TIM_OC2PolarityConfig                    0x0800e443   Thumb Code   108  stm32f4xx_tim.o(.text)
    TIM_OC2NPolarityConfig                   0x0800e4af   Thumb Code    72  stm32f4xx_tim.o(.text)
    TIM_OC3PolarityConfig                    0x0800e4f7   Thumb Code    96  stm32f4xx_tim.o(.text)
    TIM_OC3NPolarityConfig                   0x0800e557   Thumb Code    72  stm32f4xx_tim.o(.text)
    TIM_OC4PolarityConfig                    0x0800e59f   Thumb Code    96  stm32f4xx_tim.o(.text)
    TIM_CCxCmd                               0x0800e5ff   Thumb Code   168  stm32f4xx_tim.o(.text)
    TIM_CCxNCmd                              0x0800e6a7   Thumb Code   104  stm32f4xx_tim.o(.text)
    TIM_SetIC4Prescaler                      0x0800e70f   Thumb Code   106  stm32f4xx_tim.o(.text)
    TIM_SetIC3Prescaler                      0x0800e7c9   Thumb Code   148  stm32f4xx_tim.o(.text)
    TIM_SetIC2Prescaler                      0x0800e8a5   Thumb Code   118  stm32f4xx_tim.o(.text)
    TIM_SetIC1Prescaler                      0x0800e96b   Thumb Code   134  stm32f4xx_tim.o(.text)
    TIM_ICInit                               0x0800ea2b   Thumb Code   460  stm32f4xx_tim.o(.text)
    TIM_ICStructInit                         0x0800ebf7   Thumb Code    18  stm32f4xx_tim.o(.text)
    TIM_PWMIConfig                           0x0800ec09   Thumb Code   234  stm32f4xx_tim.o(.text)
    TIM_GetCapture1                          0x0800ecf3   Thumb Code    92  stm32f4xx_tim.o(.text)
    TIM_GetCapture2                          0x0800ed4f   Thumb Code    68  stm32f4xx_tim.o(.text)
    TIM_GetCapture3                          0x0800ed93   Thumb Code    56  stm32f4xx_tim.o(.text)
    TIM_GetCapture4                          0x0800edcb   Thumb Code    56  stm32f4xx_tim.o(.text)
    TIM_BDTRConfig                           0x0800ee03   Thumb Code   222  stm32f4xx_tim.o(.text)
    TIM_BDTRStructInit                       0x0800eee1   Thumb Code    18  stm32f4xx_tim.o(.text)
    TIM_CtrlPWMOutputs                       0x0800eef3   Thumb Code    78  stm32f4xx_tim.o(.text)
    TIM_SelectCOM                            0x0800ef41   Thumb Code    72  stm32f4xx_tim.o(.text)
    TIM_CCPreloadControl                     0x0800ef89   Thumb Code    72  stm32f4xx_tim.o(.text)
    TIM_ITConfig                             0x0800efd1   Thumb Code   216  stm32f4xx_tim.o(.text)
    TIM_GenerateEvent                        0x0800f0a9   Thumb Code   126  stm32f4xx_tim.o(.text)
    TIM_GetFlagStatus                        0x0800f127   Thumb Code   188  stm32f4xx_tim.o(.text)
    TIM_ClearFlag                            0x0800f1e3   Thumb Code   108  stm32f4xx_tim.o(.text)
    TIM_GetITStatus                          0x0800f24f   Thumb Code   186  stm32f4xx_tim.o(.text)
    TIM_ClearITPendingBit                    0x0800f309   Thumb Code   108  stm32f4xx_tim.o(.text)
    TIM_DMAConfig                            0x0800f375   Thumb Code   328  stm32f4xx_tim.o(.text)
    TIM_DMACmd                               0x0800f4bd   Thumb Code   126  stm32f4xx_tim.o(.text)
    TIM_SelectCCDMA                          0x0800f53b   Thumb Code    96  stm32f4xx_tim.o(.text)
    TIM_InternalClockConfig                  0x0800f59b   Thumb Code    76  stm32f4xx_tim.o(.text)
    TIM_SelectInputTrigger                   0x0800f5e7   Thumb Code   148  stm32f4xx_tim.o(.text)
    TIM_ITRxExternalClockConfig              0x0800f67b   Thumb Code   110  stm32f4xx_tim.o(.text)
    TIM_TIxExternalClockConfig               0x0800f6e9   Thumb Code   184  stm32f4xx_tim.o(.text)
    TIM_ETRConfig                            0x0800f7a1   Thumb Code   164  stm32f4xx_tim.o(.text)
    TIM_ETRClockMode1Config                  0x0800f845   Thumb Code   228  stm32f4xx_tim.o(.text)
    TIM_ETRClockMode2Config                  0x0800f929   Thumb Code   152  stm32f4xx_tim.o(.text)
    TIM_SelectOutputTrigger                  0x0800f9c1   Thumb Code   126  stm32f4xx_tim.o(.text)
    TIM_SelectSlaveMode                      0x0800fa3f   Thumb Code   112  stm32f4xx_tim.o(.text)
    TIM_SelectMasterSlaveMode                0x0800faaf   Thumb Code   102  stm32f4xx_tim.o(.text)
    TIM_EncoderInterfaceConfig               0x0800fb15   Thumb Code   226  stm32f4xx_tim.o(.text)
    TIM_SelectHallSensor                     0x0800fbf7   Thumb Code   108  stm32f4xx_tim.o(.text)
    TIM_RemapConfig                          0x0800fc63   Thumb Code   138  stm32f4xx_tim.o(.text)
    USART_DeInit                             0x0800fced   Thumb Code   202  stm32f4xx_usart.o(.text)
    USART_Init                               0x0800fdb7   Thumb Code   456  stm32f4xx_usart.o(.text)
    USART_StructInit                         0x0800ff7f   Thumb Code    24  stm32f4xx_usart.o(.text)
    USART_ClockInit                          0x0800ff97   Thumb Code   166  stm32f4xx_usart.o(.text)
    USART_ClockStructInit                    0x0801003d   Thumb Code    12  stm32f4xx_usart.o(.text)
    USART_Cmd                                0x08010049   Thumb Code    96  stm32f4xx_usart.o(.text)
    USART_SetPrescaler                       0x080100a9   Thumb Code   102  stm32f4xx_usart.o(.text)
    USART_OverSampling8Cmd                   0x0801010f   Thumb Code    94  stm32f4xx_usart.o(.text)
    USART_OneBitMethodCmd                    0x0801016d   Thumb Code    96  stm32f4xx_usart.o(.text)
    USART_SendData                           0x080101cd   Thumb Code    80  stm32f4xx_usart.o(.text)
    USART_ReceiveData                        0x0801021d   Thumb Code    60  stm32f4xx_usart.o(.text)
    USART_SetAddress                         0x08010259   Thumb Code    88  stm32f4xx_usart.o(.text)
    USART_ReceiverWakeUpCmd                  0x080102b1   Thumb Code    96  stm32f4xx_usart.o(.text)
    USART_WakeUpConfig                       0x08010311   Thumb Code    92  stm32f4xx_usart.o(.text)
    USART_LINBreakDetectLengthConfig         0x0801036d   Thumb Code    90  stm32f4xx_usart.o(.text)
    USART_LINCmd                             0x080103c7   Thumb Code    96  stm32f4xx_usart.o(.text)
    USART_SendBreak                          0x08010427   Thumb Code    62  stm32f4xx_usart.o(.text)
    USART_HalfDuplexCmd                      0x08010465   Thumb Code    96  stm32f4xx_usart.o(.text)
    USART_SetGuardTime                       0x080104c5   Thumb Code    86  stm32f4xx_usart.o(.text)
    USART_SmartCardCmd                       0x0801051b   Thumb Code    84  stm32f4xx_usart.o(.text)
    USART_SmartCardNACKCmd                   0x0801056f   Thumb Code    84  stm32f4xx_usart.o(.text)
    USART_IrDAConfig                         0x080105c3   Thumb Code    90  stm32f4xx_usart.o(.text)
    USART_IrDACmd                            0x0801061d   Thumb Code    96  stm32f4xx_usart.o(.text)
    USART_DMACmd                             0x0801067d   Thumb Code   114  stm32f4xx_usart.o(.text)
    USART_ITConfig                           0x080106ef   Thumb Code   260  stm32f4xx_usart.o(.text)
    USART_GetFlagStatus                      0x080107f3   Thumb Code   170  stm32f4xx_usart.o(.text)
    USART_ClearFlag                          0x0801089d   Thumb Code   158  stm32f4xx_usart.o(.text)
    USART_GetITStatus                        0x0801093b   Thumb Code   278  stm32f4xx_usart.o(.text)
    USART_ClearITPendingBit                  0x08010a51   Thumb Code   164  stm32f4xx_usart.o(.text)
    __aeabi_dadd                             0x08010b11   Thumb Code   322  dadd.o(.text)
    __aeabi_dsub                             0x08010c53   Thumb Code     6  dadd.o(.text)
    __aeabi_drsub                            0x08010c59   Thumb Code     6  dadd.o(.text)
    __aeabi_dmul                             0x08010c5f   Thumb Code   228  dmul.o(.text)
    __aeabi_i2d                              0x08010d43   Thumb Code    34  dflti.o(.text)
    __aeabi_d2iz                             0x08010d65   Thumb Code    62  dfixi.o(.text)
    __aeabi_cdcmpeq                          0x08010da5   Thumb Code     0  cdcmple.o(.text)
    __aeabi_cdcmple                          0x08010da5   Thumb Code    48  cdcmple.o(.text)
    __aeabi_cdrcmple                         0x08010dd5   Thumb Code    48  cdrcmple.o(.text)
    __aeabi_d2f                              0x08010e05   Thumb Code    56  d2f.o(.text)
    __aeabi_llsl                             0x08010e3d   Thumb Code    30  llshl.o(.text)
    _ll_shift_l                              0x08010e3d   Thumb Code     0  llshl.o(.text)
    __aeabi_llsr                             0x08010e5b   Thumb Code    32  llushr.o(.text)
    _ll_ushift_r                             0x08010e5b   Thumb Code     0  llushr.o(.text)
    __aeabi_lasr                             0x08010e7b   Thumb Code    36  llsshr.o(.text)
    _ll_sshift_r                             0x08010e7b   Thumb Code     0  llsshr.o(.text)
    __I$use$fp                               0x08010e9f   Thumb Code     0  iusefp.o(.text)
    _float_round                             0x08010e9f   Thumb Code    18  fepilogue.o(.text)
    _float_epilogue                          0x08010eb1   Thumb Code    92  fepilogue.o(.text)
    _double_round                            0x08010f0d   Thumb Code    30  depilogue.o(.text)
    _double_epilogue                         0x08010f2b   Thumb Code   156  depilogue.o(.text)
    __scatterload                            0x08010fc9   Thumb Code    28  init.o(.text)
    __scatterload_rt2                        0x08010fc9   Thumb Code     0  init.o(.text)
    __decompress                             0x08010fed   Thumb Code     0  __dczerorl2.o(.text)
    __decompress1                            0x08010fed   Thumb Code    86  __dczerorl2.o(.text)
    __scatterload_copy                       0x08011043   Thumb Code    14  handlers.o(i.__scatterload_copy)
    __scatterload_null                       0x08011051   Thumb Code     2  handlers.o(i.__scatterload_null)
    __scatterload_zeroinit                   0x08011053   Thumb Code    14  handlers.o(i.__scatterload_zeroinit)
    fast_atan_table                          0x08011060   Data        1028  ano_math.o(.constdata)
    Region$$Table$$Base                      0x080116f8   Number         0  anon$$obj.o(Region$$Table)
    Region$$Table$$Limit                     0x08011718   Number         0  anon$$obj.o(Region$$Table)
    task_num                                 0x20000000   Data           4  ano_scheduler.o(.data)
    error_num                                0x20000004   Data           4  ano_scheduler.o(.data)
    fire_num                                 0x20000008   Data           4  ano_scheduler.o(.data)
    task2_num                                0x2000000c   Data           4  ano_scheduler.o(.data)
    time                                     0x20000010   Data           2  ano_scheduler.o(.data)
    error_time                               0x20000012   Data           2  ano_scheduler.o(.data)
    fire_time                                0x20000014   Data           2  ano_scheduler.o(.data)
    time2                                    0x20000016   Data           2  ano_scheduler.o(.data)
    x                                        0x20000018   Data           2  ano_scheduler.o(.data)
    y                                        0x2000001a   Data           2  ano_scheduler.o(.data)
    z                                        0x2000001c   Data           2  ano_scheduler.o(.data)
    yaw                                      0x2000001e   Data           2  ano_scheduler.o(.data)
    Height                                   0x20000020   Data           2  ano_scheduler.o(.data)
    land_time                                0x20000022   Data           2  ano_scheduler.o(.data)
    error_land_time                          0x20000024   Data           2  ano_scheduler.o(.data)
    fire_task                                0x20000026   Data           1  ano_scheduler.o(.data)
    land                                     0x20000027   Data           1  ano_scheduler.o(.data)
    led_flag                                 0x20000028   Data           1  ano_scheduler.o(.data)
    task2                                    0x2000002c   Data           4  ano_scheduler.o(.data)
    mode                                     0x20000030   Data           1  ano_scheduler.o(.data)
    yaw_init                                 0x20000034   Data           4  ano_scheduler.o(.data)
    yaw_buchang                              0x20000038   Data           1  ano_scheduler.o(.data)
    fc_bat                                   0x20000096   Data           4  ano_lx.o(.data)
    fc_att                                   0x2000009a   Data           7  ano_lx.o(.data)
    fc_vel                                   0x200000a1   Data           6  ano_lx.o(.data)
    Vx                                       0x200000b8   Data           2  lx_fc_fun.o(.data)
    Vy                                       0x200000ba   Data           2  lx_fc_fun.o(.data)
    Vz                                       0x200000bc   Data           2  lx_fc_fun.o(.data)
    Yaw                                      0x200000be   Data           2  lx_fc_fun.o(.data)
    sti_fun                                  0x200000c2   Data           2  lx_fc_state.o(.data)
    my_yaw                                   0x200000c8   Data           2  drv_bsp.o(.data)
    pvt_receive_updata                       0x200000de   Data           1  drv_ubloxgps.o(.data)
    fre_test_cnt                             0x200000e0   Data           2  drv_ubloxgps.o(.data)
    Period_Out_H                             0x200000e2   Data          14  drv_ubloxgps.o(.data)
    Period_Out_L                             0x200000f0   Data          14  drv_ubloxgps.o(.data)
    Pulse_Period                             0x200000fe   Data          28  drv_ubloxgps.o(.data)
    Baud115200                               0x2000011a   Data          28  drv_ubloxgps.o(.data)
    Save_Con                                 0x20000136   Data          21  drv_ubloxgps.o(.data)
    POLLSH_SET                               0x2000014b   Data          11  drv_ubloxgps.o(.data)
    SOL_SET                                  0x20000156   Data          11  drv_ubloxgps.o(.data)
    VELNED_SET                               0x20000161   Data          11  drv_ubloxgps.o(.data)
    TIMEUTC_SET                              0x2000016c   Data          11  drv_ubloxgps.o(.data)
    DOP_SET                                  0x20000177   Data          11  drv_ubloxgps.o(.data)
    PVT_SET                                  0x20000182   Data          11  drv_ubloxgps.o(.data)
    pvt_recerve_ok_cnt                       0x20000192   Data           1  drv_ubloxgps.o(.data)
    num                                      0x20000194   Data           4  raspi_1.o(.data)
    err_x                                    0x20000198   Data           4  raspi_1.o(.data)
    err_y                                    0x2000019c   Data           4  raspi_1.o(.data)
    uart1_rxbuff                             0x200001a6   Data           1  lanya.o(.data)
    sendBuf                                  0x200001a7   Data           7  lanya.o(.data)
    aaa                                      0x200001ae   Data           1  lanya.o(.data)
    BlueRxBuffer                             0x200001b0   Data           6  lanya.o(.data)
    x_high                                   0x200001b6   Data           1  lanya.o(.data)
    x_low                                    0x200001b7   Data           1  lanya.o(.data)
    y_high                                   0x200001b8   Data           1  lanya.o(.data)
    y_low                                    0x200001b9   Data           1  lanya.o(.data)
    ok_flag                                  0x200001ba   Data           1  lanya.o(.data)
    huowu_num                                0x200001bb   Data           1  lanya.o(.data)
    fire_flag                                0x200001bc   Data           1  lanya.o(.data)
    f_err_x                                  0x200001bd   Data           1  lanya.o(.data)
    f_err_y                                  0x200001be   Data           1  lanya.o(.data)
    led                                      0x200001d0   Data           4  drv_led.o(.data)
    uk                                       0x200001e0   Data           4  drv_uart.o(.data)
    Tx1Counter                               0x200001e4   Data           1  drv_uart.o(.data)
    count1                                   0x200001e5   Data           1  drv_uart.o(.data)
    U1RxInCnt                                0x200001e6   Data           1  drv_uart.o(.data)
    U1RxoutCnt                               0x200001e7   Data           1  drv_uart.o(.data)
    f                                        0x200001e8   Data           1  drv_uart.o(.data)
    TxCounter                                0x200001e9   Data           1  drv_uart.o(.data)
    count                                    0x200001ea   Data           1  drv_uart.o(.data)
    U2RxInCnt                                0x200001eb   Data           1  drv_uart.o(.data)
    U2RxoutCnt                               0x200001ec   Data           1  drv_uart.o(.data)
    Tx3Counter                               0x200001ed   Data           1  drv_uart.o(.data)
    count3                                   0x200001ee   Data           1  drv_uart.o(.data)
    U3RxInCnt                                0x200001ef   Data           1  drv_uart.o(.data)
    U3RxoutCnt                               0x200001f0   Data           1  drv_uart.o(.data)
    Tx4Counter                               0x200001f1   Data           1  drv_uart.o(.data)
    count4                                   0x200001f2   Data           1  drv_uart.o(.data)
    U4RxInCnt                                0x200001f3   Data           1  drv_uart.o(.data)
    U4RxoutCnt                               0x200001f4   Data           1  drv_uart.o(.data)
    Tx5Counter                               0x200001f5   Data           1  drv_uart.o(.data)
    count5                                   0x200001f6   Data           1  drv_uart.o(.data)
    U5RxInCnt                                0x200001f7   Data           1  drv_uart.o(.data)
    U5RxoutCnt                               0x200001f8   Data           1  drv_uart.o(.data)
    SystemCoreClock                          0x200001fc   Data           4  system_stm32f4xx.o(.data)
    AHBPrescTable                            0x20000200   Data          16  system_stm32f4xx.o(.data)
    send_buffer                              0x20000220   Data          50  ano_dt_lx.o(.bss)
    dt                                       0x20000254   Data        1564  ano_dt_lx.o(.bss)
    rt_tar                                   0x20000970   Data          14  ano_lx.o(.bss)
    pwm_to_esc                               0x2000097e   Data          16  ano_lx.o(.bss)
    fc_att_qua                               0x2000098e   Data           9  ano_lx.o(.bss)
    ext_sens                                 0x200009a8   Data          48  lx_fc_ext_sensor.o(.bss)
    height_PID                               0x200009d8   Data          28  lx_fc_fun.o(.bss)
    xy_PID                                   0x200009f4   Data          28  lx_fc_fun.o(.bss)
    fc_sta                                   0x20000a10   Data          11  lx_fc_state.o(.bss)
    rc_in                                    0x20000a1c   Data          82  drv_bsp.o(.bss)
    ano_of                                   0x20000a88   Data          60  drv_anoof.o(.bss)
    ubx                                      0x20000b04   Data         100  drv_ubloxgps.o(.bss)
    base_link                                0x20000b68   Data          48  raspi_1.o(.bss)
    get_base_link                            0x20000b98   Data          16  raspi_1.o(.bss)
    get_base_link_rpldar                     0x20000ba8   Data          20  raspi_1.o(.bss)
    AdcValue                                 0x20000c0a   Data         100  drv_adc.o(.bss)
    Tx1Buffer                                0x20000c6e   Data         256  drv_uart.o(.bss)
    U1RxDataTmp                              0x20000d6e   Data         100  drv_uart.o(.bss)
    TxBuffer                                 0x20000dd2   Data         256  drv_uart.o(.bss)
    U2RxDataTmp                              0x20000ed2   Data         100  drv_uart.o(.bss)
    Tx3Buffer                                0x20000f36   Data         256  drv_uart.o(.bss)
    U3RxDataTmp                              0x20001036   Data         100  drv_uart.o(.bss)
    Tx4Buffer                                0x2000109a   Data         256  drv_uart.o(.bss)
    U4RxDataTmp                              0x2000119a   Data         100  drv_uart.o(.bss)
    Tx5Buffer                                0x200011fe   Data         256  drv_uart.o(.bss)
    U5RxDataTmp                              0x200012fe   Data         100  drv_uart.o(.bss)
    __initial_sp                             0x20001b68   Data           0  startup_stm32f4xx.o(STACK)



==============================================================================

Memory Map of the image

  Image Entry point : 0x08000189

  Load Region LR_IROM1 (Base: 0x08000000, Size: 0x00011938, Max: 0x00100000, ABSOLUTE, COMPRESSED[0x000117d8])

    Execution Region ER_IROM1 (Exec base: 0x08000000, Load base: 0x08000000, Size: 0x00011718, Max: 0x00100000, ABSOLUTE)

    Exec Addr    Load Addr    Size         Type   Attr      Idx    E Section Name        Object

    0x08000000   0x08000000   0x00000188   Data   RO          628    RESET               startup_stm32f4xx.o
    0x08000188   0x08000188   0x00000000   Code   RO          861  * .ARM.Collect$$$$00000000  mc_w.l(entry.o)
    0x08000188   0x08000188   0x00000004   Code   RO          885    .ARM.Collect$$$$00000001  mc_w.l(entry2.o)
    0x0800018c   0x0800018c   0x00000004   Code   RO          888    .ARM.Collect$$$$00000004  mc_w.l(entry5.o)
    0x08000190   0x08000190   0x00000000   Code   RO          890    .ARM.Collect$$$$00000008  mc_w.l(entry7b.o)
    0x08000190   0x08000190   0x00000000   Code   RO          892    .ARM.Collect$$$$0000000A  mc_w.l(entry8b.o)
    0x08000190   0x08000190   0x00000008   Code   RO          893    .ARM.Collect$$$$0000000B  mc_w.l(entry9a.o)
    0x08000198   0x08000198   0x00000004   Code   RO          900    .ARM.Collect$$$$0000000E  mc_w.l(entry12b.o)
    0x0800019c   0x0800019c   0x00000000   Code   RO          895    .ARM.Collect$$$$0000000F  mc_w.l(entry10a.o)
    0x0800019c   0x0800019c   0x00000000   Code   RO          897    .ARM.Collect$$$$00000011  mc_w.l(entry11a.o)
    0x0800019c   0x0800019c   0x00000004   Code   RO          886    .ARM.Collect$$$$00002712  mc_w.l(entry2.o)
    0x080001a0   0x080001a0   0x00000014   Code   RO            2    .text               main.o
    0x080001b4   0x080001b4   0x000042d0   Code   RO          113    .text               ano_scheduler.o
    0x08004484   0x08004484   0x000008f4   Code   RO          181    .text               ano_dt_lx.o
    0x08004d78   0x08004d78   0x000004f8   Code   RO          220    .text               ano_lx.o
    0x08005270   0x08005270   0x000000e4   Code   RO          259    .text               lx_fc_ext_sensor.o
    0x08005354   0x08005354   0x000006b0   Code   RO          282    .text               lx_fc_fun.o
    0x08005a04   0x08005a04   0x00000284   Code   RO          305    .text               lx_fc_state.o
    0x08005c88   0x08005c88   0x0000053c   Code   RO          328    .text               drv_bsp.o
    0x080061c4   0x080061c4   0x0000087c   Code   RO          354    .text               ano_math.o
    0x08006a40   0x08006a40   0x00000340   Code   RO          373    .text               drv_anoof.o
    0x08006d80   0x08006d80   0x000003a8   Code   RO          396    .text               drv_ubloxgps.o
    0x08007128   0x08007128   0x00000178   Code   RO          416    .text               raspi_1.o
    0x080072a0   0x080072a0   0x000002b4   Code   RO          439    .text               lanya.o
    0x08007554   0x08007554   0x0000007c   Code   RO          462    .text               stm32f4xx_it.o
    0x080075d0   0x080075d0   0x00000108   Code   RO          478    .text               drv_sys.o
    0x080076d8   0x080076d8   0x00000194   Code   RO          506    .text               drv_adc.o
    0x0800786c   0x0800786c   0x00000160   Code   RO          528    .text               drv_led.o
    0x080079cc   0x080079cc   0x0000037c   Code   RO          550    .text               drv_pwmout.o
    0x08007d48   0x08007d48   0x000001e4   Code   RO          566    .text               drv_rcin.o
    0x08007f2c   0x08007f2c   0x0000019c   Code   RO          583    .text               drv_timer.o
    0x080080c8   0x080080c8   0x00000a68   Code   RO          603    .text               drv_uart.o
    0x08008b30   0x08008b30   0x00000024   Code   RO          629    .text               startup_stm32f4xx.o
    0x08008b54   0x08008b54   0x00000210   Code   RO          634    .text               system_stm32f4xx.o
    0x08008d64   0x08008d64   0x000001c0   Code   RO          656    .text               misc.o
    0x08008f24   0x08008f24   0x00000fdc   Code   RO          673    .text               stm32f4xx_adc.o
    0x08009f00   0x08009f00   0x00001368   Code   RO          690    .text               stm32f4xx_dma.o
    0x0800b268   0x0800b268   0x000002d4   Code   RO          707    .text               stm32f4xx_exti.o
    0x0800b53c   0x0800b53c   0x000008c8   Code   RO          741    .text               stm32f4xx_gpio.o
    0x0800be04   0x0800be04   0x00000cfc   Code   RO          758    .text               stm32f4xx_rcc.o
    0x0800cb00   0x0800cb00   0x000031ec   Code   RO          794    .text               stm32f4xx_tim.o
    0x0800fcec   0x0800fcec   0x00000e24   Code   RO          811    .text               stm32f4xx_usart.o
    0x08010b10   0x08010b10   0x0000014e   Code   RO          871    .text               mf_w.l(dadd.o)
    0x08010c5e   0x08010c5e   0x000000e4   Code   RO          873    .text               mf_w.l(dmul.o)
    0x08010d42   0x08010d42   0x00000022   Code   RO          875    .text               mf_w.l(dflti.o)
    0x08010d64   0x08010d64   0x0000003e   Code   RO          877    .text               mf_w.l(dfixi.o)
    0x08010da2   0x08010da2   0x00000002   PAD
    0x08010da4   0x08010da4   0x00000030   Code   RO          879    .text               mf_w.l(cdcmple.o)
    0x08010dd4   0x08010dd4   0x00000030   Code   RO          881    .text               mf_w.l(cdrcmple.o)
    0x08010e04   0x08010e04   0x00000038   Code   RO          883    .text               mf_w.l(d2f.o)
    0x08010e3c   0x08010e3c   0x0000001e   Code   RO          901    .text               mc_w.l(llshl.o)
    0x08010e5a   0x08010e5a   0x00000020   Code   RO          903    .text               mc_w.l(llushr.o)
    0x08010e7a   0x08010e7a   0x00000024   Code   RO          905    .text               mc_w.l(llsshr.o)
    0x08010e9e   0x08010e9e   0x00000000   Code   RO          907    .text               mc_w.l(iusefp.o)
    0x08010e9e   0x08010e9e   0x0000006e   Code   RO          908    .text               mf_w.l(fepilogue.o)
    0x08010f0c   0x08010f0c   0x000000ba   Code   RO          910    .text               mf_w.l(depilogue.o)
    0x08010fc6   0x08010fc6   0x00000002   PAD
    0x08010fc8   0x08010fc8   0x00000024   Code   RO          912    .text               mc_w.l(init.o)
    0x08010fec   0x08010fec   0x00000056   Code   RO          922    .text               mc_w.l(__dczerorl2.o)
    0x08011042   0x08011042   0x0000000e   Code   RO          916    i.__scatterload_copy  mc_w.l(handlers.o)
    0x08011050   0x08011050   0x00000002   Code   RO          917    i.__scatterload_null  mc_w.l(handlers.o)
    0x08011052   0x08011052   0x0000000e   Code   RO          918    i.__scatterload_zeroinit  mc_w.l(handlers.o)
    0x08011060   0x08011060   0x00000404   Data   RO          355    .constdata          ano_math.o
    0x08011464   0x08011464   0x00000048   Data   RO          657    .conststring        misc.o
    0x080114ac   0x080114ac   0x00000051   Data   RO          674    .conststring        stm32f4xx_adc.o
    0x080114fd   0x080114fd   0x00000003   PAD
    0x08011500   0x08011500   0x00000051   Data   RO          691    .conststring        stm32f4xx_dma.o
    0x08011551   0x08011551   0x00000003   PAD
    0x08011554   0x08011554   0x00000052   Data   RO          708    .conststring        stm32f4xx_exti.o
    0x080115a6   0x080115a6   0x00000002   PAD
    0x080115a8   0x080115a8   0x00000052   Data   RO          742    .conststring        stm32f4xx_gpio.o
    0x080115fa   0x080115fa   0x00000002   PAD
    0x080115fc   0x080115fc   0x00000051   Data   RO          759    .conststring        stm32f4xx_rcc.o
    0x0801164d   0x0801164d   0x00000003   PAD
    0x08011650   0x08011650   0x00000051   Data   RO          795    .conststring        stm32f4xx_tim.o
    0x080116a1   0x080116a1   0x00000003   PAD
    0x080116a4   0x080116a4   0x00000053   Data   RO          812    .conststring        stm32f4xx_usart.o
    0x080116f7   0x080116f7   0x00000001   PAD
    0x080116f8   0x080116f8   0x00000020   Data   RO          914    Region$$Table       anon$$obj.o


    Execution Region RW_IRAM1 (Exec base: 0x20000000, Load base: 0x08011718, Size: 0x00001b68, Max: 0x00020000, ABSOLUTE, COMPRESSED[0x000000c0])

    Exec Addr    Load Addr    Size         Type   Attr      Idx    E Section Name        Object

    0x20000000   COMPRESSED   0x00000090   Data   RW          114    .data               ano_scheduler.o
    0x20000090   COMPRESSED   0x00000006   Data   RW          183    .data               ano_dt_lx.o
    0x20000096   COMPRESSED   0x0000001e   Data   RW          222    .data               ano_lx.o
    0x200000b4   COMPRESSED   0x00000004   Data   RW          261    .data               lx_fc_ext_sensor.o
    0x200000b8   COMPRESSED   0x00000009   Data   RW          284    .data               lx_fc_fun.o
    0x200000c1   COMPRESSED   0x00000001   PAD
    0x200000c2   COMPRESSED   0x00000006   Data   RW          307    .data               lx_fc_state.o
    0x200000c8   COMPRESSED   0x00000013   Data   RW          330    .data               drv_bsp.o
    0x200000db   COMPRESSED   0x00000003   Data   RW          375    .data               drv_anoof.o
    0x200000de   COMPRESSED   0x000000b6   Data   RW          398    .data               drv_ubloxgps.o
    0x20000194   COMPRESSED   0x00000012   Data   RW          418    .data               raspi_1.o
    0x200001a6   COMPRESSED   0x0000001f   Data   RW          441    .data               lanya.o
    0x200001c5   COMPRESSED   0x00000003   PAD
    0x200001c8   COMPRESSED   0x00000008   Data   RW          479    .data               drv_sys.o
    0x200001d0   COMPRESSED   0x0000000c   Data   RW          529    .data               drv_led.o
    0x200001dc   COMPRESSED   0x00000004   Data   RW          567    .data               drv_rcin.o
    0x200001e0   COMPRESSED   0x00000019   Data   RW          605    .data               drv_uart.o
    0x200001f9   COMPRESSED   0x00000003   PAD
    0x200001fc   COMPRESSED   0x00000014   Data   RW          635    .data               system_stm32f4xx.o
    0x20000210   COMPRESSED   0x00000010   Data   RW          760    .data               stm32f4xx_rcc.o
    0x20000220        -       0x00000750   Zero   RW          182    .bss                ano_dt_lx.o
    0x20000970        -       0x00000038   Zero   RW          221    .bss                ano_lx.o
    0x200009a8        -       0x00000030   Zero   RW          260    .bss                lx_fc_ext_sensor.o
    0x200009d8        -       0x00000038   Zero   RW          283    .bss                lx_fc_fun.o
    0x20000a10        -       0x0000000b   Zero   RW          306    .bss                lx_fc_state.o
    0x20000a1b   COMPRESSED   0x00000001   PAD
    0x20000a1c        -       0x0000006b   Zero   RW          329    .bss                drv_bsp.o
    0x20000a87   COMPRESSED   0x00000001   PAD
    0x20000a88        -       0x0000007c   Zero   RW          374    .bss                drv_anoof.o
    0x20000b04        -       0x00000064   Zero   RW          397    .bss                drv_ubloxgps.o
    0x20000b68        -       0x00000090   Zero   RW          417    .bss                raspi_1.o
    0x20000bf8        -       0x00000012   Zero   RW          440    .bss                lanya.o
    0x20000c0a        -       0x00000064   Zero   RW          507    .bss                drv_adc.o
    0x20000c6e        -       0x000006f4   Zero   RW          604    .bss                drv_uart.o
    0x20001362   COMPRESSED   0x00000006   PAD
    0x20001368        -       0x00000800   Zero   RW          626    STACK               startup_stm32f4xx.o


==============================================================================

Image component sizes


      Code (inc. data)   RO Data    RW Data    ZI Data      Debug   Object Name

      2292        114          0          6       1872       6678   ano_dt_lx.o
      1272        118          0         30         56       5602   ano_lx.o
      2172        142       1028          0          0       7926   ano_math.o
     17104       1176          0        144          0      11157   ano_scheduler.o
       404         36          0          0        100       2053   drv_adc.o
       832         36          0          3        124       3302   drv_anoof.o
      1340         70          0         19        107       3941   drv_bsp.o
       352         16          0         12          0       2846   drv_led.o
       892         38          0          0          0       1931   drv_pwmout.o
       484         20          0          4          0       1504   drv_rcin.o
       264         12          0          8          0      20497   drv_sys.o
       412          4          0          0          0       2401   drv_timer.o
      2664        184          0         25       1780       9256   drv_uart.o
       936         82          0        182        100       3579   drv_ubloxgps.o
       692         60          0         31         18       2778   lanya.o
       228         30          0          4         48       2991   lx_fc_ext_sensor.o
      1712         64          0          9         56       6995   lx_fc_fun.o
       644         30          0          6         11       2195   lx_fc_state.o
        20          0          0          0          0     299777   main.o
       448         30         72          0          0       2397   misc.o
       376         28          0         18        144       2371   raspi_1.o
        36          8        392          0       2048       1000   startup_stm32f4xx.o
      4060        104         81          0          0      13710   stm32f4xx_adc.o
      4968        316         81          0          0       9325   stm32f4xx_dma.o
       724         14         82          0          0       3071   stm32f4xx_exti.o
      2248         86         82          0          0       5773   stm32f4xx_gpio.o
       124          4          0          0          0       2382   stm32f4xx_it.o
      3324        218         81         16          0      13971   stm32f4xx_rcc.o
     12780        628         81          0          0      31568   stm32f4xx_tim.o
      3620        116         83          0          0      10440   stm32f4xx_usart.o
       528         46          0         20          0       2367   system_stm32f4xx.o

    ----------------------------------------------------------------------
     67952       3830       2112        544       6472     495784   Object Totals
         0          0         32          0          0          0   (incl. Generated)
         0          0         17          7          8          0   (incl. Padding)

    ----------------------------------------------------------------------

      Code (inc. data)   RO Data    RW Data    ZI Data      Debug   Library Member Name

        86          0          0          0          0          0   __dczerorl2.o
         0          0          0          0          0          0   entry.o
         0          0          0          0          0          0   entry10a.o
         0          0          0          0          0          0   entry11a.o
         4          0          0          0          0          0   entry12b.o
         8          4          0          0          0          0   entry2.o
         4          0          0          0          0          0   entry5.o
         0          0          0          0          0          0   entry7b.o
         0          0          0          0          0          0   entry8b.o
         8          4          0          0          0          0   entry9a.o
        30          0          0          0          0          0   handlers.o
        36          8          0          0          0         68   init.o
         0          0          0          0          0          0   iusefp.o
        30          0          0          0          0         68   llshl.o
        36          0          0          0          0         68   llsshr.o
        32          0          0          0          0         68   llushr.o
        48          0          0          0          0         68   cdcmple.o
        48          0          0          0          0         68   cdrcmple.o
        56          0          0          0          0         88   d2f.o
       334          0          0          0          0        148   dadd.o
       186          0          0          0          0        176   depilogue.o
        62          0          0          0          0         80   dfixi.o
        34          0          0          0          0         76   dflti.o
       228          0          0          0          0         96   dmul.o
       110          0          0          0          0        168   fepilogue.o

    ----------------------------------------------------------------------
      1384         16          0          0          0       1240   Library Totals
         4          0          0          0          0          0   (incl. Padding)

    ----------------------------------------------------------------------

      Code (inc. data)   RO Data    RW Data    ZI Data      Debug   Library Name

       274         16          0          0          0        272   mc_w.l
      1106          0          0          0          0        968   mf_w.l

    ----------------------------------------------------------------------
      1384         16          0          0          0       1240   Library Totals

    ----------------------------------------------------------------------

==============================================================================


      Code (inc. data)   RO Data    RW Data    ZI Data      Debug   

     69336       3846       2112        544       6472     491236   Grand Totals
     69336       3846       2112        192       6472     491236   ELF Image Totals (compressed)
     69336       3846       2112        192          0          0   ROM Totals

==============================================================================

    Total RO  Size (Code + RO Data)                71448 (  69.77kB)
    Total RW  Size (RW Data + ZI Data)              7016 (   6.85kB)
    Total ROM Size (Code + RO Data + RW Data)      71640 (  69.96kB)

==============================================================================

